******************************************************************************
             TMS320C2000 Linker PC v6.4.10                     
******************************************************************************
>> Linked Fri Sep 09 09:27:08 2016

OUTPUT FILE NAME:   <13kW_cpu01.out>
ENTRY POINT SYMBOL: "_c_int00"  address: 000094eb


MEMORY CONFIGURATION

         name            origin    length      used     unused   attr    fill
----------------------  --------  ---------  --------  --------  ----  --------
PAGE 0:
  BEGIN                 00000000   00000002  00000002  00000000  RWIX
  RAMM0                 00000122   000002de  000002da  00000004  RWIX
  RAMLS0                00008000   00000800  000007f9  00000007  RWIX
  RAMLS1                00008800   00000800  000007ff  00000001  RWIX
  RAMLS2                00009000   00000800  000005d1  0000022f  RWIX
  RAMLS3                00009800   00000800  00000000  00000800  RWIX
  RAMLS4                0000a000   00000800  00000000  00000800  RWIX
  RAMD0                 0000b000   00000800  000007fe  00000002  RWIX
  RESET                 003fffc0   00000002  00000000  00000002  RWIX

PAGE 1:
  BOOT_RSVD             00000002   00000120  00000000  00000120  RWIX
  RAMM1                 00000400   00000400  00000400  00000000  RWIX
  ADCA_RESULT           00000b00   00000020  00000018  00000008  RWIX
  ADCB_RESULT           00000b20   00000020  00000018  00000008  RWIX
  ADCC_RESULT           00000b40   00000020  00000018  00000008  RWIX
  ADCD_RESULT           00000b60   00000020  00000018  00000008  RWIX
  CPU_TIMER0            00000c00   00000008  00000008  00000000  RWIX
  CPU_TIMER1            00000c08   00000008  00000008  00000000  RWIX
  CPU_TIMER2            00000c10   00000008  00000008  00000000  RWIX
  PIE_CTRL              00000ce0   00000020  0000001a  00000006  RWIX
  PIE_VECT              00000d00   00000200  000001c0  00000040  RWIX
  DMA                   00001000   00000200  000000e0  00000120  RWIX
  CLA1                  00001400   00000040  0000003e  00000002  RWIX
  EPWM1                 00004000   00000100  00000100  00000000  RWIX
  EPWM2                 00004100   00000100  00000100  00000000  RWIX
  EPWM3                 00004200   00000100  00000100  00000000  RWIX
  EPWM4                 00004300   00000100  00000100  00000000  RWIX
  EPWM5                 00004400   00000100  00000100  00000000  RWIX
  EPWM6                 00004500   00000100  00000100  00000000  RWIX
  EPWM7                 00004600   00000100  00000100  00000000  RWIX
  EPWM8                 00004700   00000100  00000100  00000000  RWIX
  EPWM9                 00004800   00000100  00000100  00000000  RWIX
  EPWM10                00004900   00000100  00000100  00000000  RWIX
  EPWM11                00004a00   00000100  00000100  00000000  RWIX
  EPWM12                00004b00   00000100  00000100  00000000  RWIX
  ECAP1                 00005000   00000020  00000020  00000000  RWIX
  ECAP2                 00005020   00000020  00000020  00000000  RWIX
  ECAP3                 00005040   00000020  00000020  00000000  RWIX
  ECAP4                 00005060   00000020  00000020  00000000  RWIX
  ECAP5                 00005080   00000020  00000020  00000000  RWIX
  ECAP6                 000050a0   00000020  00000020  00000000  RWIX
  EQEP1                 00005100   00000040  00000022  0000001e  RWIX
  EQEP2                 00005140   00000040  00000022  0000001e  RWIX
  EQEP3                 00005180   00000040  00000022  0000001e  RWIX
  DACA                  00005c00   00000010  00000008  00000008  RWIX
  DACB                  00005c10   00000010  00000008  00000008  RWIX
  DACC                  00005c20   00000010  00000008  00000008  RWIX
  CMPSS1                00005c80   00000020  00000020  00000000  RWIX
  CMPSS2                00005ca0   00000020  00000020  00000000  RWIX
  CMPSS3                00005cc0   00000020  00000020  00000000  RWIX
  CMPSS4                00005ce0   00000020  00000020  00000000  RWIX
  CMPSS5                00005d00   00000020  00000020  00000000  RWIX
  CMPSS6                00005d20   00000020  00000020  00000000  RWIX
  CMPSS7                00005d40   00000020  00000020  00000000  RWIX
  CMPSS8                00005d60   00000020  00000020  00000000  RWIX
  SDFM1                 00005e00   00000080  00000080  00000000  RWIX
  SDFM2                 00005e80   00000080  00000080  00000000  RWIX
  MCBSPA                00006000   00000040  00000024  0000001c  RWIX
  MCBSPB                00006040   00000040  00000024  0000001c  RWIX
  SPIA                  00006100   00000010  00000010  00000000  RWIX
  SPIB                  00006110   00000010  00000010  00000000  RWIX
  SPIC                  00006120   00000010  00000010  00000000  RWIX
  SPID                  00006130   00000010  00000000  00000010  RWIX
  UPP                   00006200   00000100  00000048  000000b8  RWIX
  WD                    00007000   00000040  0000002b  00000015  RWIX
  NMIINTRUPT            00007060   00000010  00000007  00000009  RWIX
  XINT                  00007070   00000010  0000000b  00000005  RWIX
  SCIA                  00007200   00000010  00000010  00000000  RWIX
  SCIB                  00007210   00000010  00000010  00000000  RWIX
  SCIC                  00007220   00000010  00000010  00000000  RWIX
  SCID                  00007230   00000010  00000010  00000000  RWIX
  I2CA                  00007300   00000040  00000022  0000001e  RWIX
  I2CB                  00007340   00000040  00000022  0000001e  RWIX
  ADCA                  00007400   00000080  00000080  00000000  RWIX
  ADCB                  00007480   00000080  00000080  00000000  RWIX
  ADCC                  00007500   00000080  00000080  00000000  RWIX
  ADCD                  00007580   00000080  00000080  00000000  RWIX
  INPUT_XBAR            00007900   00000020  00000020  00000000  RWIX
  XBAR                  00007920   00000020  00000020  00000000  RWIX
  SYNC_SOC              00007940   00000010  00000006  0000000a  RWIX
  DMACLASRCSEL          00007980   00000040  0000001a  00000026  RWIX
  EPWM_XBAR             00007a00   00000040  00000040  00000000  RWIX
  CLB_XBAR              00007a40   00000040  00000000  00000040  RWIX
  OUTPUT_XBAR           00007a80   00000040  00000040  00000000  RWIX
  GPIOCTRL              00007c00   00000180  00000180  00000000  RWIX
  GPIODAT               00007f00   00000030  00000030  00000000  RWIX
  RAMLS5                0000a800   00000800  000004ce  00000332  RWIX
  RAMD1                 0000b800   00000800  00000000  00000800  RWIX
  RAMGS0                0000c000   00001000  00000000  00001000  RWIX
  RAMGS1                0000d000   00001000  00000000  00001000  RWIX
  RAMGS2                0000e000   00001000  00000000  00001000  RWIX
  RAMGS3                0000f000   00001000  00000000  00001000  RWIX
  RAMGS4                00010000   00001000  00000000  00001000  RWIX
  RAMGS5                00011000   00001000  00000000  00001000  RWIX
  RAMGS6                00012000   00001000  00000000  00001000  RWIX
  RAMGS7                00013000   00001000  00000000  00001000  RWIX
  RAMGS8                00014000   00001000  00000000  00001000  RWIX
  RAMGS9                00015000   00001000  00000000  00001000  RWIX
  RAMGS10               00016000   00001000  00000000  00001000  RWIX
  RAMGS11               00017000   00001000  00000000  00001000  RWIX
  RAMGS12               00018000   00001000  00000000  00001000  RWIX
  RAMGS13               00019000   00001000  00000000  00001000  RWIX
  RAMGS14               0001a000   00001000  00000000  00001000  RWIX
  RAMGS15               0001b000   00001000  00000000  00001000  RWIX
  CPU2TOCPU1RAM         0003f800   00000400  00000000  00000400  RWIX
  CPU1TOCPU2RAM         0003fc00   00000400  00000088  00000378  RWIX
  EMIF1                 00047000   00000800  00000070  00000790  RWIX
  EMIF2                 00047800   00000800  00000070  00000790  RWIX
  CANA_MSG_RAM          00049000   00000800  00000000  00000800  RWIX
  CANB_MSG_RAM          0004b000   00000800  00000000  00000800  RWIX
  IPC                   00050000   00000024  00000024  00000000  RWIX
  FLASHPUMPSEMAPHORE    00050024   00000002  00000002  00000000  RWIX
  DEV_CFG               0005d000   00000180  0000012e  00000052  RWIX
  ANALOG_SUBSYS         0005d180   00000080  00000048  00000038  RWIX
  CLK_CFG               0005d200   00000100  00000032  000000ce  RWIX
  CPU_SYS               0005d300   00000100  00000082  0000007e  RWIX
  ROMPREFETCH           0005e608   00000002  00000002  00000000  RWIX
  DCSM_Z1               0005f000   00000030  00000024  0000000c  RWIX
  DCSM_Z2               0005f040   00000030  00000024  0000000c  RWIX
  DCSM_COMMON           0005f070   00000010  00000008  00000008  RWIX
  MEMCFG                0005f400   00000080  00000080  00000000  RWIX
  EMIF1CONFIG           0005f480   00000020  00000020  00000000  RWIX
  EMIF2CONFIG           0005f4a0   00000020  00000020  00000000  RWIX
  ACCESSPROTECTION      0005f4c0   00000040  00000040  00000000  RWIX
  MEMORYERROR           0005f500   00000040  00000040  00000000  RWIX
  ROMWAITSTATE          0005f540   00000002  00000002  00000000  RWIX
  FLASH0_CTRL           0005f800   00000300  00000182  0000017e  RWIX
  FLASH0_ECC            0005fb00   00000040  00000028  00000018  RWIX
  DCSM_Z1_OTP           00078000   00000020  00000020  00000000  RWIX
  DCSM_Z2_OTP           00078200   00000020  00000020  00000000  RWIX


SECTION ALLOCATION MAP

 output                                  attributes/
section   page    origin      length       input sections
--------  ----  ----------  ----------   ----------------
codestart 
*          0    00000000    00000002     
                  00000000    00000002     F2837xD_CodeStartBranch.obj (codestart)

.cinit     0    00000000    000003fa     FAILED TO ALLOCATE
ramfuncs   0    00000122    00000004     
                  00000122    00000004     F2837xD_usDelay.obj (ramfuncs)

.pinit     0    00000122    00000000     UNINITIALIZED

.reset     0    003fffc0    00000002     DSECT
                  003fffc0    00000002     rts2800_fpu32.lib : boot.obj (.reset)

.text.1    0    00000000    00001067     FAILED TO ALLOCATE
.text.2    0    00000126    000002d6     
                  00000126    000002cd     F2837xD_SysCtrl.obj (.text)
                  000003f3    00000009     rts2800_fpu32.lib : _lock.obj (.text)

.text.3    0    00008000    000007f9     
                  00008000    000005b7     F2837xD_Sci.obj (.text)
                  000085b7    000000fd     AD2S1210.obj (.text)
                  000086b4    000000c9     rts2800_fpu32.lib : atan2.obj (.text)
                  0000877d    0000007c     F2837xD_CpuTimers.obj (.text)

.text.4    0    00008800    000007ff     
                  00008800    000004a8     F2837xD_Adc.obj (.text)
                  00008ca8    000002ae     F2837xD_Gpio.obj (.text)
                  00008f56    00000088     rts2800_fpu32.lib : fs_div.obj (.text)
                  00008fde    00000019                       : args_main.obj (.text)
                  00008ff7    00000008     F2837xD_CodeStartBranch.obj (.text)

.text.5    0    00009000    000005d1     
                  00009000    00000367     absolute_encoder.obj (.text)
                  00009367    00000067     F2837xD_Spi.obj (.text)
                  000093ce    00000064     main1.obj (.text:retain)
                  00009432    00000061     rts2800_fpu32.lib : cos.obj (.text)
                  00009493    00000058                       : sin.obj (.text)
                  000094eb    00000046                       : boot.obj (.text)
                  00009531    00000031     F2837xD_PieCtrl.obj (.text)
                  00009562    00000028     F2837xD_PieVect.obj (.text)
                  0000958a    00000019     rts2800_fpu32.lib : exit.obj (.text)
                  000095a3    00000018                       : ll_aox.obj (.text)
                  000095bb    00000016                       : frexp.obj (.text)

.text.6    0    0000b000    000007fe     
                  0000b000    00000614     F2837xD_DefaultISR.obj (.text:retain)
                  0000b614    000001c5     F2837xD_EPwm.obj (.text)
                  0000b7d9    00000001     --HOLE-- [fill = 0]
                  0000b7da    00000024     rts2800_fpu32.lib : sqrt.obj (.text)

.stack     1    00000400    00000400     UNINITIALIZED
                  00000400    00000400     --HOLE--

AdcaResultFile 
*          1    00000b00    00000018     UNINITIALIZED
                  00000b00    00000018     F2837xD_GlobalVariableDefs.obj (AdcaResultFile)

AdcbResultFile 
*          1    00000b20    00000018     UNINITIALIZED
                  00000b20    00000018     F2837xD_GlobalVariableDefs.obj (AdcbResultFile)

AdccResultFile 
*          1    00000b40    00000018     UNINITIALIZED
                  00000b40    00000018     F2837xD_GlobalVariableDefs.obj (AdccResultFile)

AdcdResultFile 
*          1    00000b60    00000018     UNINITIALIZED
                  00000b60    00000018     F2837xD_GlobalVariableDefs.obj (AdcdResultFile)

CpuTimer0RegsFile 
*          1    00000c00    00000008     UNINITIALIZED
                  00000c00    00000008     F2837xD_GlobalVariableDefs.obj (CpuTimer0RegsFile)

CpuTimer1RegsFile 
*          1    00000c08    00000008     UNINITIALIZED
                  00000c08    00000008     F2837xD_GlobalVariableDefs.obj (CpuTimer1RegsFile)

CpuTimer2RegsFile 
*          1    00000c10    00000008     UNINITIALIZED
                  00000c10    00000008     F2837xD_GlobalVariableDefs.obj (CpuTimer2RegsFile)

PieCtrlRegsFile 
*          1    00000ce0    0000001a     UNINITIALIZED
                  00000ce0    0000001a     F2837xD_GlobalVariableDefs.obj (PieCtrlRegsFile)

PieVectTableFile 
*          1    00000d00    000001c0     UNINITIALIZED
                  00000d00    000001c0     F2837xD_GlobalVariableDefs.obj (PieVectTableFile)

EmuKeyVar 
*          1    00000d00    00000001     UNINITIALIZED
                  00000d00    00000001     F2837xD_GlobalVariableDefs.obj (EmuKeyVar)

EmuBModeVar 
*          1    00000d01    00000001     UNINITIALIZED
                  00000d01    00000001     F2837xD_GlobalVariableDefs.obj (EmuBModeVar)

FlashCallbackVar 
*          1    00000d02    00000000     UNINITIALIZED

FlashScalingVar 
*          1    00000d02    00000000     UNINITIALIZED

DmaRegsFile 
*          1    00001000    000000e0     UNINITIALIZED
                  00001000    000000e0     F2837xD_GlobalVariableDefs.obj (DmaRegsFile)

Cla1RegsFile 
*          1    00001400    0000003e     UNINITIALIZED
                  00001400    0000003e     F2837xD_GlobalVariableDefs.obj (Cla1RegsFile)

EPwm1RegsFile 
*          1    00004000    00000100     UNINITIALIZED
                  00004000    00000100     F2837xD_GlobalVariableDefs.obj (EPwm1RegsFile)

EPwm2RegsFile 
*          1    00004100    00000100     UNINITIALIZED
                  00004100    00000100     F2837xD_GlobalVariableDefs.obj (EPwm2RegsFile)

EPwm3RegsFile 
*          1    00004200    00000100     UNINITIALIZED
                  00004200    00000100     F2837xD_GlobalVariableDefs.obj (EPwm3RegsFile)

EPwm4RegsFile 
*          1    00004300    00000100     UNINITIALIZED
                  00004300    00000100     F2837xD_GlobalVariableDefs.obj (EPwm4RegsFile)

EPwm5RegsFile 
*          1    00004400    00000100     UNINITIALIZED
                  00004400    00000100     F2837xD_GlobalVariableDefs.obj (EPwm5RegsFile)

EPwm6RegsFile 
*          1    00004500    00000100     UNINITIALIZED
                  00004500    00000100     F2837xD_GlobalVariableDefs.obj (EPwm6RegsFile)

EPwm7RegsFile 
*          1    00004600    00000100     UNINITIALIZED
                  00004600    00000100     F2837xD_GlobalVariableDefs.obj (EPwm7RegsFile)

EPwm8RegsFile 
*          1    00004700    00000100     UNINITIALIZED
                  00004700    00000100     F2837xD_GlobalVariableDefs.obj (EPwm8RegsFile)

EPwm9RegsFile 
*          1    00004800    00000100     UNINITIALIZED
                  00004800    00000100     F2837xD_GlobalVariableDefs.obj (EPwm9RegsFile)

EPwm10RegsFile 
*          1    00004900    00000100     UNINITIALIZED
                  00004900    00000100     F2837xD_GlobalVariableDefs.obj (EPwm10RegsFile)

EPwm11RegsFile 
*          1    00004a00    00000100     UNINITIALIZED
                  00004a00    00000100     F2837xD_GlobalVariableDefs.obj (EPwm11RegsFile)

EPwm12RegsFile 
*          1    00004b00    00000100     UNINITIALIZED
                  00004b00    00000100     F2837xD_GlobalVariableDefs.obj (EPwm12RegsFile)

ECap1RegsFile 
*          1    00005000    00000020     UNINITIALIZED
                  00005000    00000020     F2837xD_GlobalVariableDefs.obj (ECap1RegsFile)

ECap2RegsFile 
*          1    00005020    00000020     UNINITIALIZED
                  00005020    00000020     F2837xD_GlobalVariableDefs.obj (ECap2RegsFile)

ECap3RegsFile 
*          1    00005040    00000020     UNINITIALIZED
                  00005040    00000020     F2837xD_GlobalVariableDefs.obj (ECap3RegsFile)

ECap4RegsFile 
*          1    00005060    00000020     UNINITIALIZED
                  00005060    00000020     F2837xD_GlobalVariableDefs.obj (ECap4RegsFile)

ECap5RegsFile 
*          1    00005080    00000020     UNINITIALIZED
                  00005080    00000020     F2837xD_GlobalVariableDefs.obj (ECap5RegsFile)

ECap6RegsFile 
*          1    000050a0    00000020     UNINITIALIZED
                  000050a0    00000020     F2837xD_GlobalVariableDefs.obj (ECap6RegsFile)

EQep1RegsFile 
*          1    00005100    00000022     UNINITIALIZED
                  00005100    00000022     F2837xD_GlobalVariableDefs.obj (EQep1RegsFile)

EQep2RegsFile 
*          1    00005140    00000022     UNINITIALIZED
                  00005140    00000022     F2837xD_GlobalVariableDefs.obj (EQep2RegsFile)

EQep3RegsFile 
*          1    00005180    00000022     UNINITIALIZED
                  00005180    00000022     F2837xD_GlobalVariableDefs.obj (EQep3RegsFile)

DacaRegsFile 
*          1    00005c00    00000008     UNINITIALIZED
                  00005c00    00000008     F2837xD_GlobalVariableDefs.obj (DacaRegsFile)

DacbRegsFile 
*          1    00005c10    00000008     UNINITIALIZED
                  00005c10    00000008     F2837xD_GlobalVariableDefs.obj (DacbRegsFile)

DaccRegsFile 
*          1    00005c20    00000008     UNINITIALIZED
                  00005c20    00000008     F2837xD_GlobalVariableDefs.obj (DaccRegsFile)

Cmpss1RegsFile 
*          1    00005c80    00000020     UNINITIALIZED
                  00005c80    00000020     F2837xD_GlobalVariableDefs.obj (Cmpss1RegsFile)

Cmpss2RegsFile 
*          1    00005ca0    00000020     UNINITIALIZED
                  00005ca0    00000020     F2837xD_GlobalVariableDefs.obj (Cmpss2RegsFile)

Cmpss3RegsFile 
*          1    00005cc0    00000020     UNINITIALIZED
                  00005cc0    00000020     F2837xD_GlobalVariableDefs.obj (Cmpss3RegsFile)

Cmpss4RegsFile 
*          1    00005ce0    00000020     UNINITIALIZED
                  00005ce0    00000020     F2837xD_GlobalVariableDefs.obj (Cmpss4RegsFile)

Cmpss5RegsFile 
*          1    00005d00    00000020     UNINITIALIZED
                  00005d00    00000020     F2837xD_GlobalVariableDefs.obj (Cmpss5RegsFile)

Cmpss6RegsFile 
*          1    00005d20    00000020     UNINITIALIZED
                  00005d20    00000020     F2837xD_GlobalVariableDefs.obj (Cmpss6RegsFile)

Cmpss7RegsFile 
*          1    00005d40    00000020     UNINITIALIZED
                  00005d40    00000020     F2837xD_GlobalVariableDefs.obj (Cmpss7RegsFile)

Cmpss8RegsFile 
*          1    00005d60    00000020     UNINITIALIZED
                  00005d60    00000020     F2837xD_GlobalVariableDefs.obj (Cmpss8RegsFile)

Sdfm1RegsFile 
*          1    00005e00    00000080     UNINITIALIZED
                  00005e00    00000080     F2837xD_GlobalVariableDefs.obj (Sdfm1RegsFile)

Sdfm2RegsFile 
*          1    00005e80    00000080     UNINITIALIZED
                  00005e80    00000080     F2837xD_GlobalVariableDefs.obj (Sdfm2RegsFile)

McbspaRegsFile 
*          1    00006000    00000024     UNINITIALIZED
                  00006000    00000024     F2837xD_GlobalVariableDefs.obj (McbspaRegsFile)

McbspbRegsFile 
*          1    00006040    00000024     UNINITIALIZED
                  00006040    00000024     F2837xD_GlobalVariableDefs.obj (McbspbRegsFile)

SpiaRegsFile 
*          1    00006100    00000010     UNINITIALIZED
                  00006100    00000010     F2837xD_GlobalVariableDefs.obj (SpiaRegsFile)

SpibRegsFile 
*          1    00006110    00000010     UNINITIALIZED
                  00006110    00000010     F2837xD_GlobalVariableDefs.obj (SpibRegsFile)

SpicRegsFile 
*          1    00006120    00000010     UNINITIALIZED
                  00006120    00000010     F2837xD_GlobalVariableDefs.obj (SpicRegsFile)

UppRegsFile 
*          1    00006200    00000048     UNINITIALIZED
                  00006200    00000048     F2837xD_GlobalVariableDefs.obj (UppRegsFile)

WdRegsFile 
*          1    00007000    0000002b     UNINITIALIZED
                  00007000    0000002b     F2837xD_GlobalVariableDefs.obj (WdRegsFile)

NmiIntruptRegsFile 
*          1    00007060    00000007     UNINITIALIZED
                  00007060    00000007     F2837xD_GlobalVariableDefs.obj (NmiIntruptRegsFile)

XintRegsFile 
*          1    00007070    0000000b     UNINITIALIZED
                  00007070    0000000b     F2837xD_GlobalVariableDefs.obj (XintRegsFile)

SciaRegsFile 
*          1    00007200    00000010     UNINITIALIZED
                  00007200    00000010     F2837xD_GlobalVariableDefs.obj (SciaRegsFile)

ScibRegsFile 
*          1    00007210    00000010     UNINITIALIZED
                  00007210    00000010     F2837xD_GlobalVariableDefs.obj (ScibRegsFile)

ScicRegsFile 
*          1    00007220    00000010     UNINITIALIZED
                  00007220    00000010     F2837xD_GlobalVariableDefs.obj (ScicRegsFile)

ScidRegsFile 
*          1    00007230    00000010     UNINITIALIZED
                  00007230    00000010     F2837xD_GlobalVariableDefs.obj (ScidRegsFile)

I2caRegsFile 
*          1    00007300    00000022     UNINITIALIZED
                  00007300    00000022     F2837xD_GlobalVariableDefs.obj (I2caRegsFile)

I2cbRegsFile 
*          1    00007340    00000022     UNINITIALIZED
                  00007340    00000022     F2837xD_GlobalVariableDefs.obj (I2cbRegsFile)

AdcaRegsFile 
*          1    00007400    00000080     UNINITIALIZED
                  00007400    00000080     F2837xD_GlobalVariableDefs.obj (AdcaRegsFile)

AdcbRegsFile 
*          1    00007480    00000080     UNINITIALIZED
                  00007480    00000080     F2837xD_GlobalVariableDefs.obj (AdcbRegsFile)

AdccRegsFile 
*          1    00007500    00000080     UNINITIALIZED
                  00007500    00000080     F2837xD_GlobalVariableDefs.obj (AdccRegsFile)

AdcdRegsFile 
*          1    00007580    00000080     UNINITIALIZED
                  00007580    00000080     F2837xD_GlobalVariableDefs.obj (AdcdRegsFile)

InputXbarRegsFile 
*          1    00007900    00000020     UNINITIALIZED
                  00007900    00000020     F2837xD_GlobalVariableDefs.obj (InputXbarRegsFile)

XbarRegsFile 
*          1    00007920    00000020     UNINITIALIZED
                  00007920    00000020     F2837xD_GlobalVariableDefs.obj (XbarRegsFile)

SyncSocRegsFile 
*          1    00007940    00000006     UNINITIALIZED
                  00007940    00000006     F2837xD_GlobalVariableDefs.obj (SyncSocRegsFile)

DmaClaSrcSelRegsFile 
*          1    00007980    0000001a     UNINITIALIZED
                  00007980    0000001a     F2837xD_GlobalVariableDefs.obj (DmaClaSrcSelRegsFile)

EPwmXbarRegsFile 
*          1    00007a00    00000040     UNINITIALIZED
                  00007a00    00000040     F2837xD_GlobalVariableDefs.obj (EPwmXbarRegsFile)

OutputXbarRegsFile 
*          1    00007a80    00000040     UNINITIALIZED
                  00007a80    00000040     F2837xD_GlobalVariableDefs.obj (OutputXbarRegsFile)

GpioCtrlRegsFile 
*          1    00007c00    00000180     UNINITIALIZED
                  00007c00    00000180     F2837xD_GlobalVariableDefs.obj (GpioCtrlRegsFile)

GpioDataRegsFile 
*          1    00007f00    00000030     UNINITIALIZED
                  00007f00    00000030     F2837xD_GlobalVariableDefs.obj (GpioDataRegsFile)

.ebss      1    0000a800    00000300     UNINITIALIZED
                  0000a800    0000017c     main1.obj (.ebss)
                  0000a97c    00000004     AD2S1210.obj (.ebss)
                  0000a980    00000080     F2837xD_Sci.obj (.ebss)
                  0000aa00    00000078     F2837xD_struct.obj (.ebss)
                  0000aa78    00000004     rts2800_fpu32.lib : exit.obj (.ebss)
                  0000aa7c    00000002                       : _lock.obj (.ebss:__lock)
                  0000aa7e    00000002                       : _lock.obj (.ebss:__unlock)
                  0000aa80    0000003e     absolute_encoder.obj (.ebss)
                  0000aabe    00000001     rts2800_fpu32.lib : errno.obj (.ebss)
                  0000aabf    00000001     --HOLE--
                  0000aac0    00000028     F2837xD_Adc.obj (.ebss)
                  0000aae8    00000018     F2837xD_CpuTimers.obj (.ebss)

.econst    1    0000ab00    000001ce     
                  0000ab00    000001c0     F2837xD_PieVect.obj (.econst)
                  0000acc0    00000008     rts2800_fpu32.lib : atan2.obj (.econst:_a$1)
                  0000acc8    00000006     main1.obj (.econst)

PUTBUFFER 
*          1    0003fc00    00000080     UNINITIALIZED
                  0003fc00    00000080     F2837xD_Ipc_Driver.obj (PUTBUFFER)

PUTWRITEIDX 
*          1    0003fc80    00000004     UNINITIALIZED
                  0003fc80    00000004     F2837xD_Ipc_Driver.obj (PUTWRITEIDX)

GETREADIDX 
*          1    0003fc84    00000004     UNINITIALIZED
                  0003fc84    00000004     F2837xD_Ipc_Driver.obj (GETREADIDX)

GETBUFFER 
*          0    0003f800    00000080     DSECT
                  0003f800    00000080     F2837xD_Ipc_Driver.obj (GETBUFFER)

GETWRITEIDX 
*          0    0003f880    00000004     DSECT
                  0003f880    00000004     F2837xD_Ipc_Driver.obj (GETWRITEIDX)

PUTREADIDX 
*          0    0003f884    00000004     DSECT
                  0003f884    00000004     F2837xD_Ipc_Driver.obj (PUTREADIDX)

AnalogSubsysRegsFile 
*          1    0005d180    00000048     UNINITIALIZED
                  0005d180    00000048     F2837xD_GlobalVariableDefs.obj (AnalogSubsysRegsFile)

Cla1SoftIntRegsFile 
*          1    00000ce0    00000004     DSECT
                  00000ce0    00000004     F2837xD_GlobalVariableDefs.obj (Cla1SoftIntRegsFile)

Emif1RegsFile 
*          1    00047000    00000070     UNINITIALIZED
                  00047000    00000070     F2837xD_GlobalVariableDefs.obj (Emif1RegsFile)

Emif2RegsFile 
*          1    00047800    00000070     UNINITIALIZED
                  00047800    00000070     F2837xD_GlobalVariableDefs.obj (Emif2RegsFile)

IpcRegsFile 
*          1    00050000    00000024     UNINITIALIZED
                  00050000    00000024     F2837xD_GlobalVariableDefs.obj (IpcRegsFile)

FlashPumpSemaphoreRegsFile 
*          1    00050024    00000002     UNINITIALIZED
                  00050024    00000002     F2837xD_GlobalVariableDefs.obj (FlashPumpSemaphoreRegsFile)

DevCfgRegsFile 
*          1    0005d000    0000012e     UNINITIALIZED
                  0005d000    0000012e     F2837xD_GlobalVariableDefs.obj (DevCfgRegsFile)

ClkCfgRegsFile 
*          1    0005d200    00000032     UNINITIALIZED
                  0005d200    00000032     F2837xD_GlobalVariableDefs.obj (ClkCfgRegsFile)

CpuSysRegsFile 
*          1    0005d300    00000082     UNINITIALIZED
                  0005d300    00000082     F2837xD_GlobalVariableDefs.obj (CpuSysRegsFile)

RomPrefetchRegsFile 
*          1    0005e608    00000002     UNINITIALIZED
                  0005e608    00000002     F2837xD_GlobalVariableDefs.obj (RomPrefetchRegsFile)

DcsmZ1RegsFile 
*          1    0005f000    00000024     UNINITIALIZED
                  0005f000    00000024     F2837xD_GlobalVariableDefs.obj (DcsmZ1RegsFile)

DcsmZ2RegsFile 
*          1    0005f040    00000024     UNINITIALIZED
                  0005f040    00000024     F2837xD_GlobalVariableDefs.obj (DcsmZ2RegsFile)

DcsmCommonRegsFile 
*          1    0005f070    00000008     UNINITIALIZED
                  0005f070    00000008     F2837xD_GlobalVariableDefs.obj (DcsmCommonRegsFile)

MemCfgRegsFile 
*          1    0005f400    00000080     UNINITIALIZED
                  0005f400    00000080     F2837xD_GlobalVariableDefs.obj (MemCfgRegsFile)

Emif1ConfigRegsFile 
*          1    0005f480    00000020     UNINITIALIZED
                  0005f480    00000020     F2837xD_GlobalVariableDefs.obj (Emif1ConfigRegsFile)

Emif2ConfigRegsFile 
*          1    0005f4a0    00000020     UNINITIALIZED
                  0005f4a0    00000020     F2837xD_GlobalVariableDefs.obj (Emif2ConfigRegsFile)

AccessProtectionRegsFile 
*          1    0005f4c0    00000040     UNINITIALIZED
                  0005f4c0    00000040     F2837xD_GlobalVariableDefs.obj (AccessProtectionRegsFile)

MemoryErrorRegsFile 
*          1    0005f500    00000040     UNINITIALIZED
                  0005f500    00000040     F2837xD_GlobalVariableDefs.obj (MemoryErrorRegsFile)

RomWaitStateRegsFile 
*          1    0005f540    00000002     UNINITIALIZED
                  0005f540    00000002     F2837xD_GlobalVariableDefs.obj (RomWaitStateRegsFile)

Flash0CtrlRegsFile 
*          1    0005f800    00000182     UNINITIALIZED
                  0005f800    00000182     F2837xD_GlobalVariableDefs.obj (Flash0CtrlRegsFile)

Flash0EccRegsFile 
*          1    0005fb00    00000028     UNINITIALIZED
                  0005fb00    00000028     F2837xD_GlobalVariableDefs.obj (Flash0EccRegsFile)

DcsmZ1OtpFile 
*          1    00078000    00000020     NOLOAD SECTION
                  00078000    00000020     F2837xD_GlobalVariableDefs.obj (DcsmZ1OtpFile)

DcsmZ2OtpFile 
*          1    00078200    00000020     NOLOAD SECTION
                  00078200    00000020     F2837xD_GlobalVariableDefs.obj (DcsmZ2OtpFile)


GLOBAL DATA SYMBOLS: SORTED BY DATA PAGE

address     data page           name
--------    ----------------    ----
00000400      10 (00000400)     __stack

00000b00      2c (00000b00)     _AdcaResultRegs
00000b20      2c (00000b00)     _AdcbResultRegs

00000b40      2d (00000b40)     _AdccResultRegs
00000b60      2d (00000b40)     _AdcdResultRegs

00000c00      30 (00000c00)     _CpuTimer0Regs
00000c08      30 (00000c00)     _CpuTimer1Regs
00000c10      30 (00000c00)     _CpuTimer2Regs

00000ce0      33 (00000cc0)     _Cla1SoftIntRegs
00000ce0      33 (00000cc0)     _PieCtrlRegs

00000d00      34 (00000d00)     _EmuKey
00000d00      34 (00000d00)     _PieVectTable
00000d01      34 (00000d00)     _EmuBMode

00001000      40 (00001000)     _DmaRegs

00001400      50 (00001400)     _Cla1Regs

00004000     100 (00004000)     _EPwm1Regs

00004100     104 (00004100)     _EPwm2Regs

00004200     108 (00004200)     _EPwm3Regs

00004300     10c (00004300)     _EPwm4Regs

00004400     110 (00004400)     _EPwm5Regs

00004500     114 (00004500)     _EPwm6Regs

00004600     118 (00004600)     _EPwm7Regs

00004700     11c (00004700)     _EPwm8Regs

00004800     120 (00004800)     _EPwm9Regs

00004900     124 (00004900)     _EPwm10Regs

00004a00     128 (00004a00)     _EPwm11Regs

00004b00     12c (00004b00)     _EPwm12Regs

00005000     140 (00005000)     _ECap1Regs
00005020     140 (00005000)     _ECap2Regs

00005040     141 (00005040)     _ECap3Regs
00005060     141 (00005040)     _ECap4Regs

00005080     142 (00005080)     _ECap5Regs
000050a0     142 (00005080)     _ECap6Regs

00005100     144 (00005100)     _EQep1Regs

00005140     145 (00005140)     _EQep2Regs

00005180     146 (00005180)     _EQep3Regs

00005c00     170 (00005c00)     _DacaRegs
00005c10     170 (00005c00)     _DacbRegs
00005c20     170 (00005c00)     _DaccRegs

00005c80     172 (00005c80)     _Cmpss1Regs
00005ca0     172 (00005c80)     _Cmpss2Regs

00005cc0     173 (00005cc0)     _Cmpss3Regs
00005ce0     173 (00005cc0)     _Cmpss4Regs

00005d00     174 (00005d00)     _Cmpss5Regs
00005d20     174 (00005d00)     _Cmpss6Regs

00005d40     175 (00005d40)     _Cmpss7Regs
00005d60     175 (00005d40)     _Cmpss8Regs

00005e00     178 (00005e00)     _Sdfm1Regs

00005e80     17a (00005e80)     _Sdfm2Regs

00006000     180 (00006000)     _McbspaRegs

00006040     181 (00006040)     _McbspbRegs

00006100     184 (00006100)     _SpiaRegs
00006110     184 (00006100)     _SpibRegs
00006120     184 (00006100)     _SpicRegs

00006200     188 (00006200)     _UppRegs

00007000     1c0 (00007000)     _WdRegs

00007060     1c1 (00007040)     _NmiIntruptRegs
00007070     1c1 (00007040)     _XintRegs

00007200     1c8 (00007200)     _SciaRegs
00007210     1c8 (00007200)     _ScibRegs
00007220     1c8 (00007200)     _ScicRegs
00007230     1c8 (00007200)     _ScidRegs

00007300     1cc (00007300)     _I2caRegs

00007340     1cd (00007340)     _I2cbRegs

00007400     1d0 (00007400)     _AdcaRegs

00007480     1d2 (00007480)     _AdcbRegs

00007500     1d4 (00007500)     _AdccRegs

00007580     1d6 (00007580)     _AdcdRegs

00007900     1e4 (00007900)     _InputXbarRegs
00007920     1e4 (00007900)     _XbarRegs

00007940     1e5 (00007940)     _SyncSocRegs

00007980     1e6 (00007980)     _DmaClaSrcSelRegs

00007a00     1e8 (00007a00)     _EPwmXbarRegs

00007a80     1ea (00007a80)     _OutputXbarRegs

00007c00     1f0 (00007c00)     _GpioCtrlRegs

00007f00     1fc (00007f00)     _GpioDataRegs

0000a800     2a0 (0000a800)     _Timer_200us
0000a801     2a0 (0000a800)     _Timer_SCI
0000a802     2a0 (0000a800)     _dir
0000a803     2a0 (0000a800)     _RX_flag
0000a804     2a0 (0000a800)     _turns
0000a805     2a0 (0000a800)     _Hall_status
0000a806     2a0 (0000a800)     _TX_flag
0000a807     2a0 (0000a800)     _Timer_100us
0000a808     2a0 (0000a800)     _Timer_50us
0000a809     2a0 (0000a800)     _Timer_500ms
0000a80a     2a0 (0000a800)     _Timer_850us

0000a8a0     2a2 (0000a880)     _IA_tmp
0000a8a2     2a2 (0000a880)     _omega_n
0000a8a4     2a2 (0000a880)     _IC_tmp
0000a8a6     2a2 (0000a880)     _IB_tmp
0000a8a8     2a2 (0000a880)     _omega_g
0000a8aa     2a2 (0000a880)     _omega
0000a8ac     2a2 (0000a880)     _omega_r
0000a8ae     2a2 (0000a880)     _omega_tmp
0000a8b0     2a2 (0000a880)     _ID_tmp
0000a8b2     2a2 (0000a880)     _U_sci
0000a8b4     2a2 (0000a880)     _V_C
0000a8b6     2a2 (0000a880)     _I_main
0000a8b8     2a2 (0000a880)     _T2
0000a8ba     2a2 (0000a880)     _T1
0000a8bc     2a2 (0000a880)     _Ci
0000a8be     2a2 (0000a880)     _Bi

0000a8c0     2a3 (0000a8c0)     _Di
0000a8c2     2a3 (0000a8c0)     _V_B
0000a8c4     2a3 (0000a8c0)     _V_A
0000a8c6     2a3 (0000a8c0)     _T3
0000a8c8     2a3 (0000a8c0)     _theta_encoder
0000a8ca     2a3 (0000a8c0)     _jiaodu
0000a8cc     2a3 (0000a8c0)     _lTheta_dot
0000a8d0     2a3 (0000a8c0)     _theta_dq
0000a8d2     2a3 (0000a8c0)     _U_FBKq
0000a8d4     2a3 (0000a8c0)     _U_FBKd
0000a8d6     2a3 (0000a8c0)     _U_FFV
0000a8d8     2a3 (0000a8c0)     _U_RFFq
0000a8da     2a3 (0000a8c0)     _U_LFFq
0000a8de     2a3 (0000a8c0)     _IA
0000a8e0     2a3 (0000a8c0)     _i_D
0000a8e2     2a3 (0000a8c0)     _IB
0000a8e4     2a3 (0000a8c0)     _ID
0000a8e6     2a3 (0000a8c0)     _IC
0000a8e8     2a3 (0000a8c0)     _Ai
0000a8ea     2a3 (0000a8c0)     _I_main_tmp
0000a8ec     2a3 (0000a8c0)     _Usys_tmp
0000a8ee     2a3 (0000a8c0)     _i_B
0000a8f0     2a3 (0000a8c0)     _i_A
0000a8f2     2a3 (0000a8c0)     _i_C

0000a900     2a4 (0000a900)     _RX_FRAME
0000a906     2a4 (0000a900)     _TX_UPLOAD
0000a916     2a4 (0000a900)     _TX_FRAME

0000a940     2a5 (0000a940)     _McomData

0000a980     2a6 (0000a980)     _rdataA_tail
0000a982     2a6 (0000a980)     _rdataA_head
0000a988     2a6 (0000a980)     _tdataA

0000a9c0     2a7 (0000a9c0)     _rdataA

0000aa00     2a8 (0000aa00)     _SCI
0000aa04     2a8 (0000aa00)     _MCBSP
0000aa08     2a8 (0000aa00)     _I2C
0000aa0c     2a8 (0000aa00)     _SDFM
0000aa12     2a8 (0000aa00)     _EQEP
0000aa1a     2a8 (0000aa00)     _SPI
0000aa22     2a8 (0000aa00)     _ADC
0000aa2c     2a8 (0000aa00)     _ECAP

0000aa40     2a9 (0000aa40)     _EPWM
0000aa5a     2a9 (0000aa40)     _TRIP_SEL
0000aa78     2a9 (0000aa40)     ___TI_cleanup_ptr
0000aa7a     2a9 (0000aa40)     ___TI_dtors_ptr
0000aa7c     2a9 (0000aa40)     __lock
0000aa7e     2a9 (0000aa40)     __unlock

0000aa80     2aa (0000aa80)     _last_turns
0000aa81     2aa (0000aa80)     _num_teeth
0000aa82     2aa (0000aa80)     _num_turns
0000aa86     2aa (0000aa80)     _D1
0000aa8d     2aa (0000aa80)     _MTDAT2
0000aa94     2aa (0000aa80)     _V2
0000aa9b     2aa (0000aa80)     _D2
0000aaa2     2aa (0000aa80)     _turn
0000aaa9     2aa (0000aa80)     _sel
0000aab0     2aa (0000aa80)     _MTDAT1
0000aab7     2aa (0000aa80)     _MTDAT0
0000aabe     2aa (0000aa80)     _errno

0000aae8     2ab (0000aac0)     _CpuTimer1
0000aaf0     2ab (0000aac0)     _CpuTimer2
0000aaf8     2ab (0000aac0)     _CpuTimer0

0000ab00     2ac (0000ab00)     _PieVectTableInit

0000acc8     2b3 (0000acc0)     _pi
0000acca     2b3 (0000acc0)     _Rs
0000accc     2b3 (0000acc0)     _Lq

0003f800     fe0 (0003f800)     _g_asIPCCPU2toCPU1Buffers

0003f880     fe2 (0003f880)     _g_usGetWriteIndexes
0003f884     fe2 (0003f880)     _g_usPutReadIndexes

0003fc00     ff0 (0003fc00)     _g_asIPCCPU1toCPU2Buffers

0003fc80     ff2 (0003fc80)     _g_usPutWriteIndexes
0003fc84     ff2 (0003fc80)     _g_usGetReadIndexes

00047000    11c0 (00047000)     _Emif1Regs

00047800    11e0 (00047800)     _Emif2Regs

00050000    1400 (00050000)     _IpcRegs
00050024    1400 (00050000)     _FlashPumpSemaphoreRegs

0005d000    1740 (0005d000)     _DevCfgRegs

0005d180    1746 (0005d180)     _AnalogSubsysRegs

0005d200    1748 (0005d200)     _ClkCfgRegs

0005d300    174c (0005d300)     _CpuSysRegs

0005e608    1798 (0005e600)     _RomPrefetchRegs

0005f000    17c0 (0005f000)     _DcsmZ1Regs

0005f040    17c1 (0005f040)     _DcsmZ2Regs
0005f070    17c1 (0005f040)     _DcsmCommonRegs

0005f400    17d0 (0005f400)     _MemCfgRegs

0005f480    17d2 (0005f480)     _Emif1ConfigRegs
0005f4a0    17d2 (0005f480)     _Emif2ConfigRegs

0005f4c0    17d3 (0005f4c0)     _AccessProtectionRegs

0005f500    17d4 (0005f500)     _MemoryErrorRegs

0005f540    17d5 (0005f540)     _RomWaitStateRegs

0005f800    17e0 (0005f800)     _Flash0CtrlRegs

0005fb00    17ec (0005fb00)     _Flash0EccRegs

00078000    1e00 (00078000)     _DcsmZ1Otp

00078200    1e08 (00078200)     _DcsmZ2Otp


GLOBAL SYMBOLS: SORTED ALPHABETICALLY BY Name 

page  address   name                                  
----  -------   ----                                  
abs   ffffffff  .text                                 
0     0000958a  C$$EXIT                               
0     00008f56  FS$$DIV                               
0     000095a3  LL$$AND                               
0     000095ab  LL$$OR                                
0     000095b3  LL$$XOR                               
0     000085e9  _AD2S1210SelectMode                   
0     0000864c  _AD2S1210SoftReset                    
1     0000aa22  _ADC                                  
0     0000b0be  _ADCA1_ISR                            
0     0000b3cd  _ADCA2_ISR                            
0     0000b3d7  _ADCA3_ISR                            
0     0000b3e1  _ADCA4_ISR                            
0     0000b3c3  _ADCA_EVT_ISR                         
0     0000b0c8  _ADCB1_ISR                            
0     0000b3f5  _ADCB2_ISR                            
0     0000b3ff  _ADCB3_ISR                            
0     0000b409  _ADCB4_ISR                            
0     0000b3eb  _ADCB_EVT_ISR                         
0     0000b0d2  _ADCC1_ISR                            
0     0000b55d  _ADCC2_ISR                            
0     0000b567  _ADCC3_ISR                            
0     0000b571  _ADCC4_ISR                            
0     0000b553  _ADCC_EVT_ISR                         
0     0000b0f0  _ADCD1_ISR                            
0     0000b585  _ADCD2_ISR                            
0     0000b58f  _ADCD3_ISR                            
0     0000b599  _ADCD4_ISR                            
0     0000b57b  _ADCD_EVT_ISR                         
0     000005a7  _APR                                  
0     00000602  _ASR                                  
0     00000727  _ATR                                  
0     0000b5d5  _AUX_PLL_SLIP_ISR                     
0     000006b8  _AYR                                  
1     0005f4c0  _AccessProtectionRegs                 
0     00008858  _AdcSetMode                           
1     00007400  _AdcaRegs                             
1     00000b00  _AdcaResultRegs                       
1     00007480  _AdcbRegs                             
1     00000b20  _AdcbResultRegs                       
1     00007500  _AdccRegs                             
1     00000b40  _AdccResultRegs                       
1     00007580  _AdcdRegs                             
1     00000b60  _AdcdResultRegs                       
1     0000a8e8  _Ai                                   
1     0005d180  _AnalogSubsysRegs                     
0     0000039f  _AuxAuxClkSel                         
0     00000389  _AuxIntOsc2Sel                        
0     00000393  _AuxXtalOscSel                        
1     0000a8be  _Bi                                   
0     0000b39b  _CANA0_ISR                            
0     0000b3a5  _CANA1_ISR                            
0     0000b3af  _CANB0_ISR                            
0     0000b3b9  _CANB1_ISR                            
0     0000b413  _CLA1_1_ISR                           
0     0000b41d  _CLA1_2_ISR                           
0     0000b427  _CLA1_3_ISR                           
0     0000b431  _CLA1_4_ISR                           
0     0000b43b  _CLA1_5_ISR                           
0     0000b445  _CLA1_6_ISR                           
0     0000b44f  _CLA1_7_ISR                           
0     0000b459  _CLA1_8_ISR                           
0     0000b5df  _CLA_OVERFLOW_ISR                     
0     0000b5e9  _CLA_UNDERFLOW_ISR                    
0     00008a81  _CalAdcINL                            
1     0000a8bc  _Ci                                   
1     00001400  _Cla1Regs                             
0     00000ce0  _Cla1SoftIntRegs                      
1     0005d200  _ClkCfgRegs                           
1     00005c80  _Cmpss1Regs                           
1     00005ca0  _Cmpss2Regs                           
1     00005cc0  _Cmpss3Regs                           
1     00005ce0  _Cmpss4Regs                           
1     00005d00  _Cmpss5Regs                           
1     00005d20  _Cmpss6Regs                           
1     00005d40  _Cmpss7Regs                           
1     00005d60  _Cmpss8Regs                           
0     000087be  _ConfigCpuTimer                       
1     0005d300  _CpuSysRegs                           
1     0000aaf8  _CpuTimer0                            
1     00000c00  _CpuTimer0Regs                        
1     0000aae8  _CpuTimer1                            
1     00000c08  _CpuTimer1Regs                        
1     0000aaf0  _CpuTimer2                            
1     00000c10  _CpuTimer2Regs                        
0     00000348  _CsmUnlock                            
1     0000aa86  _D1                                   
1     0000aa9b  _D2                                   
0     0000b014  _DATALOG_ISR                          
0     0000b258  _DMA_CH1_ISR                          
0     0000b262  _DMA_CH2_ISR                          
0     0000b26c  _DMA_CH3_ISR                          
0     0000b276  _DMA_CH4_ISR                          
0     0000b280  _DMA_CH5_ISR                          
0     0000b28a  _DMA_CH6_ISR                          
1     00005c00  _DacaRegs                             
1     00005c10  _DacbRegs                             
1     00005c20  _DaccRegs                             
1     0005f070  _DcsmCommonRegs                       
1     00078000  _DcsmZ1Otp                            
1     0005f000  _DcsmZ1Regs                           
1     00078200  _DcsmZ2Otp                            
1     0005f040  _DcsmZ2Regs                           
1     0005d000  _DevCfgRegs                           
1     0000a8c0  _Di                                   
0     0000021a  _DisableDog                           
0     000001db  _DisablePeripheralClocks              
1     00007980  _DmaClaSrcSelRegs                     
1     00001000  _DmaRegs                              
1     0000aa2c  _ECAP                                 
0     0000b1ae  _ECAP1_ISR                            
0     0000b1b8  _ECAP2_ISR                            
0     0000b1c2  _ECAP3_ISR                            
0     0000b1cc  _ECAP4_ISR                            
0     0000b1d6  _ECAP5_ISR                            
0     0000b1e0  _ECAP6_ISR                            
1     00005000  _ECap1Regs                            
1     00005020  _ECap2Regs                            
1     00005040  _ECap3Regs                            
1     00005060  _ECap4Regs                            
1     00005080  _ECap5Regs                            
1     000050a0  _ECap6Regs                            
0     0000b5a3  _EMIF_ERROR_ISR                       
0     0000b5fd  _EMPTY_ISR                            
0     0000b028  _EMU_ISR                              
1     0000aa40  _EPWM                                 
0     0000b4f9  _EPWM10_ISR                           
0     0000b4d1  _EPWM10_TZ_ISR                        
0     0000b503  _EPWM11_ISR                           
0     0000b4db  _EPWM11_TZ_ISR                        
0     0000b50d  _EPWM12_ISR                           
0     0000b4e5  _EPWM12_TZ_ISR                        
0     0000b15e  _EPWM1_ISR                            
0     0000b10e  _EPWM1_TZ_ISR                         
0     0000b168  _EPWM2_ISR                            
0     0000b118  _EPWM2_TZ_ISR                         
0     0000b172  _EPWM3_ISR                            
0     0000b122  _EPWM3_TZ_ISR                         
0     0000b17c  _EPWM4_ISR                            
0     0000b12c  _EPWM4_TZ_ISR                         
0     0000b186  _EPWM5_ISR                            
0     0000b136  _EPWM5_TZ_ISR                         
0     0000b190  _EPWM6_ISR                            
0     0000b140  _EPWM6_TZ_ISR                         
0     0000b19a  _EPWM7_ISR                            
0     0000b14a  _EPWM7_TZ_ISR                         
0     0000b1a4  _EPWM8_ISR                            
0     0000b154  _EPWM8_TZ_ISR                         
0     0000b4ef  _EPWM9_ISR                            
0     0000b4c7  _EPWM9_TZ_ISR                         
1     00004900  _EPwm10Regs                           
1     00004a00  _EPwm11Regs                           
1     00004b00  _EPwm12Regs                           
1     00004000  _EPwm1Regs                            
1     00004100  _EPwm2Regs                            
1     00004200  _EPwm3Regs                            
1     00004300  _EPwm4Regs                            
1     00004400  _EPwm5Regs                            
1     00004500  _EPwm6Regs                            
1     00004600  _EPwm7Regs                            
1     00004700  _EPwm8Regs                            
1     00004800  _EPwm9Regs                            
1     00007a00  _EPwmXbarRegs                         
1     0000aa12  _EQEP                                 
0     0000b1ea  _EQEP1_ISR                            
0     0000b1f4  _EQEP2_ISR                            
0     0000b1fe  _EQEP3_ISR                            
1     00005100  _EQep1Regs                            
1     00005140  _EQep2Regs                            
1     00005180  _EQep3Regs                            
1     0005f480  _Emif1ConfigRegs                      
1     00047000  _Emif1Regs                            
1     0005f4a0  _Emif2ConfigRegs                      
1     00047800  _Emif2Regs                            
1     00000d01  _EmuBMode                             
1     00000d00  _EmuKey                               
0     00009550  _EnableInterrupts                     
0     00000122  _F28x_usDelay                         
0     0000b5b7  _FLASH_CORRECTABLE_ERROR_ISR          
0     0000b48b  _FPU_OVERFLOW_ISR                     
0     0000b495  _FPU_UNDERFLOW_ISR                    
0     00000f09  _FirstOrderFilter_Isys                
0     00000ea6  _FirstOrderFilter_Usys                
1     0005f800  _Flash0CtrlRegs                       
1     0005fb00  _Flash0EccRegs                        
1     00050024  _FlashPumpSemaphoreRegs               
0     00008f0b  _GPIO_EnableUnbondedIOPullups         
0     00008ee6  _GPIO_EnableUnbondedIOPullupsFor100Pin
0     00008ecd  _GPIO_EnableUnbondedIOPullupsFor176Pin
0     00008f21  _GPIO_ReadPin                         
0     00008e72  _GPIO_SetupLock                       
0     00008d50  _GPIO_SetupPinMux                     
0     00008dde  _GPIO_SetupPinOptions                 
0     00008e9b  _GPIO_SetupXINT1Gpio                  
0     00008ea5  _GPIO_SetupXINT2Gpio                  
0     00008eaf  _GPIO_SetupXINT3Gpio                  
0     00008eb9  _GPIO_SetupXINT4Gpio                  
0     00008ec3  _GPIO_SetupXINT5Gpio                  
0     00008f38  _GPIO_WritePin                        
1     00007c00  _GpioCtrlRegs                         
1     00007f00  _GpioDataRegs                         
0     00008cec  _Gpioselect                           
0     000003bd  _HALT                                 
0     000003d6  _HIB                                  
1     0000a805  _Hall_status                          
1     0000aa08  _I2C                                  
0     0000b29e  _I2CA_FIFO_ISR                        
0     0000b294  _I2CA_ISR                             
0     0000b2b2  _I2CB_FIFO_ISR                        
0     0000b2a8  _I2CB_ISR                             
1     00007300  _I2caRegs                             
1     00007340  _I2cbRegs                             
1     0000a8de  _IA                                   
1     0000a8a0  _IA_tmp                               
1     0000a8e2  _IB                                   
1     0000a8a6  _IB_tmp                               
1     0000a8e6  _IC                                   
1     0000a8a4  _IC_tmp                               
1     0000a8e4  _ID                                   
0     000003a9  _IDLE                                 
1     0000a8b0  _ID_tmp                               
0     0000b03c  _ILLEGAL_ISR                          
0     0000b49f  _IPC0_ISR                             
0     0000b4a9  _IPC1_ISR                             
0     0000b4b3  _IPC2_ISR                             
0     0000b4bd  _IPC3_ISR                             
1     0000a8b6  _I_main                               
1     0000a8ea  _I_main_tmp                           
0     000085c6  _InitAD2S1210                         
0     00008800  _InitAdc                              
0     000002b1  _InitAuxPll                           
0     0000877d  _InitCpuTimers                        
0     0000b61b  _InitEPwm                             
0     0000b714  _InitEPwm1                            
0     0000b6da  _InitEPwm10Gpio                       
0     0000b6ed  _InitEPwm11Gpio                       
0     0000b701  _InitEPwm12Gpio                       
0     0000b630  _InitEPwm1Gpio                        
0     0000b642  _InitEPwm2Gpio                        
0     0000b654  _InitEPwm3Gpio                        
0     0000b668  _InitEPwm4Gpio                        
0     0000b67c  _InitEPwm5Gpio                        
0     0000b755  _InitEPwm6                            
0     0000b68e  _InitEPwm6Gpio                        
0     0000b797  _InitEPwm7                            
0     0000b6a0  _InitEPwm7Gpio                        
0     0000b6b4  _InitEPwm8Gpio                        
0     0000b6c8  _InitEPwm9Gpio                        
0     0000b614  _InitEPwmGpio                         
0     00008ca8  _InitGpio                             
0     00000157  _InitPeripheralClocks                 
0     00009531  _InitPieCtrl                          
0     00009562  _InitPieVectTable                     
0     00008003  _InitSci                              
0     00008000  _InitSciGpio                          
0     00008055  _InitScia                             
0     00008006  _InitSciaGpio                         
0     0000801b  _InitScibGpio                         
0     0000802b  _InitScicGpio                         
0     0000803f  _InitScidGpio                         
0     0000936a  _InitSpi                              
0     00009367  _InitSpiGpio                          
0     000093c0  _InitSpia                             
0     0000936d  _InitSpiaGpio                         
0     00009398  _InitSpibGpio                         
0     00000126  _InitSysCtrl                          
0     00000228  _InitSysPll                           
1     00007900  _InputXbarRegs                        
1     00050000  _IpcRegs                              
1     0000accc  _Lq                                   
1     0000aa04  _MCBSP                                
0     0000b230  _MCBSPA_RX_ISR                        
0     0000b23a  _MCBSPA_TX_ISR                        
0     0000b244  _MCBSPB_RX_ISR                        
0     0000b24e  _MCBSPB_TX_ISR                        
1     0000aab7  _MTDAT0                               
1     0000aab0  _MTDAT1                               
1     0000aa8d  _MTDAT2                               
1     00006000  _McbspaRegs                           
1     00006040  _McbspbRegs                           
1     0000a940  _McomData                             
1     0005f400  _MemCfgRegs                           
1     0005f500  _MemoryErrorRegs                      
0     0000b032  _NMI_ISR                              
0     0000b60a  _NOTUSED_ISR                          
1     00007060  _NmiIntruptRegs                       
1     00007a80  _OutputXbarRegs                       
0     0000b5f3  _PIE_RESERVED_ISR                     
1     00000ce0  _PieCtrlRegs                          
1     00000d00  _PieVectTable                         
1     0000ab00  _PieVectTableInit                     
0     0000b5c1  _RAM_ACCESS_VIOLATION_ISR             
0     0000b5ad  _RAM_CORRECTABLE_ERROR_ISR            
0     0000b01e  _RTOS_ISR                             
1     0000a900  _RX_FRAME                             
1     0000a803  _RX_flag                              
0     00008658  _ReadFromAD2S1210                     
0     00000f6c  _ReadTheta                            
0     00000fea  _ReadTheta_turn                       
0     00001012  _ReadVelocity                         
0     00000202  _ReleaseFlashPump                     
1     0005e608  _RomPrefetchRegs                      
1     0005f540  _RomWaitStateRegs                     
1     0000acca  _Rs                                   
1     0000aa00  _SCI                                  
0     000080a7  _SCIA_RX                              
0     0000b2e4  _SCIA_RX_ISR                          
0     0000812e  _SCIA_TX                              
0     0000b316  _SCIA_TX_ISR                          
0     0000b387  _SCIB_RX_ISR                          
0     0000b391  _SCIB_TX_ISR                          
0     0000b2bc  _SCIC_RX_ISR                          
0     0000b2c6  _SCIC_TX_ISR                          
0     0000b2d0  _SCID_RX_ISR                          
0     0000b2da  _SCID_TX_ISR                          
0     0000b517  _SD1_ISR                              
0     0000b521  _SD2_ISR                              
1     0000aa0c  _SDFM                                 
1     0000aa1a  _SPI                                  
0     0000b208  _SPIA_RX_ISR                          
0     0000b212  _SPIA_TX_ISR                          
0     0000b21c  _SPIB_RX_ISR                          
0     0000b226  _SPIB_TX_ISR                          
0     0000b52b  _SPIC_RX_ISR                          
0     0000b535  _SPIC_TX_ISR                          
0     000003b2  _STANDBY                              
0     0000b5cb  _SYS_PLL_SLIP_ISR                     
1     00007200  _SciaRegs                             
1     00007210  _ScibRegs                             
1     00007220  _ScicRegs                             
1     00007230  _ScidRegs                             
1     00005e00  _Sdfm1Regs                            
1     00005e80  _Sdfm2Regs                            
0     00000ab3  _SecOrderFilter_IA                    
0     00000b7a  _SecOrderFilter_IB                    
0     00000c49  _SecOrderFilter_IC                    
0     00000d1b  _SecOrderFilter_ID                    
0     0000078e  _SecOrderFilter_Theta_cmd             
0     00000861  _SecOrderFilter_VA                    
0     0000091d  _SecOrderFilter_VB                    
0     000009ec  _SecOrderFilter_VC                    
0     00000de2  _SecOrderFilter_omega                 
0     000001f3  _SeizeFlashPump                       
0     0000020c  _ServiceDog                           
0     000088fb  _SetupADC                             
1     00006100  _SpiaRegs                             
1     00006110  _SpibRegs                             
1     00006120  _SpicRegs                             
1     00007940  _SyncSocRegs                          
0     00000369  _SysIntOsc1Sel                        
0     00000373  _SysIntOsc2Sel                        
0     0000037d  _SysXtalOscSel                        
1     0000a8ba  _T1                                   
1     0000a8b8  _T2                                   
1     0000a8c6  _T3                                   
0     0000b0fa  _TIMER0_ISR                           
0     0000b000  _TIMER1_ISR                           
0     0000b00a  _TIMER2_ISR                           
1     0000aa5a  _TRIP_SEL                             
1     0000a916  _TX_FRAME                             
1     0000a906  _TX_UPLOAD                            
1     0000a806  _TX_flag                              
1     0000a807  _Timer_100us                          
1     0000a800  _Timer_200us                          
1     0000a809  _Timer_500ms                          
1     0000a808  _Timer_50us                           
1     0000a80a  _Timer_850us                          
1     0000a801  _Timer_SCI                            
0     0000b53f  _UPPA_ISR                             
0     0000b549  _USBA_ISR                             
0     0000b0a0  _USER10_ISR                           
0     0000b0aa  _USER11_ISR                           
0     0000b0b4  _USER12_ISR                           
0     0000b046  _USER1_ISR                            
0     0000b050  _USER2_ISR                            
0     0000b05a  _USER3_ISR                            
0     0000b064  _USER4_ISR                            
0     0000b06e  _USER5_ISR                            
0     0000b078  _USER6_ISR                            
0     0000b082  _USER7_ISR                            
0     0000b08c  _USER8_ISR                            
0     0000b096  _USER9_ISR                            
1     0000a8d4  _U_FBKd                               
1     0000a8d2  _U_FBKq                               
1     0000a8d6  _U_FFV                                
1     0000a8da  _U_LFFq                               
1     0000a8d8  _U_RFFq                               
1     0000a8b2  _U_sci                                
1     00006200  _UppRegs                              
1     0000a8ec  _Usys_tmp                             
1     0000aa94  _V2                                   
0     0000b481  _VCU_ISR                              
1     0000a8c4  _V_A                                  
1     0000a8c2  _V_B                                  
1     0000a8b4  _V_C                                  
0     0000b104  _WAKE_ISR                             
1     00007000  _WdRegs                               
0     0000861f  _WriteToAD2S1210                      
0     0000b0dc  _XINT1_ISR                            
0     0000b0e6  _XINT2_ISR                            
0     0000b463  _XINT3_ISR                            
0     0000b46d  _XINT4_ISR                            
0     0000b477  _XINT5_ISR                            
1     00007920  _XbarRegs                             
1     00007070  _XintRegs                             
1     00000800  __STACK_END                           
abs   00000400  __STACK_SIZE                          
1     0000aa78  ___TI_cleanup_ptr                     
1     0000aa7a  ___TI_dtors_ptr                       
abs   ffffffff  ___binit__                            
abs   ffffffff  ___c_args__                           
0     00000000  ___cinit__                            
abs   ffffffff  ___etext__                            
abs   ffffffff  ___pinit__                            
abs   ffffffff  ___text__                             
0     00008fde  __args_main                           
1     0000aa7c  __lock                                
0     000003fb  __nop                                 
0     000003f7  __register_lock                       
0     000003f3  __register_unlock                     
1     00000400  __stack                               
1     0000aa7e  __unlock                              
0     0000958a  _abort                                
0     000092bd  _analyze_absolute_encoder             
0     000086b4  _atan2                                
0     000094eb  _c_int00                              
0     00009432  _cos                                  
0     000093ce  _cpu_timer0_isr                       
0     000085b7  _delayns                              
0     00009000  _delayus                              
1     0000a802  _dir                                  
1     0000aabe  _errno                                
0     0000958c  _exit                                 
0     000095bb  _frexp                                
1     0003fc00  _g_asIPCCPU1toCPU2Buffers             
0     0003f800  _g_asIPCCPU2toCPU1Buffers             
1     0003fc84  _g_usGetReadIndexes                   
0     0003f880  _g_usGetWriteIndexes                  
0     0003f884  _g_usPutReadIndexes                   
1     0003fc80  _g_usPutWriteIndexes                  
0     0000911b  _get_real_data_absolute_encoder       
1     0000a8f0  _i_A                                  
1     0000a8ee  _i_B                                  
1     0000a8f2  _i_C                                  
1     0000a8e0  _i_D                                  
1     0000a8ca  _jiaodu                               
1     0000a8cc  _lTheta_dot                           
1     0000aa80  _last_turns                           
0     00000000  _main                                 
1     0000aa81  _num_teeth                            
1     0000aa82  _num_turns                            
1     0000a8aa  _omega                                
1     0000a8a8  _omega_g                              
1     0000a8a2  _omega_n                              
1     0000a8ac  _omega_r                              
1     0000a8ae  _omega_tmp                            
1     0000acc8  _pi                                   
1     0000a9c0  _rdataA                               
1     0000a982  _rdataA_head                          
1     0000a980  _rdataA_tail                          
0     0000900f  _read_absolute_encoder                
1     0000aaa9  _sel                                  
0     00008abb  _seq_adc                              
0     00009493  _sin                                  
0     0000b7da  _sqrt                                 
1     0000a988  _tdataA                               
1     0000a8d0  _theta_dq                             
1     0000a8c8  _theta_encoder                        
1     0000aaa2  _turn                                 
1     0000a804  _turns                                
abs   ffffffff  binit                                 
0     00000000  cinit                                 
0     00000000  code_start                            
abs   ffffffff  etext                                 
abs   ffffffff  pinit                                 


GLOBAL SYMBOLS: SORTED BY Symbol Address 

page  address   name                                  
----  -------   ----                                  
0     00000000  ___cinit__                            
0     00000000  _main                                 
0     00000000  cinit                                 
0     00000000  code_start                            
0     00000122  _F28x_usDelay                         
0     00000126  _InitSysCtrl                          
0     00000157  _InitPeripheralClocks                 
0     000001db  _DisablePeripheralClocks              
0     000001f3  _SeizeFlashPump                       
0     00000202  _ReleaseFlashPump                     
0     0000020c  _ServiceDog                           
0     0000021a  _DisableDog                           
0     00000228  _InitSysPll                           
0     000002b1  _InitAuxPll                           
0     00000348  _CsmUnlock                            
0     00000369  _SysIntOsc1Sel                        
0     00000373  _SysIntOsc2Sel                        
0     0000037d  _SysXtalOscSel                        
0     00000389  _AuxIntOsc2Sel                        
0     00000393  _AuxXtalOscSel                        
0     0000039f  _AuxAuxClkSel                         
0     000003a9  _IDLE                                 
0     000003b2  _STANDBY                              
0     000003bd  _HALT                                 
0     000003d6  _HIB                                  
0     000003f3  __register_unlock                     
0     000003f7  __register_lock                       
0     000003fb  __nop                                 
0     000005a7  _APR                                  
0     00000602  _ASR                                  
0     000006b8  _AYR                                  
0     00000727  _ATR                                  
0     0000078e  _SecOrderFilter_Theta_cmd             
0     00000861  _SecOrderFilter_VA                    
0     0000091d  _SecOrderFilter_VB                    
0     000009ec  _SecOrderFilter_VC                    
0     00000ab3  _SecOrderFilter_IA                    
0     00000b7a  _SecOrderFilter_IB                    
0     00000c49  _SecOrderFilter_IC                    
0     00000ce0  _Cla1SoftIntRegs                      
0     00000d1b  _SecOrderFilter_ID                    
0     00000de2  _SecOrderFilter_omega                 
0     00000ea6  _FirstOrderFilter_Usys                
0     00000f09  _FirstOrderFilter_Isys                
0     00000f6c  _ReadTheta                            
0     00000fea  _ReadTheta_turn                       
0     00001012  _ReadVelocity                         
0     00008000  _InitSciGpio                          
0     00008003  _InitSci                              
0     00008006  _InitSciaGpio                         
0     0000801b  _InitScibGpio                         
0     0000802b  _InitScicGpio                         
0     0000803f  _InitScidGpio                         
0     00008055  _InitScia                             
0     000080a7  _SCIA_RX                              
0     0000812e  _SCIA_TX                              
0     000085b7  _delayns                              
0     000085c6  _InitAD2S1210                         
0     000085e9  _AD2S1210SelectMode                   
0     0000861f  _WriteToAD2S1210                      
0     0000864c  _AD2S1210SoftReset                    
0     00008658  _ReadFromAD2S1210                     
0     000086b4  _atan2                                
0     0000877d  _InitCpuTimers                        
0     000087be  _ConfigCpuTimer                       
0     00008800  _InitAdc                              
0     00008858  _AdcSetMode                           
0     000088fb  _SetupADC                             
0     00008a81  _CalAdcINL                            
0     00008abb  _seq_adc                              
0     00008ca8  _InitGpio                             
0     00008cec  _Gpioselect                           
0     00008d50  _GPIO_SetupPinMux                     
0     00008dde  _GPIO_SetupPinOptions                 
0     00008e72  _GPIO_SetupLock                       
0     00008e9b  _GPIO_SetupXINT1Gpio                  
0     00008ea5  _GPIO_SetupXINT2Gpio                  
0     00008eaf  _GPIO_SetupXINT3Gpio                  
0     00008eb9  _GPIO_SetupXINT4Gpio                  
0     00008ec3  _GPIO_SetupXINT5Gpio                  
0     00008ecd  _GPIO_EnableUnbondedIOPullupsFor176Pin
0     00008ee6  _GPIO_EnableUnbondedIOPullupsFor100Pin
0     00008f0b  _GPIO_EnableUnbondedIOPullups         
0     00008f21  _GPIO_ReadPin                         
0     00008f38  _GPIO_WritePin                        
0     00008f56  FS$$DIV                               
0     00008fde  __args_main                           
0     00009000  _delayus                              
0     0000900f  _read_absolute_encoder                
0     0000911b  _get_real_data_absolute_encoder       
0     000092bd  _analyze_absolute_encoder             
0     00009367  _InitSpiGpio                          
0     0000936a  _InitSpi                              
0     0000936d  _InitSpiaGpio                         
0     00009398  _InitSpibGpio                         
0     000093c0  _InitSpia                             
0     000093ce  _cpu_timer0_isr                       
0     00009432  _cos                                  
0     00009493  _sin                                  
0     000094eb  _c_int00                              
0     00009531  _InitPieCtrl                          
0     00009550  _EnableInterrupts                     
0     00009562  _InitPieVectTable                     
0     0000958a  C$$EXIT                               
0     0000958a  _abort                                
0     0000958c  _exit                                 
0     000095a3  LL$$AND                               
0     000095ab  LL$$OR                                
0     000095b3  LL$$XOR                               
0     000095bb  _frexp                                
0     0000b000  _TIMER1_ISR                           
0     0000b00a  _TIMER2_ISR                           
0     0000b014  _DATALOG_ISR                          
0     0000b01e  _RTOS_ISR                             
0     0000b028  _EMU_ISR                              
0     0000b032  _NMI_ISR                              
0     0000b03c  _ILLEGAL_ISR                          
0     0000b046  _USER1_ISR                            
0     0000b050  _USER2_ISR                            
0     0000b05a  _USER3_ISR                            
0     0000b064  _USER4_ISR                            
0     0000b06e  _USER5_ISR                            
0     0000b078  _USER6_ISR                            
0     0000b082  _USER7_ISR                            
0     0000b08c  _USER8_ISR                            
0     0000b096  _USER9_ISR                            
0     0000b0a0  _USER10_ISR                           
0     0000b0aa  _USER11_ISR                           
0     0000b0b4  _USER12_ISR                           
0     0000b0be  _ADCA1_ISR                            
0     0000b0c8  _ADCB1_ISR                            
0     0000b0d2  _ADCC1_ISR                            
0     0000b0dc  _XINT1_ISR                            
0     0000b0e6  _XINT2_ISR                            
0     0000b0f0  _ADCD1_ISR                            
0     0000b0fa  _TIMER0_ISR                           
0     0000b104  _WAKE_ISR                             
0     0000b10e  _EPWM1_TZ_ISR                         
0     0000b118  _EPWM2_TZ_ISR                         
0     0000b122  _EPWM3_TZ_ISR                         
0     0000b12c  _EPWM4_TZ_ISR                         
0     0000b136  _EPWM5_TZ_ISR                         
0     0000b140  _EPWM6_TZ_ISR                         
0     0000b14a  _EPWM7_TZ_ISR                         
0     0000b154  _EPWM8_TZ_ISR                         
0     0000b15e  _EPWM1_ISR                            
0     0000b168  _EPWM2_ISR                            
0     0000b172  _EPWM3_ISR                            
0     0000b17c  _EPWM4_ISR                            
0     0000b186  _EPWM5_ISR                            
0     0000b190  _EPWM6_ISR                            
0     0000b19a  _EPWM7_ISR                            
0     0000b1a4  _EPWM8_ISR                            
0     0000b1ae  _ECAP1_ISR                            
0     0000b1b8  _ECAP2_ISR                            
0     0000b1c2  _ECAP3_ISR                            
0     0000b1cc  _ECAP4_ISR                            
0     0000b1d6  _ECAP5_ISR                            
0     0000b1e0  _ECAP6_ISR                            
0     0000b1ea  _EQEP1_ISR                            
0     0000b1f4  _EQEP2_ISR                            
0     0000b1fe  _EQEP3_ISR                            
0     0000b208  _SPIA_RX_ISR                          
0     0000b212  _SPIA_TX_ISR                          
0     0000b21c  _SPIB_RX_ISR                          
0     0000b226  _SPIB_TX_ISR                          
0     0000b230  _MCBSPA_RX_ISR                        
0     0000b23a  _MCBSPA_TX_ISR                        
0     0000b244  _MCBSPB_RX_ISR                        
0     0000b24e  _MCBSPB_TX_ISR                        
0     0000b258  _DMA_CH1_ISR                          
0     0000b262  _DMA_CH2_ISR                          
0     0000b26c  _DMA_CH3_ISR                          
0     0000b276  _DMA_CH4_ISR                          
0     0000b280  _DMA_CH5_ISR                          
0     0000b28a  _DMA_CH6_ISR                          
0     0000b294  _I2CA_ISR                             
0     0000b29e  _I2CA_FIFO_ISR                        
0     0000b2a8  _I2CB_ISR                             
0     0000b2b2  _I2CB_FIFO_ISR                        
0     0000b2bc  _SCIC_RX_ISR                          
0     0000b2c6  _SCIC_TX_ISR                          
0     0000b2d0  _SCID_RX_ISR                          
0     0000b2da  _SCID_TX_ISR                          
0     0000b2e4  _SCIA_RX_ISR                          
0     0000b316  _SCIA_TX_ISR                          
0     0000b387  _SCIB_RX_ISR                          
0     0000b391  _SCIB_TX_ISR                          
0     0000b39b  _CANA0_ISR                            
0     0000b3a5  _CANA1_ISR                            
0     0000b3af  _CANB0_ISR                            
0     0000b3b9  _CANB1_ISR                            
0     0000b3c3  _ADCA_EVT_ISR                         
0     0000b3cd  _ADCA2_ISR                            
0     0000b3d7  _ADCA3_ISR                            
0     0000b3e1  _ADCA4_ISR                            
0     0000b3eb  _ADCB_EVT_ISR                         
0     0000b3f5  _ADCB2_ISR                            
0     0000b3ff  _ADCB3_ISR                            
0     0000b409  _ADCB4_ISR                            
0     0000b413  _CLA1_1_ISR                           
0     0000b41d  _CLA1_2_ISR                           
0     0000b427  _CLA1_3_ISR                           
0     0000b431  _CLA1_4_ISR                           
0     0000b43b  _CLA1_5_ISR                           
0     0000b445  _CLA1_6_ISR                           
0     0000b44f  _CLA1_7_ISR                           
0     0000b459  _CLA1_8_ISR                           
0     0000b463  _XINT3_ISR                            
0     0000b46d  _XINT4_ISR                            
0     0000b477  _XINT5_ISR                            
0     0000b481  _VCU_ISR                              
0     0000b48b  _FPU_OVERFLOW_ISR                     
0     0000b495  _FPU_UNDERFLOW_ISR                    
0     0000b49f  _IPC0_ISR                             
0     0000b4a9  _IPC1_ISR                             
0     0000b4b3  _IPC2_ISR                             
0     0000b4bd  _IPC3_ISR                             
0     0000b4c7  _EPWM9_TZ_ISR                         
0     0000b4d1  _EPWM10_TZ_ISR                        
0     0000b4db  _EPWM11_TZ_ISR                        
0     0000b4e5  _EPWM12_TZ_ISR                        
0     0000b4ef  _EPWM9_ISR                            
0     0000b4f9  _EPWM10_ISR                           
0     0000b503  _EPWM11_ISR                           
0     0000b50d  _EPWM12_ISR                           
0     0000b517  _SD1_ISR                              
0     0000b521  _SD2_ISR                              
0     0000b52b  _SPIC_RX_ISR                          
0     0000b535  _SPIC_TX_ISR                          
0     0000b53f  _UPPA_ISR                             
0     0000b549  _USBA_ISR                             
0     0000b553  _ADCC_EVT_ISR                         
0     0000b55d  _ADCC2_ISR                            
0     0000b567  _ADCC3_ISR                            
0     0000b571  _ADCC4_ISR                            
0     0000b57b  _ADCD_EVT_ISR                         
0     0000b585  _ADCD2_ISR                            
0     0000b58f  _ADCD3_ISR                            
0     0000b599  _ADCD4_ISR                            
0     0000b5a3  _EMIF_ERROR_ISR                       
0     0000b5ad  _RAM_CORRECTABLE_ERROR_ISR            
0     0000b5b7  _FLASH_CORRECTABLE_ERROR_ISR          
0     0000b5c1  _RAM_ACCESS_VIOLATION_ISR             
0     0000b5cb  _SYS_PLL_SLIP_ISR                     
0     0000b5d5  _AUX_PLL_SLIP_ISR                     
0     0000b5df  _CLA_OVERFLOW_ISR                     
0     0000b5e9  _CLA_UNDERFLOW_ISR                    
0     0000b5f3  _PIE_RESERVED_ISR                     
0     0000b5fd  _EMPTY_ISR                            
0     0000b60a  _NOTUSED_ISR                          
0     0000b614  _InitEPwmGpio                         
0     0000b61b  _InitEPwm                             
0     0000b630  _InitEPwm1Gpio                        
0     0000b642  _InitEPwm2Gpio                        
0     0000b654  _InitEPwm3Gpio                        
0     0000b668  _InitEPwm4Gpio                        
0     0000b67c  _InitEPwm5Gpio                        
0     0000b68e  _InitEPwm6Gpio                        
0     0000b6a0  _InitEPwm7Gpio                        
0     0000b6b4  _InitEPwm8Gpio                        
0     0000b6c8  _InitEPwm9Gpio                        
0     0000b6da  _InitEPwm10Gpio                       
0     0000b6ed  _InitEPwm11Gpio                       
0     0000b701  _InitEPwm12Gpio                       
0     0000b714  _InitEPwm1                            
0     0000b755  _InitEPwm6                            
0     0000b797  _InitEPwm7                            
0     0000b7da  _sqrt                                 
0     0003f800  _g_asIPCCPU2toCPU1Buffers             
0     0003f880  _g_usGetWriteIndexes                  
0     0003f884  _g_usPutReadIndexes                   
1     00000400  __stack                               
1     00000800  __STACK_END                           
1     00000b00  _AdcaResultRegs                       
1     00000b20  _AdcbResultRegs                       
1     00000b40  _AdccResultRegs                       
1     00000b60  _AdcdResultRegs                       
1     00000c00  _CpuTimer0Regs                        
1     00000c08  _CpuTimer1Regs                        
1     00000c10  _CpuTimer2Regs                        
1     00000ce0  _PieCtrlRegs                          
1     00000d00  _EmuKey                               
1     00000d00  _PieVectTable                         
1     00000d01  _EmuBMode                             
1     00001000  _DmaRegs                              
1     00001400  _Cla1Regs                             
1     00004000  _EPwm1Regs                            
1     00004100  _EPwm2Regs                            
1     00004200  _EPwm3Regs                            
1     00004300  _EPwm4Regs                            
1     00004400  _EPwm5Regs                            
1     00004500  _EPwm6Regs                            
1     00004600  _EPwm7Regs                            
1     00004700  _EPwm8Regs                            
1     00004800  _EPwm9Regs                            
1     00004900  _EPwm10Regs                           
1     00004a00  _EPwm11Regs                           
1     00004b00  _EPwm12Regs                           
1     00005000  _ECap1Regs                            
1     00005020  _ECap2Regs                            
1     00005040  _ECap3Regs                            
1     00005060  _ECap4Regs                            
1     00005080  _ECap5Regs                            
1     000050a0  _ECap6Regs                            
1     00005100  _EQep1Regs                            
1     00005140  _EQep2Regs                            
1     00005180  _EQep3Regs                            
1     00005c00  _DacaRegs                             
1     00005c10  _DacbRegs                             
1     00005c20  _DaccRegs                             
1     00005c80  _Cmpss1Regs                           
1     00005ca0  _Cmpss2Regs                           
1     00005cc0  _Cmpss3Regs                           
1     00005ce0  _Cmpss4Regs                           
1     00005d00  _Cmpss5Regs                           
1     00005d20  _Cmpss6Regs                           
1     00005d40  _Cmpss7Regs                           
1     00005d60  _Cmpss8Regs                           
1     00005e00  _Sdfm1Regs                            
1     00005e80  _Sdfm2Regs                            
1     00006000  _McbspaRegs                           
1     00006040  _McbspbRegs                           
1     00006100  _SpiaRegs                             
1     00006110  _SpibRegs                             
1     00006120  _SpicRegs                             
1     00006200  _UppRegs                              
1     00007000  _WdRegs                               
1     00007060  _NmiIntruptRegs                       
1     00007070  _XintRegs                             
1     00007200  _SciaRegs                             
1     00007210  _ScibRegs                             
1     00007220  _ScicRegs                             
1     00007230  _ScidRegs                             
1     00007300  _I2caRegs                             
1     00007340  _I2cbRegs                             
1     00007400  _AdcaRegs                             
1     00007480  _AdcbRegs                             
1     00007500  _AdccRegs                             
1     00007580  _AdcdRegs                             
1     00007900  _InputXbarRegs                        
1     00007920  _XbarRegs                             
1     00007940  _SyncSocRegs                          
1     00007980  _DmaClaSrcSelRegs                     
1     00007a00  _EPwmXbarRegs                         
1     00007a80  _OutputXbarRegs                       
1     00007c00  _GpioCtrlRegs                         
1     00007f00  _GpioDataRegs                         
1     0000a800  _Timer_200us                          
1     0000a801  _Timer_SCI                            
1     0000a802  _dir                                  
1     0000a803  _RX_flag                              
1     0000a804  _turns                                
1     0000a805  _Hall_status                          
1     0000a806  _TX_flag                              
1     0000a807  _Timer_100us                          
1     0000a808  _Timer_50us                           
1     0000a809  _Timer_500ms                          
1     0000a80a  _Timer_850us                          
1     0000a8a0  _IA_tmp                               
1     0000a8a2  _omega_n                              
1     0000a8a4  _IC_tmp                               
1     0000a8a6  _IB_tmp                               
1     0000a8a8  _omega_g                              
1     0000a8aa  _omega                                
1     0000a8ac  _omega_r                              
1     0000a8ae  _omega_tmp                            
1     0000a8b0  _ID_tmp                               
1     0000a8b2  _U_sci                                
1     0000a8b4  _V_C                                  
1     0000a8b6  _I_main                               
1     0000a8b8  _T2                                   
1     0000a8ba  _T1                                   
1     0000a8bc  _Ci                                   
1     0000a8be  _Bi                                   
1     0000a8c0  _Di                                   
1     0000a8c2  _V_B                                  
1     0000a8c4  _V_A                                  
1     0000a8c6  _T3                                   
1     0000a8c8  _theta_encoder                        
1     0000a8ca  _jiaodu                               
1     0000a8cc  _lTheta_dot                           
1     0000a8d0  _theta_dq                             
1     0000a8d2  _U_FBKq                               
1     0000a8d4  _U_FBKd                               
1     0000a8d6  _U_FFV                                
1     0000a8d8  _U_RFFq                               
1     0000a8da  _U_LFFq                               
1     0000a8de  _IA                                   
1     0000a8e0  _i_D                                  
1     0000a8e2  _IB                                   
1     0000a8e4  _ID                                   
1     0000a8e6  _IC                                   
1     0000a8e8  _Ai                                   
1     0000a8ea  _I_main_tmp                           
1     0000a8ec  _Usys_tmp                             
1     0000a8ee  _i_B                                  
1     0000a8f0  _i_A                                  
1     0000a8f2  _i_C                                  
1     0000a900  _RX_FRAME                             
1     0000a906  _TX_UPLOAD                            
1     0000a916  _TX_FRAME                             
1     0000a940  _McomData                             
1     0000a980  _rdataA_tail                          
1     0000a982  _rdataA_head                          
1     0000a988  _tdataA                               
1     0000a9c0  _rdataA                               
1     0000aa00  _SCI                                  
1     0000aa04  _MCBSP                                
1     0000aa08  _I2C                                  
1     0000aa0c  _SDFM                                 
1     0000aa12  _EQEP                                 
1     0000aa1a  _SPI                                  
1     0000aa22  _ADC                                  
1     0000aa2c  _ECAP                                 
1     0000aa40  _EPWM                                 
1     0000aa5a  _TRIP_SEL                             
1     0000aa78  ___TI_cleanup_ptr                     
1     0000aa7a  ___TI_dtors_ptr                       
1     0000aa7c  __lock                                
1     0000aa7e  __unlock                              
1     0000aa80  _last_turns                           
1     0000aa81  _num_teeth                            
1     0000aa82  _num_turns                            
1     0000aa86  _D1                                   
1     0000aa8d  _MTDAT2                               
1     0000aa94  _V2                                   
1     0000aa9b  _D2                                   
1     0000aaa2  _turn                                 
1     0000aaa9  _sel                                  
1     0000aab0  _MTDAT1                               
1     0000aab7  _MTDAT0                               
1     0000aabe  _errno                                
1     0000aae8  _CpuTimer1                            
1     0000aaf0  _CpuTimer2                            
1     0000aaf8  _CpuTimer0                            
1     0000ab00  _PieVectTableInit                     
1     0000acc8  _pi                                   
1     0000acca  _Rs                                   
1     0000accc  _Lq                                   
1     0003fc00  _g_asIPCCPU1toCPU2Buffers             
1     0003fc80  _g_usPutWriteIndexes                  
1     0003fc84  _g_usGetReadIndexes                   
1     00047000  _Emif1Regs                            
1     00047800  _Emif2Regs                            
1     00050000  _IpcRegs                              
1     00050024  _FlashPumpSemaphoreRegs               
1     0005d000  _DevCfgRegs                           
1     0005d180  _AnalogSubsysRegs                     
1     0005d200  _ClkCfgRegs                           
1     0005d300  _CpuSysRegs                           
1     0005e608  _RomPrefetchRegs                      
1     0005f000  _DcsmZ1Regs                           
1     0005f040  _DcsmZ2Regs                           
1     0005f070  _DcsmCommonRegs                       
1     0005f400  _MemCfgRegs                           
1     0005f480  _Emif1ConfigRegs                      
1     0005f4a0  _Emif2ConfigRegs                      
1     0005f4c0  _AccessProtectionRegs                 
1     0005f500  _MemoryErrorRegs                      
1     0005f540  _RomWaitStateRegs                     
1     0005f800  _Flash0CtrlRegs                       
1     0005fb00  _Flash0EccRegs                        
1     00078000  _DcsmZ1Otp                            
1     00078200  _DcsmZ2Otp                            
abs   00000400  __STACK_SIZE                          
abs   ffffffff  .text                                 
abs   ffffffff  ___binit__                            
abs   ffffffff  ___c_args__                           
abs   ffffffff  ___etext__                            
abs   ffffffff  ___pinit__                            
abs   ffffffff  ___text__                             
abs   ffffffff  binit                                 
abs   ffffffff  etext                                 
abs   ffffffff  pinit                                 

[475 symbols]
