******************************************************************************
             TMS320C2000 Linker PC v18.1.1                     
******************************************************************************
>> Linked Thu Oct 25 09:37:34 2018

OUTPUT FILE NAME:   <MotorCtrl_28377.out>
ENTRY POINT SYMBOL: "_c_int00"  address: 00084268


MEMORY CONFIGURATION

         name            origin    length      used     unused   attr    fill
----------------------  --------  ---------  --------  --------  ----  --------
PAGE 0:
  BEGIN                 00000000   00000002  00000002  00000000  RWIX
  RAMM0                 00000122   000002de  00000000  000002de  RWIX
  RAMLS0                00008000   00000800  00000004  000007fc  RWIX
  RAMLS0                00008000   00000800  00000000  00000800  RWIX
  RAMLS1                00008800   00000800  00000000  00000800  RWIX
  RAMLS1                00008800   00000800  00000000  00000800  RWIX
  RAMLS2                00009000   00000800  00000000  00000800  RWIX
  RAMLS2                00009000   00000800  00000000  00000800  RWIX
  RAMLS3                00009800   00000800  00000000  00000800  RWIX
  RAMLS3                00009800   00000800  00000000  00000800  RWIX
  RAMLS4                0000a000   00000800  00000000  00000800  RWIX
  RAMLS4                0000a000   00000800  00000000  00000800  RWIX
  RAMD0                 0000b000   00000800  00000000  00000800  RWIX
  RAMD0                 0000b000   00000800  00000000  00000800  RWIX
  RAMGS14               0001a000   00001000  00000000  00001000  RWIX
  RAMGS15               0001b000   00001000  00000000  00001000  RWIX
  RAMM0                 00020000   000007ff  00000000  000007ff  RWIX
  BEGIN                 00080000   00000002  00000000  00000002  RWIX
  FLASHA                00080002   00001ffe  00000000  00001ffe  RWIX
  FLASHB                00082000   00002000  00001ffa  00000006  RWIX
  FLASHC                00084000   00002000  00000403  00001bfd  RWIX
  FLASHD                00086000   00002000  00000004  00001ffc  RWIX
  FLASHE                00088000   00008000  00000000  00008000  RWIX
  FLASHF                00090000   00008000  000001c2  00007e3e  RWIX
  FLASHG                00098000   00008000  00000000  00008000  RWIX
  FLASHH                000a0000   00008000  00000000  00008000  RWIX
  FLASHI                000a8000   00008000  00000000  00008000  RWIX
  FLASHJ                000b0000   00008000  00000000  00008000  RWIX
  FLASHK                000b8000   00002000  00000000  00002000  RWIX
  FLASHL                000ba000   00002000  00000000  00002000  RWIX
  FLASHM                000bc000   00002000  00000000  00002000  RWIX
  FLASHN                000be000   00002000  00000000  00002000  RWIX
  FLASHO                000c0000   00002000  00000000  00002000  RWIX
  FLASHP                000c2000   00002000  00000000  00002000  RWIX
  FLASHQ                000c4000   00002000  00000000  00002000  RWIX
  FLASHR                000c6000   00002000  00000000  00002000  RWIX
  FLASHS                000c8000   00008000  00000000  00008000  RWIX
  FLASHT                000d0000   00008000  00000000  00008000  RWIX
  FLASHU                000d8000   00008000  00000000  00008000  RWIX
  FLASHV                000e0000   00008000  00000000  00008000  RWIX
  FLASHW                000e8000   00008000  00000000  00008000  RWIX
  FLASHX                000f0000   00008000  00000000  00008000  RWIX
  FLASHY                000f8000   00002000  00000000  00002000  RWIX
  FLASHZ                000fa000   00002000  00000000  00002000  RWIX
  FLASHAA               000fc000   00002000  00000000  00002000  RWIX
  FLASHAB               000fe000   00002000  00000000  00002000  RWIX
  RESET                 003fffc0   00000002  00000000  00000002  RWIX
  RESET                 003fffc0   00000002  00000000  00000002  RWIX

PAGE 1:
  BOOT_RSVD             00000002   00000120  00000000  00000120  RWIX
  BOOT_RSVD             00000002   00000120  00000000  00000120  RWIX
  RAMM1                 00000400   00000400  00000200  00000200  RWIX
  RAMM1                 00000400   00000400  00000000  00000400  RWIX
  ADCA_RESULT           00000b00   00000020  00000018  00000008  RWIX
  ADCB_RESULT           00000b20   00000020  00000018  00000008  RWIX
  ADCC_RESULT           00000b40   00000020  00000018  00000008  RWIX
  ADCD_RESULT           00000b60   00000020  00000018  00000008  RWIX
  CPU_TIMER0            00000c00   00000008  00000008  00000000  RWIX
  CPU_TIMER1            00000c08   00000008  00000008  00000000  RWIX
  CPU_TIMER2            00000c10   00000008  00000008  00000000  RWIX
  PIE_CTRL              00000ce0   00000020  0000001a  00000006  RWIX
  PIE_VECT              00000d00   00000200  000001c0  00000040  RWIX
  DMA                   00001000   00000200  000000e0  00000120  RWIX
  CLA1                  00001400   00000040  0000003e  00000002  RWIX
  EPWM1                 00004000   00000100  00000100  00000000  RWIX
  EPWM2                 00004100   00000100  00000100  00000000  RWIX
  EPWM3                 00004200   00000100  00000100  00000000  RWIX
  EPWM4                 00004300   00000100  00000100  00000000  RWIX
  EPWM5                 00004400   00000100  00000100  00000000  RWIX
  EPWM6                 00004500   00000100  00000100  00000000  RWIX
  EPWM7                 00004600   00000100  00000100  00000000  RWIX
  EPWM8                 00004700   00000100  00000100  00000000  RWIX
  EPWM9                 00004800   00000100  00000100  00000000  RWIX
  EPWM10                00004900   00000100  00000100  00000000  RWIX
  EPWM11                00004a00   00000100  00000100  00000000  RWIX
  EPWM12                00004b00   00000100  00000100  00000000  RWIX
  ECAP1                 00005000   00000020  00000020  00000000  RWIX
  ECAP2                 00005020   00000020  00000020  00000000  RWIX
  ECAP3                 00005040   00000020  00000020  00000000  RWIX
  ECAP4                 00005060   00000020  00000020  00000000  RWIX
  ECAP5                 00005080   00000020  00000020  00000000  RWIX
  ECAP6                 000050a0   00000020  00000020  00000000  RWIX
  EQEP1                 00005100   00000040  00000022  0000001e  RWIX
  EQEP2                 00005140   00000040  00000022  0000001e  RWIX
  EQEP3                 00005180   00000040  00000022  0000001e  RWIX
  DACA                  00005c00   00000010  00000008  00000008  RWIX
  DACB                  00005c10   00000010  00000008  00000008  RWIX
  DACC                  00005c20   00000010  00000008  00000008  RWIX
  CMPSS1                00005c80   00000020  00000020  00000000  RWIX
  CMPSS2                00005ca0   00000020  00000020  00000000  RWIX
  CMPSS3                00005cc0   00000020  00000020  00000000  RWIX
  CMPSS4                00005ce0   00000020  00000020  00000000  RWIX
  CMPSS5                00005d00   00000020  00000020  00000000  RWIX
  CMPSS6                00005d20   00000020  00000020  00000000  RWIX
  CMPSS7                00005d40   00000020  00000020  00000000  RWIX
  CMPSS8                00005d60   00000020  00000020  00000000  RWIX
  SDFM1                 00005e00   00000080  00000080  00000000  RWIX
  SDFM2                 00005e80   00000080  00000080  00000000  RWIX
  MCBSPA                00006000   00000040  00000024  0000001c  RWIX
  MCBSPB                00006040   00000040  00000024  0000001c  RWIX
  SPIA                  00006100   00000010  00000010  00000000  RWIX
  SPIB                  00006110   00000010  00000010  00000000  RWIX
  SPIC                  00006120   00000010  00000010  00000000  RWIX
  SPID                  00006130   00000010  00000000  00000010  RWIX
  UPP                   00006200   00000100  00000048  000000b8  RWIX
  WD                    00007000   00000040  0000002b  00000015  RWIX
  NMIINTRUPT            00007060   00000010  00000007  00000009  RWIX
  XINT                  00007070   00000010  0000000b  00000005  RWIX
  SCIA                  00007200   00000010  00000010  00000000  RWIX
  SCIB                  00007210   00000010  00000010  00000000  RWIX
  SCIC                  00007220   00000010  00000010  00000000  RWIX
  SCID                  00007230   00000010  00000010  00000000  RWIX
  I2CA                  00007300   00000040  00000022  0000001e  RWIX
  I2CB                  00007340   00000040  00000022  0000001e  RWIX
  ADCA                  00007400   00000080  00000080  00000000  RWIX
  ADCB                  00007480   00000080  00000080  00000000  RWIX
  ADCC                  00007500   00000080  00000080  00000000  RWIX
  ADCD                  00007580   00000080  00000080  00000000  RWIX
  INPUT_XBAR            00007900   00000020  00000020  00000000  RWIX
  XBAR                  00007920   00000020  00000020  00000000  RWIX
  SYNC_SOC              00007940   00000010  00000006  0000000a  RWIX
  DMACLASRCSEL          00007980   00000040  0000001a  00000026  RWIX
  EPWM_XBAR             00007a00   00000040  00000040  00000000  RWIX
  CLB_XBAR              00007a40   00000040  00000000  00000040  RWIX
  OUTPUT_XBAR           00007a80   00000040  00000040  00000000  RWIX
  GPIOCTRL              00007c00   00000180  00000180  00000000  RWIX
  GPIODAT               00007f00   00000030  00000030  00000000  RWIX
  RAMLS5                0000a800   00000800  00000364  0000049c  RWIX
  RAMLS5                0000a800   00000800  00000000  00000800  RWIX
  RAMD1                 0000b800   00000800  00000000  00000800  RWIX
  RAMD1                 0000b800   00000800  00000000  00000800  RWIX
  RAMGS0                0000c000   00001000  00000000  00001000  RWIX
  RAMGS0                0000c000   00001000  00000000  00001000  RWIX
  RAMGS1                0000d000   00001000  00000000  00001000  RWIX
  RAMGS1                0000d000   00001000  00000000  00001000  RWIX
  RAMGS2                0000e000   00001000  00000000  00001000  RWIX
  RAMGS2                0000e000   00001000  00000000  00001000  RWIX
  RAMGS3                0000f000   00001000  00000000  00001000  RWIX
  RAMGS3                0000f000   00001000  00000000  00001000  RWIX
  RAMGS4                00010000   00001000  00000000  00001000  RWIX
  RAMGS4                00010000   00001000  00000000  00001000  RWIX
  RAMGS5                00011000   00001000  00000000  00001000  RWIX
  RAMGS5                00011000   00001000  00000000  00001000  RWIX
  RAMGS6                00012000   00001000  00000000  00001000  RWIX
  RAMGS6                00012000   00001000  00000000  00001000  RWIX
  RAMGS7                00013000   00001000  00000000  00001000  RWIX
  RAMGS7                00013000   00001000  00000000  00001000  RWIX
  RAMGS8                00014000   00001000  00000000  00001000  RWIX
  RAMGS8                00014000   00001000  00000000  00001000  RWIX
  RAMGS9                00015000   00001000  00000000  00001000  RWIX
  RAMGS9                00015000   00001000  00000000  00001000  RWIX
  RAMGS10               00016000   00001000  00000000  00001000  RWIX
  RAMGS10               00016000   00001000  00000000  00001000  RWIX
  RAMGS11               00017000   00001000  00000000  00001000  RWIX
  RAMGS11               00017000   00001000  00000000  00001000  RWIX
  RAMGS12               00018000   00001000  00000000  00001000  RWIX
  RAMGS13               00019000   00001000  00000000  00001000  RWIX
  EMIF1                 00047000   00000800  00000070  00000790  RWIX
  EMIF2                 00047800   00000800  00000070  00000790  RWIX
  CANA                  00048000   00000800  00000164  0000069c  RWIX
  CANA_MSG_RAM          00049000   00000800  00000000  00000800  RWIX
  CANB                  0004a000   00000800  00000164  0000069c  RWIX
  CANB_MSG_RAM          0004b000   00000800  00000000  00000800  RWIX
  FLASHPUMPSEMAPHORE    00050024   00000002  00000002  00000000  RWIX
  DEV_CFG               0005d000   00000180  0000012e  00000052  RWIX
  ANALOG_SUBSYS         0005d180   00000080  00000048  00000038  RWIX
  CLK_CFG               0005d200   00000100  00000032  000000ce  RWIX
  CPU_SYS               0005d300   00000100  00000082  0000007e  RWIX
  ROMPREFETCH           0005e608   00000002  00000002  00000000  RWIX
  DCSM_Z1               0005f000   00000030  00000024  0000000c  RWIX
  DCSM_Z2               0005f040   00000030  00000024  0000000c  RWIX
  DCSM_COMMON           0005f070   00000010  00000008  00000008  RWIX
  MEMCFG                0005f400   00000080  00000080  00000000  RWIX
  EMIF1CONFIG           0005f480   00000020  00000020  00000000  RWIX
  EMIF2CONFIG           0005f4a0   00000020  00000020  00000000  RWIX
  ACCESSPROTECTION      0005f4c0   00000040  00000040  00000000  RWIX
  MEMORYERROR           0005f500   00000040  00000040  00000000  RWIX
  ROMWAITSTATE          0005f540   00000002  00000002  00000000  RWIX
  FLASH0_CTRL           0005f800   00000300  00000182  0000017e  RWIX
  FLASH0_ECC            0005fb00   00000040  00000028  00000018  RWIX
  FLASH1_CTRL           0005fc00   00000300  00000182  0000017e  RWIX
  FLASH1_ECC            0005ff00   00000040  00000028  00000018  RWIX
  DCSM_Z1_OTP           00078000   00000020  00000020  00000000  RWIX
  DCSM_Z2_OTP           00078200   00000020  00000020  00000000  RWIX


SECTION ALLOCATION MAP

 output                                  attributes/
section   page    origin      length       input sections
--------  ----  ----------  ----------   ----------------
.cinit     0    00082000    0000032f     
                  00082000    0000027e     main.obj (.cinit)
                  0008227e    00000062     F2837xS_struct.obj (.cinit)
                  000822e0    0000002d     SenlessCal.obj (.cinit)
                  0008230d    0000000e     rts2800_fpu32.lib : exit.c.obj (.cinit)
                  0008231b    00000005                       : _lock.c.obj (.cinit:__lock)
                  00082320    00000005                       : _lock.c.obj (.cinit:__unlock)
                  00082325    00000004     CtrlCal.obj (.cinit)
                  00082329    00000004     F2837xS_sci_io.obj (.cinit)
                  0008232d    00000002     --HOLE-- [fill = 0]

.pinit     0    00082000    00000000     UNINITIALIZED

codestart 
*          0    00000000    00000002     
                  00000000    00000002     F2837xS_CodeStartBranch.obj (codestart)

.TI.ramfunc 
*          0    00086000    00000004     RUN ADDR = 00008000
                  00086000    00000004     F2837xS_usDelay.obj (.TI.ramfunc)

.stack     1    00000400    00000200     UNINITIALIZED
                  00000400    00000200     --HOLE--

.reset     0    003fffc0    00000002     DSECT
                  003fffc0    00000002     rts2800_fpu32.lib : boot28.asm.obj (.reset)

.cinit     0    00000122    00000000     UNINITIALIZED

.pinit     0    00000122    00000000     UNINITIALIZED

.reset     0    003fffc0    00000000     DSECT

.econst    0    00090000    000001c2     
                  00090000    000001c0     F2837xS_PieVect.obj (.econst:_PieVectTableInit)
                  000901c0    00000002     rts2800_fpu32.lib : e_fmodf.c.obj (.econst)

AdcaResultFile 
*          1    00000b00    00000018     UNINITIALIZED
                  00000b00    00000018     F2837xS_GlobalVariableDefs.obj (AdcaResultFile)

AdcbResultFile 
*          1    00000b20    00000018     UNINITIALIZED
                  00000b20    00000018     F2837xS_GlobalVariableDefs.obj (AdcbResultFile)

AdccResultFile 
*          1    00000b40    00000018     UNINITIALIZED
                  00000b40    00000018     F2837xS_GlobalVariableDefs.obj (AdccResultFile)

AdcdResultFile 
*          1    00000b60    00000018     UNINITIALIZED
                  00000b60    00000018     F2837xS_GlobalVariableDefs.obj (AdcdResultFile)

CpuTimer0RegsFile 
*          1    00000c00    00000008     UNINITIALIZED
                  00000c00    00000008     F2837xS_GlobalVariableDefs.obj (CpuTimer0RegsFile)

CpuTimer1RegsFile 
*          1    00000c08    00000008     UNINITIALIZED
                  00000c08    00000008     F2837xS_GlobalVariableDefs.obj (CpuTimer1RegsFile)

CpuTimer2RegsFile 
*          1    00000c10    00000008     UNINITIALIZED
                  00000c10    00000008     F2837xS_GlobalVariableDefs.obj (CpuTimer2RegsFile)

PieCtrlRegsFile 
*          1    00000ce0    0000001a     UNINITIALIZED
                  00000ce0    0000001a     F2837xS_GlobalVariableDefs.obj (PieCtrlRegsFile)

PieVectTableFile 
*          1    00000d00    000001c0     UNINITIALIZED
                  00000d00    000001c0     F2837xS_GlobalVariableDefs.obj (PieVectTableFile)

EmuKeyVar 
*          1    00000d00    00000001     UNINITIALIZED
                  00000d00    00000001     F2837xS_GlobalVariableDefs.obj (EmuKeyVar)

EmuBModeVar 
*          1    00000d01    00000001     UNINITIALIZED
                  00000d01    00000001     F2837xS_GlobalVariableDefs.obj (EmuBModeVar)

FlashCallbackVar 
*          1    00000d02    00000000     UNINITIALIZED

FlashScalingVar 
*          1    00000d02    00000000     UNINITIALIZED

DmaRegsFile 
*          1    00001000    000000e0     UNINITIALIZED
                  00001000    000000e0     F2837xS_GlobalVariableDefs.obj (DmaRegsFile)

Cla1RegsFile 
*          1    00001400    0000003e     UNINITIALIZED
                  00001400    0000003e     F2837xS_GlobalVariableDefs.obj (Cla1RegsFile)

EPwm1RegsFile 
*          1    00004000    00000100     UNINITIALIZED
                  00004000    00000100     F2837xS_GlobalVariableDefs.obj (EPwm1RegsFile)

EPwm2RegsFile 
*          1    00004100    00000100     UNINITIALIZED
                  00004100    00000100     F2837xS_GlobalVariableDefs.obj (EPwm2RegsFile)

EPwm3RegsFile 
*          1    00004200    00000100     UNINITIALIZED
                  00004200    00000100     F2837xS_GlobalVariableDefs.obj (EPwm3RegsFile)

EPwm4RegsFile 
*          1    00004300    00000100     UNINITIALIZED
                  00004300    00000100     F2837xS_GlobalVariableDefs.obj (EPwm4RegsFile)

EPwm5RegsFile 
*          1    00004400    00000100     UNINITIALIZED
                  00004400    00000100     F2837xS_GlobalVariableDefs.obj (EPwm5RegsFile)

EPwm6RegsFile 
*          1    00004500    00000100     UNINITIALIZED
                  00004500    00000100     F2837xS_GlobalVariableDefs.obj (EPwm6RegsFile)

EPwm7RegsFile 
*          1    00004600    00000100     UNINITIALIZED
                  00004600    00000100     F2837xS_GlobalVariableDefs.obj (EPwm7RegsFile)

EPwm8RegsFile 
*          1    00004700    00000100     UNINITIALIZED
                  00004700    00000100     F2837xS_GlobalVariableDefs.obj (EPwm8RegsFile)

EPwm9RegsFile 
*          1    00004800    00000100     UNINITIALIZED
                  00004800    00000100     F2837xS_GlobalVariableDefs.obj (EPwm9RegsFile)

EPwm10RegsFile 
*          1    00004900    00000100     UNINITIALIZED
                  00004900    00000100     F2837xS_GlobalVariableDefs.obj (EPwm10RegsFile)

EPwm11RegsFile 
*          1    00004a00    00000100     UNINITIALIZED
                  00004a00    00000100     F2837xS_GlobalVariableDefs.obj (EPwm11RegsFile)

EPwm12RegsFile 
*          1    00004b00    00000100     UNINITIALIZED
                  00004b00    00000100     F2837xS_GlobalVariableDefs.obj (EPwm12RegsFile)

ECap1RegsFile 
*          1    00005000    00000020     UNINITIALIZED
                  00005000    00000020     F2837xS_GlobalVariableDefs.obj (ECap1RegsFile)

ECap2RegsFile 
*          1    00005020    00000020     UNINITIALIZED
                  00005020    00000020     F2837xS_GlobalVariableDefs.obj (ECap2RegsFile)

ECap3RegsFile 
*          1    00005040    00000020     UNINITIALIZED
                  00005040    00000020     F2837xS_GlobalVariableDefs.obj (ECap3RegsFile)

ECap4RegsFile 
*          1    00005060    00000020     UNINITIALIZED
                  00005060    00000020     F2837xS_GlobalVariableDefs.obj (ECap4RegsFile)

ECap5RegsFile 
*          1    00005080    00000020     UNINITIALIZED
                  00005080    00000020     F2837xS_GlobalVariableDefs.obj (ECap5RegsFile)

ECap6RegsFile 
*          1    000050a0    00000020     UNINITIALIZED
                  000050a0    00000020     F2837xS_GlobalVariableDefs.obj (ECap6RegsFile)

EQep1RegsFile 
*          1    00005100    00000022     UNINITIALIZED
                  00005100    00000022     F2837xS_GlobalVariableDefs.obj (EQep1RegsFile)

EQep2RegsFile 
*          1    00005140    00000022     UNINITIALIZED
                  00005140    00000022     F2837xS_GlobalVariableDefs.obj (EQep2RegsFile)

EQep3RegsFile 
*          1    00005180    00000022     UNINITIALIZED
                  00005180    00000022     F2837xS_GlobalVariableDefs.obj (EQep3RegsFile)

DacaRegsFile 
*          1    00005c00    00000008     UNINITIALIZED
                  00005c00    00000008     F2837xS_GlobalVariableDefs.obj (DacaRegsFile)

DacbRegsFile 
*          1    00005c10    00000008     UNINITIALIZED
                  00005c10    00000008     F2837xS_GlobalVariableDefs.obj (DacbRegsFile)

DaccRegsFile 
*          1    00005c20    00000008     UNINITIALIZED
                  00005c20    00000008     F2837xS_GlobalVariableDefs.obj (DaccRegsFile)

Sdfm1RegsFile 
*          1    00005e00    00000080     UNINITIALIZED
                  00005e00    00000080     F2837xS_GlobalVariableDefs.obj (Sdfm1RegsFile)

Sdfm2RegsFile 
*          1    00005e80    00000080     UNINITIALIZED
                  00005e80    00000080     F2837xS_GlobalVariableDefs.obj (Sdfm2RegsFile)

McbspaRegsFile 
*          1    00006000    00000024     UNINITIALIZED
                  00006000    00000024     F2837xS_GlobalVariableDefs.obj (McbspaRegsFile)

McbspbRegsFile 
*          1    00006040    00000024     UNINITIALIZED
                  00006040    00000024     F2837xS_GlobalVariableDefs.obj (McbspbRegsFile)

SpiaRegsFile 
*          1    00006100    00000010     UNINITIALIZED
                  00006100    00000010     F2837xS_GlobalVariableDefs.obj (SpiaRegsFile)

SpibRegsFile 
*          1    00006110    00000010     UNINITIALIZED
                  00006110    00000010     F2837xS_GlobalVariableDefs.obj (SpibRegsFile)

SpicRegsFile 
*          1    00006120    00000010     UNINITIALIZED
                  00006120    00000010     F2837xS_GlobalVariableDefs.obj (SpicRegsFile)

UppRegsFile 
*          1    00006200    00000048     UNINITIALIZED
                  00006200    00000048     F2837xS_GlobalVariableDefs.obj (UppRegsFile)

WdRegsFile 
*          1    00007000    0000002b     UNINITIALIZED
                  00007000    0000002b     F2837xS_GlobalVariableDefs.obj (WdRegsFile)

NmiIntruptRegsFile 
*          1    00007060    00000007     UNINITIALIZED
                  00007060    00000007     F2837xS_GlobalVariableDefs.obj (NmiIntruptRegsFile)

XintRegsFile 
*          1    00007070    0000000b     UNINITIALIZED
                  00007070    0000000b     F2837xS_GlobalVariableDefs.obj (XintRegsFile)

SciaRegsFile 
*          1    00007200    00000010     UNINITIALIZED
                  00007200    00000010     F2837xS_GlobalVariableDefs.obj (SciaRegsFile)

ScibRegsFile 
*          1    00007210    00000010     UNINITIALIZED
                  00007210    00000010     F2837xS_GlobalVariableDefs.obj (ScibRegsFile)

ScicRegsFile 
*          1    00007220    00000010     UNINITIALIZED
                  00007220    00000010     F2837xS_GlobalVariableDefs.obj (ScicRegsFile)

ScidRegsFile 
*          1    00007230    00000010     UNINITIALIZED
                  00007230    00000010     F2837xS_GlobalVariableDefs.obj (ScidRegsFile)

I2caRegsFile 
*          1    00007300    00000022     UNINITIALIZED
                  00007300    00000022     F2837xS_GlobalVariableDefs.obj (I2caRegsFile)

I2cbRegsFile 
*          1    00007340    00000022     UNINITIALIZED
                  00007340    00000022     F2837xS_GlobalVariableDefs.obj (I2cbRegsFile)

AdcaRegsFile 
*          1    00007400    00000080     UNINITIALIZED
                  00007400    00000080     F2837xS_GlobalVariableDefs.obj (AdcaRegsFile)

AdcbRegsFile 
*          1    00007480    00000080     UNINITIALIZED
                  00007480    00000080     F2837xS_GlobalVariableDefs.obj (AdcbRegsFile)

AdccRegsFile 
*          1    00007500    00000080     UNINITIALIZED
                  00007500    00000080     F2837xS_GlobalVariableDefs.obj (AdccRegsFile)

AdcdRegsFile 
*          1    00007580    00000080     UNINITIALIZED
                  00007580    00000080     F2837xS_GlobalVariableDefs.obj (AdcdRegsFile)

InputXbarRegsFile 
*          1    00007900    00000020     UNINITIALIZED
                  00007900    00000020     F2837xS_GlobalVariableDefs.obj (InputXbarRegsFile)

XbarRegsFile 
*          1    00007920    00000020     UNINITIALIZED
                  00007920    00000020     F2837xS_GlobalVariableDefs.obj (XbarRegsFile)

SyncSocRegsFile 
*          1    00007940    00000006     UNINITIALIZED
                  00007940    00000006     F2837xS_GlobalVariableDefs.obj (SyncSocRegsFile)

DmaClaSrcSelRegsFile 
*          1    00007980    0000001a     UNINITIALIZED
                  00007980    0000001a     F2837xS_GlobalVariableDefs.obj (DmaClaSrcSelRegsFile)

EPwmXbarRegsFile 
*          1    00007a00    00000040     UNINITIALIZED
                  00007a00    00000040     F2837xS_GlobalVariableDefs.obj (EPwmXbarRegsFile)

OutputXbarRegsFile 
*          1    00007a80    00000040     UNINITIALIZED
                  00007a80    00000040     F2837xS_GlobalVariableDefs.obj (OutputXbarRegsFile)

GpioCtrlRegsFile 
*          1    00007c00    00000180     UNINITIALIZED
                  00007c00    00000180     F2837xS_GlobalVariableDefs.obj (GpioCtrlRegsFile)

GpioDataRegsFile 
*          1    00007f00    00000030     UNINITIALIZED
                  00007f00    00000030     F2837xS_GlobalVariableDefs.obj (GpioDataRegsFile)

Emif1RegsFile 
*          1    00047000    00000070     UNINITIALIZED
                  00047000    00000070     F2837xS_GlobalVariableDefs.obj (Emif1RegsFile)

Emif2RegsFile 
*          1    00047800    00000070     UNINITIALIZED
                  00047800    00000070     F2837xS_GlobalVariableDefs.obj (Emif2RegsFile)

CanaRegsFile 
*          1    00048000    00000164     UNINITIALIZED
                  00048000    00000164     F2837xS_GlobalVariableDefs.obj (CanaRegsFile)

CanbRegsFile 
*          1    0004a000    00000164     UNINITIALIZED
                  0004a000    00000164     F2837xS_GlobalVariableDefs.obj (CanbRegsFile)

FlashPumpSemaphoreRegsFile 
*          1    00050024    00000002     UNINITIALIZED
                  00050024    00000002     F2837xS_GlobalVariableDefs.obj (FlashPumpSemaphoreRegsFile)

AnalogSubsysRegsFile 
*          1    0005d180    00000048     UNINITIALIZED
                  0005d180    00000048     F2837xS_GlobalVariableDefs.obj (AnalogSubsysRegsFile)

Cla1SoftIntRegsFile 
*          1    00000ce0    00000004     DSECT
                  00000ce0    00000004     F2837xS_GlobalVariableDefs.obj (Cla1SoftIntRegsFile)

Cmpss1RegsFile 
*          1    00005c80    00000020     UNINITIALIZED
                  00005c80    00000020     F2837xS_GlobalVariableDefs.obj (Cmpss1RegsFile)

Cmpss2RegsFile 
*          1    00005ca0    00000020     UNINITIALIZED
                  00005ca0    00000020     F2837xS_GlobalVariableDefs.obj (Cmpss2RegsFile)

Cmpss3RegsFile 
*          1    00005cc0    00000020     UNINITIALIZED
                  00005cc0    00000020     F2837xS_GlobalVariableDefs.obj (Cmpss3RegsFile)

Cmpss4RegsFile 
*          1    00005ce0    00000020     UNINITIALIZED
                  00005ce0    00000020     F2837xS_GlobalVariableDefs.obj (Cmpss4RegsFile)

Cmpss5RegsFile 
*          1    00005d00    00000020     UNINITIALIZED
                  00005d00    00000020     F2837xS_GlobalVariableDefs.obj (Cmpss5RegsFile)

Cmpss6RegsFile 
*          1    00005d20    00000020     UNINITIALIZED
                  00005d20    00000020     F2837xS_GlobalVariableDefs.obj (Cmpss6RegsFile)

Cmpss7RegsFile 
*          1    00005d40    00000020     UNINITIALIZED
                  00005d40    00000020     F2837xS_GlobalVariableDefs.obj (Cmpss7RegsFile)

Cmpss8RegsFile 
*          1    00005d60    00000020     UNINITIALIZED
                  00005d60    00000020     F2837xS_GlobalVariableDefs.obj (Cmpss8RegsFile)

RomPrefetchRegsFile 
*          1    0005e608    00000002     UNINITIALIZED
                  0005e608    00000002     F2837xS_GlobalVariableDefs.obj (RomPrefetchRegsFile)

DcsmZ1RegsFile 
*          1    0005f000    00000024     UNINITIALIZED
                  0005f000    00000024     F2837xS_GlobalVariableDefs.obj (DcsmZ1RegsFile)

DcsmZ2RegsFile 
*          1    0005f040    00000024     UNINITIALIZED
                  0005f040    00000024     F2837xS_GlobalVariableDefs.obj (DcsmZ2RegsFile)

DcsmCommonRegsFile 
*          1    0005f070    00000008     UNINITIALIZED
                  0005f070    00000008     F2837xS_GlobalVariableDefs.obj (DcsmCommonRegsFile)

MemCfgRegsFile 
*          1    0005f400    00000080     UNINITIALIZED
                  0005f400    00000080     F2837xS_GlobalVariableDefs.obj (MemCfgRegsFile)

Emif1ConfigRegsFile 
*          1    0005f480    00000020     UNINITIALIZED
                  0005f480    00000020     F2837xS_GlobalVariableDefs.obj (Emif1ConfigRegsFile)

Emif2ConfigRegsFile 
*          1    0005f4a0    00000020     UNINITIALIZED
                  0005f4a0    00000020     F2837xS_GlobalVariableDefs.obj (Emif2ConfigRegsFile)

AccessProtectionRegsFile 
*          1    0005f4c0    00000040     UNINITIALIZED
                  0005f4c0    00000040     F2837xS_GlobalVariableDefs.obj (AccessProtectionRegsFile)

MemoryErrorRegsFile 
*          1    0005f500    00000040     UNINITIALIZED
                  0005f500    00000040     F2837xS_GlobalVariableDefs.obj (MemoryErrorRegsFile)

RomWaitStateRegsFile 
*          1    0005f540    00000002     UNINITIALIZED
                  0005f540    00000002     F2837xS_GlobalVariableDefs.obj (RomWaitStateRegsFile)

Flash0CtrlRegsFile 
*          1    0005f800    00000182     UNINITIALIZED
                  0005f800    00000182     F2837xS_GlobalVariableDefs.obj (Flash0CtrlRegsFile)

Flash0EccRegsFile 
*          1    0005fb00    00000028     UNINITIALIZED
                  0005fb00    00000028     F2837xS_GlobalVariableDefs.obj (Flash0EccRegsFile)

Flash1CtrlRegsFile 
*          1    0005fc00    00000182     UNINITIALIZED
                  0005fc00    00000182     F2837xS_GlobalVariableDefs.obj (Flash1CtrlRegsFile)

Flash1EccRegsFile 
*          1    0005ff00    00000028     UNINITIALIZED
                  0005ff00    00000028     F2837xS_GlobalVariableDefs.obj (Flash1EccRegsFile)

DcsmZ1OtpFile 
*          1    00078000    00000020     NOLOAD SECTION
                  00078000    00000020     F2837xS_GlobalVariableDefs.obj (DcsmZ1OtpFile)

DcsmZ2OtpFile 
*          1    00078200    00000020     NOLOAD SECTION
                  00078200    00000020     F2837xS_GlobalVariableDefs.obj (DcsmZ2OtpFile)

DevCfgRegsFile 
*          1    0005d000    0000012e     UNINITIALIZED
                  0005d000    0000012e     F2837xS_GlobalVariableDefs.obj (DevCfgRegsFile)

ClkCfgRegsFile 
*          1    0005d200    00000032     UNINITIALIZED
                  0005d200    00000032     F2837xS_GlobalVariableDefs.obj (ClkCfgRegsFile)

CpuSysRegsFile 
*          1    0005d300    00000082     UNINITIALIZED
                  0005d300    00000082     F2837xS_GlobalVariableDefs.obj (CpuSysRegsFile)

.text.1    0    00082330    00001ccb     
                  00082330    00000567     F2837xS_DefaultISR.obj (.text:retain)
                  00082897    000004ab     main.obj (.text:retain)
                  00082d42    00000358     InitADCx.obj (.text)
                  0008309a    00000339     F2837xS_SysCtrl.obj (.text)
                  000833d3    00000272     CoordTrans.obj (.text)
                  00083645    00000244     F2837xS_Gpio.obj (.text)
                  00083889    0000023c     main.obj (.text)
                  00083ac5    0000019d     InitEPWMx.obj (.text)
                  00083c62    00000141     CtrlCal.obj (.text)
                  00083da3    00000116     F2837xS_EPwm.obj (.text)
                  00083eb9    000000dd     F2837xS_Adc.obj (.text)
                  00083f96    00000056     F2837xS_Sci.obj (.text)
                  00083fec    00000009     rts2800_fpu32.lib : _lock.c.obj (.text)
                  00083ff5    00000003     F2837xS_DBGIER.obj (.text)
                  00083ff8    00000002     rts2800_fpu32.lib : pre_init.c.obj (.text)
                  00083ffa    00000001                       : startup.c.obj (.text)

.text.2    0    00084000    00000403     
                  00084000    000000ca     F2837xS_TempSensorConv.obj (.text)
                  000840ca    0000009a     F2837xS_EQep.obj (.text)
                  00084164    00000088     rts2800_fpu32.lib : fs_div28.asm.obj (.text)
                  000841ec    0000007c     InitSCIx.obj (.text)
                  00084268    00000056     rts2800_fpu32.lib : boot28.asm.obj (.text)
                  000842be    0000004a     InitDACx.obj (.text)
                  00084308    00000029     InitEQEPx.obj (.text)
                  00084331    00000029     rts2800_fpu32.lib : exit.c.obj (.text)
                  0008435a    00000028     F2837xS_PieCtrl.obj (.text)
                  00084382    00000026     F2837xS_PieVect.obj (.text)
                  000843a8    00000024     rts2800_fpu32.lib : cpy_tbl.c.obj (.text)
                  000843cc    0000001e                       : memcpy.c.obj (.text)
                  000843ea    00000019                       : args_main.c.obj (.text)

.ebss      1    0000a800    00000364     UNINITIALIZED
                  0000a800    000002bc     main.obj (.ebss)
                  0000aabc    00000002     rts2800_fpu32.lib : _lock.c.obj (.ebss:__lock)
                  0000aabe    00000002                       : _lock.c.obj (.ebss:__unlock)
                  0000aac0    0000005a     F2837xS_struct.obj (.ebss)
                  0000ab1a    00000024     SenlessCal.obj (.ebss)
                  0000ab3e    00000001     CtrlCal.obj (.ebss)
                  0000ab3f    00000001     F2837xS_sci_io.obj (.ebss)
                  0000ab40    00000018     F2837xS_CpuTimers.obj (.ebss)
                  0000ab58    00000006     F2837xS_TempSensorConv.obj (.ebss)
                  0000ab5e    00000006     rts2800_fpu32.lib : exit.c.obj (.ebss)

MODULE SUMMARY

       Module                           code   initialized data   uninitialized data
       ------                           ----   ----------------   ------------------
    .\
       main.obj                         1767   638                700               
    +--+--------------------------------+------+------------------+--------------------+
       Total:                           1767   638                700               
                                                                                    
    .\source\
       CoordTrans.obj                   626    0                  0                 
       CtrlCal.obj                      321    4                  1                 
       SenlessCal.obj                   0      45                 36                
    +--+--------------------------------+------+------------------+--------------------+
       Total:                           947    49                 37                
                                                                                    
    .\source\InitFunctions\
       InitADCx.obj                     856    0                  0                 
       InitEPWMx.obj                    413    0                  0                 
       InitSCIx.obj                     124    0                  0                 
       InitDACx.obj                     74     0                  0                 
       InitEQEPx.obj                    41     0                  0                 
    +--+--------------------------------+------+------------------+--------------------+
       Total:                           1508   0                  0                 
                                                                                    
    .\source\SysFunctions\
       F2837xS_GlobalVariableDefs.obj   0      0                  9149              
       F2837xS_DefaultISR.obj           1383   0                  0                 
       F2837xS_SysCtrl.obj              825    0                  0                 
       F2837xS_Gpio.obj                 580    0                  0                 
       F2837xS_PieVect.obj              38     448                0                 
       F2837xS_EPwm.obj                 278    0                  0                 
       F2837xS_Adc.obj                  221    0                  0                 
       F2837xS_TempSensorConv.obj       202    0                  6                 
       F2837xS_struct.obj               0      98                 90                
       F2837xS_EQep.obj                 154    0                  0                 
       F2837xS_Sci.obj                  86     0                  0                 
       F2837xS_PieCtrl.obj              40     0                  0                 
       F2837xS_CpuTimers.obj            0      0                  24                
       F2837xS_usDelay.obj              8      0                  0                 
       F2837xS_sci_io.obj               0      4                  1                 
       F2837xS_DBGIER.obj               3      0                  0                 
       F2837xS_CodeStartBranch.obj      2      0                  0                 
    +--+--------------------------------+------+------------------+--------------------+
       Total:                           3820   550                9270              
                                                                                    
    C:/ti/ccsv8/tools/compiler/ti-cgt-c2000_18.1.1.LTS/lib/rts2800_fpu32.lib
       fs_div28.asm.obj                 136    0                  0                 
       boot28.asm.obj                   86     0                  0                 
       exit.c.obj                       41     14                 6                 
       cpy_tbl.c.obj                    36     0                  0                 
       memcpy.c.obj                     30     0                  0                 
       args_main.c.obj                  25     0                  0                 
       _lock.c.obj                      9      10                 4                 
       e_fmodf.c.obj                    0      2                  0                 
       pre_init.c.obj                   2      0                  0                 
       startup.c.obj                    1      0                  0                 
    +--+--------------------------------+------+------------------+--------------------+
       Total:                           366    26                 10                
                                                                                    
       Stack:                           0      0                  512               
    +--+--------------------------------+------+------------------+--------------------+
       Grand Total:                     8408   1263               10529             


GLOBAL DATA SYMBOLS: SORTED BY DATA PAGE

address     data page           name
--------    ----------------    ----
00000400      10 (00000400)     __stack

00000b00      2c (00000b00)     _AdcaResultRegs
00000b20      2c (00000b00)     _AdcbResultRegs

00000b40      2d (00000b40)     _AdccResultRegs
00000b60      2d (00000b40)     _AdcdResultRegs

00000c00      30 (00000c00)     _CpuTimer0Regs
00000c08      30 (00000c00)     _CpuTimer1Regs
00000c10      30 (00000c00)     _CpuTimer2Regs

00000ce0      33 (00000cc0)     _Cla1SoftIntRegs
00000ce0      33 (00000cc0)     _PieCtrlRegs

00000d00      34 (00000d00)     _EmuKey
00000d00      34 (00000d00)     _PieVectTable
00000d01      34 (00000d00)     _EmuBMode

00001000      40 (00001000)     _DmaRegs

00001400      50 (00001400)     _Cla1Regs

00004000     100 (00004000)     _EPwm1Regs

00004100     104 (00004100)     _EPwm2Regs

00004200     108 (00004200)     _EPwm3Regs

00004300     10c (00004300)     _EPwm4Regs

00004400     110 (00004400)     _EPwm5Regs

00004500     114 (00004500)     _EPwm6Regs

00004600     118 (00004600)     _EPwm7Regs

00004700     11c (00004700)     _EPwm8Regs

00004800     120 (00004800)     _EPwm9Regs

00004900     124 (00004900)     _EPwm10Regs

00004a00     128 (00004a00)     _EPwm11Regs

00004b00     12c (00004b00)     _EPwm12Regs

00005000     140 (00005000)     _ECap1Regs
00005020     140 (00005000)     _ECap2Regs

00005040     141 (00005040)     _ECap3Regs
00005060     141 (00005040)     _ECap4Regs

00005080     142 (00005080)     _ECap5Regs
000050a0     142 (00005080)     _ECap6Regs

00005100     144 (00005100)     _EQep1Regs

00005140     145 (00005140)     _EQep2Regs

00005180     146 (00005180)     _EQep3Regs

00005c00     170 (00005c00)     _DacaRegs
00005c10     170 (00005c00)     _DacbRegs
00005c20     170 (00005c00)     _DaccRegs

00005c80     172 (00005c80)     _Cmpss1Regs
00005ca0     172 (00005c80)     _Cmpss2Regs

00005cc0     173 (00005cc0)     _Cmpss3Regs
00005ce0     173 (00005cc0)     _Cmpss4Regs

00005d00     174 (00005d00)     _Cmpss5Regs
00005d20     174 (00005d00)     _Cmpss6Regs

00005d40     175 (00005d40)     _Cmpss7Regs
00005d60     175 (00005d40)     _Cmpss8Regs

00005e00     178 (00005e00)     _Sdfm1Regs

00005e80     17a (00005e80)     _Sdfm2Regs

00006000     180 (00006000)     _McbspaRegs

00006040     181 (00006040)     _McbspbRegs

00006100     184 (00006100)     _SpiaRegs
00006110     184 (00006100)     _SpibRegs
00006120     184 (00006100)     _SpicRegs

00006200     188 (00006200)     _UppRegs

00007000     1c0 (00007000)     _WdRegs

00007060     1c1 (00007040)     _NmiIntruptRegs
00007070     1c1 (00007040)     _XintRegs

00007200     1c8 (00007200)     _SciaRegs
00007210     1c8 (00007200)     _ScibRegs
00007220     1c8 (00007200)     _ScicRegs
00007230     1c8 (00007200)     _ScidRegs

00007300     1cc (00007300)     _I2caRegs

00007340     1cd (00007340)     _I2cbRegs

00007400     1d0 (00007400)     _AdcaRegs

00007480     1d2 (00007480)     _AdcbRegs

00007500     1d4 (00007500)     _AdccRegs

00007580     1d6 (00007580)     _AdcdRegs

00007900     1e4 (00007900)     _InputXbarRegs
00007920     1e4 (00007900)     _XbarRegs

00007940     1e5 (00007940)     _SyncSocRegs

00007980     1e6 (00007980)     _DmaClaSrcSelRegs

00007a00     1e8 (00007a00)     _EPwmXbarRegs

00007a80     1ea (00007a80)     _OutputXbarRegs

00007c00     1f0 (00007c00)     _GpioCtrlRegs

00007f00     1fc (00007f00)     _GpioDataRegs

0000a800     2a0 (0000a800)     _VV_INDEX_old
0000a801     2a0 (0000a800)     _RecFrameCNT
0000a802     2a0 (0000a800)     _RecFrameErr
0000a803     2a0 (0000a800)     _iii
0000a804     2a0 (0000a800)     _SendFrameCNT
0000a805     2a0 (0000a800)     _HandShakeFlag
0000a806     2a0 (0000a800)     _VelCtrlCNT
0000a807     2a0 (0000a800)     _RecFrameFlag
0000a808     2a0 (0000a800)     _SendFrameFlag
0000a809     2a0 (0000a800)     _iiii
0000a80a     2a0 (0000a800)     _DAC_a
0000a80b     2a0 (0000a800)     _counter
0000a80c     2a0 (0000a800)     _MotorRunFlag
0000a80d     2a0 (0000a800)     _DAC_b
0000a80e     2a0 (0000a800)     _RecValue
0000a810     2a0 (0000a800)     _ob7
0000a812     2a0 (0000a800)     _x
0000a814     2a0 (0000a800)     _y1
0000a816     2a0 (0000a800)     _ImgTheta
0000a818     2a0 (0000a800)     _SendValue
0000a81a     2a0 (0000a800)     _ob2
0000a81c     2a0 (0000a800)     _ob3
0000a81e     2a0 (0000a800)     _ob1
0000a820     2a0 (0000a800)     _ob5
0000a822     2a0 (0000a800)     _ob6
0000a824     2a0 (0000a800)     _Vector_Ratio
0000a826     2a0 (0000a800)     _ob4
0000a828     2a0 (0000a800)     _EstVelocity
0000a82a     2a0 (0000a800)     _Velocity
0000a82c     2a0 (0000a800)     _EstElecTheta
0000a82e     2a0 (0000a800)     _ElecTheta
0000a830     2a0 (0000a800)     _y2
0000a832     2a0 (0000a800)     _OmegaE
0000a834     2a0 (0000a800)     _Torque
0000a836     2a0 (0000a800)     _Isk
0000a83a     2a0 (0000a800)     _Isk1

0000a840     2a1 (0000a840)     _EMFk
0000a844     2a1 (0000a840)     _udcob
0000a848     2a1 (0000a840)     _Udc
0000a84c     2a1 (0000a840)     _RecFrame
0000a852     2a1 (0000a840)     _IyPID
0000a858     2a1 (0000a840)     _VelocityPID
0000a85e     2a1 (0000a840)     _CapPID
0000a864     2a1 (0000a840)     _IqPID
0000a86a     2a1 (0000a840)     _IdPID
0000a870     2a1 (0000a840)     _TorquePID
0000a876     2a1 (0000a840)     _IxPID

0000a880     2a2 (0000a880)     _Usk
0000a88a     2a2 (0000a880)     _Usk1
0000a894     2a2 (0000a880)     _DutyCycle
0000a89e     2a2 (0000a880)     _VelPIDParas
0000a8a8     2a2 (0000a880)     _Psi2pRCS
0000a8b2     2a2 (0000a880)     _IqPIDParas

0000a8c0     2a3 (0000a8c0)     _IxPIDParas
0000a8ca     2a3 (0000a8c0)     _WindingTemp
0000a8d4     2a3 (0000a8c0)     _I2pRCS
0000a8de     2a3 (0000a8c0)     _UOriSCS
0000a8e8     2a3 (0000a8c0)     _IOriSCS
0000a8f2     2a3 (0000a8c0)     _Psi2pSCS

0000a900     2a4 (0000a900)     _IdPIDParas
0000a90a     2a4 (0000a900)     _I2pSCS
0000a914     2a4 (0000a900)     _Ualbek
0000a91e     2a4 (0000a900)     _Ualbek1
0000a928     2a4 (0000a900)     _IyPIDParas
0000a932     2a4 (0000a900)     _E2pSCS

0000a940     2a5 (0000a940)     _iab0
0000a94c     2a5 (0000a940)     _iabc
0000a958     2a5 (0000a940)     _idq0
0000a964     2a5 (0000a940)     _VVV_Big_Real

0000a980     2a6 (0000a980)     _VVV_Big_Imag
0000a998     2a6 (0000a980)     _VVV_Mid_Real

0000a9c0     2a7 (0000a9c0)     _VVV_Real
0000a9d8     2a7 (0000a9c0)     _g

0000aa00     2a8 (0000aa00)     _VVV_Imag
0000aa18     2a8 (0000aa00)     _VVV_Mid_Imag

0000aa40     2a9 (0000aa40)     _Switch_NumMid

0000aa80     2aa (0000aa80)     _Switch_NumBig
0000aabc     2aa (0000aa80)     __lock
0000aabe     2aa (0000aa80)     __unlock

0000aac0     2ab (0000aac0)     _MCBSP
0000aac4     2ab (0000aac0)     _I2C
0000aac8     2ab (0000aac0)     _SCI
0000aacc     2ab (0000aac0)     _SDFM
0000aad2     2ab (0000aac0)     _EQEP
0000aada     2ab (0000aac0)     _SPI
0000aae2     2ab (0000aac0)     _ECAP

0000ab00     2ac (0000ab00)     _EPWM
0000ab1c     2ac (0000ab00)     _pllout
0000ab20     2ac (0000ab00)     _e2pscs
0000ab3f     2ac (0000ab00)     _deviceOpen

0000ab40     2ad (0000ab40)     _CpuTimer1
0000ab48     2ad (0000ab40)     _CpuTimer2
0000ab50     2ad (0000ab40)     _CpuTimer0
0000ab58     2ad (0000ab40)     _tempSensor_tempOffset
0000ab5a     2ad (0000ab40)     _tempSensor_scaleFactor
0000ab5c     2ad (0000ab40)     _tempSensor_tempSlope
0000ab5e     2ad (0000ab40)     ___TI_enable_exit_profile_output
0000ab60     2ad (0000ab40)     ___TI_cleanup_ptr
0000ab62     2ad (0000ab40)     ___TI_dtors_ptr

00047000    11c0 (00047000)     _Emif1Regs

00047800    11e0 (00047800)     _Emif2Regs

00048000    1200 (00048000)     _CanaRegs

0004a000    1280 (0004a000)     _CanbRegs

00050024    1400 (00050000)     _FlashPumpSemaphoreRegs

0005d000    1740 (0005d000)     _DevCfgRegs

0005d180    1746 (0005d180)     _AnalogSubsysRegs

0005d200    1748 (0005d200)     _ClkCfgRegs

0005d300    174c (0005d300)     _CpuSysRegs

0005e608    1798 (0005e600)     _RomPrefetchRegs

0005f000    17c0 (0005f000)     _DcsmZ1Regs

0005f040    17c1 (0005f040)     _DcsmZ2Regs
0005f070    17c1 (0005f040)     _DcsmCommonRegs

0005f400    17d0 (0005f400)     _MemCfgRegs

0005f480    17d2 (0005f480)     _Emif1ConfigRegs
0005f4a0    17d2 (0005f480)     _Emif2ConfigRegs

0005f4c0    17d3 (0005f4c0)     _AccessProtectionRegs

0005f500    17d4 (0005f500)     _MemoryErrorRegs

0005f540    17d5 (0005f540)     _RomWaitStateRegs

0005f800    17e0 (0005f800)     _Flash0CtrlRegs

0005fb00    17ec (0005fb00)     _Flash0EccRegs

0005fc00    17f0 (0005fc00)     _Flash1CtrlRegs

0005ff00    17fc (0005ff00)     _Flash1EccRegs

00078000    1e00 (00078000)     _DcsmZ1Otp

00078200    1e08 (00078200)     _DcsmZ2Otp

00090000    2400 (00090000)     _PieVectTableInit


GLOBAL SYMBOLS: SORTED ALPHABETICALLY BY Name 

page  address   name                                  
----  -------   ----                                  
abs   ffffffff  .text                                 
0     00084331  C$$EXIT                               
0     00084164  FS$$DIV                               
0     000823ee  _ADCA1_ISR                            
0     00082650  _ADCA2_ISR                            
0     0008265a  _ADCA3_ISR                            
0     00082664  _ADCA4_ISR                            
0     00082646  _ADCA_EVT_ISR                         
0     000823f8  _ADCB1_ISR                            
0     00082678  _ADCB2_ISR                            
0     00082682  _ADCB3_ISR                            
0     0008268c  _ADCB4_ISR                            
0     0008266e  _ADCB_EVT_ISR                         
0     00082402  _ADCC1_ISR                            
0     000827e0  _ADCC2_ISR                            
0     000827ea  _ADCC3_ISR                            
0     000827f4  _ADCC4_ISR                            
0     000827d6  _ADCC_EVT_ISR                         
0     00082420  _ADCD1_ISR                            
0     00082808  _ADCD2_ISR                            
0     00082812  _ADCD3_ISR                            
0     0008281c  _ADCD4_ISR                            
0     000827fe  _ADCD_EVT_ISR                         
0     00082858  _AUX_PLL_SLIP_ISR                     
1     0005f4c0  _AccessProtectionRegs                 
0     00083eb9  _AdcSetMode                           
1     00007400  _AdcaRegs                             
1     00000b00  _AdcaResultRegs                       
1     00007480  _AdcbRegs                             
1     00000b20  _AdcbResultRegs                       
1     00007500  _AdccRegs                             
1     00000b40  _AdccResultRegs                       
1     00007580  _AdcdRegs                             
1     00000b60  _AdcdResultRegs                       
1     0005d180  _AnalogSubsysRegs                     
0     00083390  _AuxAuxClkSel                         
0     0008337a  _AuxIntOsc2Sel                        
0     00083384  _AuxXtalOscSel                        
0     00082fed  _BusVoltSamp                          
0     0008261e  _CANA0_ISR                            
0     00082628  _CANA1_ISR                            
0     00082632  _CANB0_ISR                            
0     0008263c  _CANB1_ISR                            
0     00082696  _CLA1_1_ISR                           
0     000826a0  _CLA1_2_ISR                           
0     000826aa  _CLA1_3_ISR                           
0     000826b4  _CLA1_4_ISR                           
0     000826be  _CLA1_5_ISR                           
0     000826c8  _CLA1_6_ISR                           
0     000826d2  _CLA1_7_ISR                           
0     000826dc  _CLA1_8_ISR                           
0     00082862  _CLA_OVERFLOW_ISR                     
0     0008286c  _CLA_UNDERFLOW_ISR                    
0     00083f5c  _CalAdcINL                            
1     00048000  _CanaRegs                             
1     0004a000  _CanbRegs                             
1     0000a85e  _CapPID                               
1     00001400  _Cla1Regs                             
0     00000ce0  _Cla1SoftIntRegs                      
0     000833e9  _ClarkTrans                           
1     0005d200  _ClkCfgRegs                           
1     00005c80  _Cmpss1Regs                           
1     00005ca0  _Cmpss2Regs                           
1     00005cc0  _Cmpss3Regs                           
1     00005ce0  _Cmpss4Regs                           
1     00005d00  _Cmpss5Regs                           
1     00005d20  _Cmpss6Regs                           
1     00005d40  _Cmpss7Regs                           
1     00005d60  _Cmpss8Regs                           
0     00082d42  _ConfigureADC                         
1     0005d300  _CpuSysRegs                           
1     0000ab50  _CpuTimer0                            
1     00000c00  _CpuTimer0Regs                        
1     0000ab40  _CpuTimer1                            
1     00000c08  _CpuTimer1Regs                        
1     0000ab48  _CpuTimer2                            
1     00000c10  _CpuTimer2Regs                        
0     00083339  _CsmUnlock                            
1     0000a80a  _DAC_a                                
1     0000a80d  _DAC_b                                
0     00082344  _DATALOG_ISR                          
0     00082574  _DMA_CH1_ISR                          
0     0008257e  _DMA_CH2_ISR                          
0     00082588  _DMA_CH3_ISR                          
0     00082592  _DMA_CH4_ISR                          
0     0008259c  _DMA_CH5_ISR                          
0     000825a6  _DMA_CH6_ISR                          
1     00005c00  _DacaRegs                             
1     00005c10  _DacbRegs                             
1     00005c20  _DaccRegs                             
1     0005f070  _DcsmCommonRegs                       
1     00078000  _DcsmZ1Otp                            
1     0005f000  _DcsmZ1Regs                           
1     00078200  _DcsmZ2Otp                            
1     0005f040  _DcsmZ2Regs                           
1     0005d000  _DevCfgRegs                           
0     0008319d  _DisableDog                           
0     0008314f  _DisablePeripheralClocks              
1     00007980  _DmaClaSrcSelRegs                     
1     00001000  _DmaRegs                              
1     0000a894  _DutyCycle                            
1     0000a932  _E2pSCS                               
1     0000aae2  _ECAP                                 
0     000824d4  _ECAP1_ISR                            
0     000824de  _ECAP2_ISR                            
0     000824e8  _ECAP3_ISR                            
0     000824f2  _ECAP4_ISR                            
0     000824fc  _ECAP5_ISR                            
0     00082506  _ECAP6_ISR                            
1     00005000  _ECap1Regs                            
1     00005020  _ECap2Regs                            
1     00005040  _ECap3Regs                            
1     00005060  _ECap4Regs                            
1     00005080  _ECap5Regs                            
1     000050a0  _ECap6Regs                            
1     0000a840  _EMFk                                 
0     00082826  _EMIF_ERROR_ISR                       
0     00082880  _EMPTY_ISR                            
0     00082358  _EMU_ISR                              
1     0000ab00  _EPWM                                 
0     0008277c  _EPWM10_ISR                           
0     00082754  _EPWM10_TZ_ISR                        
0     00082786  _EPWM11_ISR                           
0     0008275e  _EPWM11_TZ_ISR                        
0     00082790  _EPWM12_ISR                           
0     00082768  _EPWM12_TZ_ISR                        
0     0008248e  _EPWM1_ISR                            
0     0008243e  _EPWM1_TZ_ISR                         
0     00082498  _EPWM2_ISR                            
0     00082448  _EPWM2_TZ_ISR                         
0     00082897  _EPWM3_ISR                            
0     00082452  _EPWM3_TZ_ISR                         
0     000824a2  _EPWM4_ISR                            
0     0008245c  _EPWM4_TZ_ISR                         
0     000824ac  _EPWM5_ISR                            
0     00082466  _EPWM5_TZ_ISR                         
0     000824b6  _EPWM6_ISR                            
0     00082470  _EPWM6_TZ_ISR                         
0     000824c0  _EPWM7_ISR                            
0     0008247a  _EPWM7_TZ_ISR                         
0     000824ca  _EPWM8_ISR                            
0     00082484  _EPWM8_TZ_ISR                         
0     00082772  _EPWM9_ISR                            
0     0008274a  _EPWM9_TZ_ISR                         
1     00004900  _EPwm10Regs                           
1     00004a00  _EPwm11Regs                           
1     00004b00  _EPwm12Regs                           
1     00004000  _EPwm1Regs                            
1     00004100  _EPwm2Regs                            
1     00004200  _EPwm3Regs                            
1     00004300  _EPwm4Regs                            
1     00004400  _EPwm5Regs                            
1     00004500  _EPwm6Regs                            
1     00004600  _EPwm7Regs                            
1     00004700  _EPwm8Regs                            
1     00004800  _EPwm9Regs                            
1     00007a00  _EPwmXbarRegs                         
1     0000aad2  _EQEP                                 
0     00082b5f  _EQEP1_ISR                            
0     00082510  _EQEP2_ISR                            
0     0008251a  _EQEP3_ISR                            
1     00005100  _EQep1Regs                            
1     00005140  _EQep2Regs                            
1     00005180  _EQep3Regs                            
1     0000a82e  _ElecTheta                            
0     00083c62  _ElecThetaCal                         
1     0005f480  _Emif1ConfigRegs                      
1     00047000  _Emif1Regs                            
1     0005f4a0  _Emif2ConfigRegs                      
1     00047800  _Emif2Regs                            
1     00000d01  _EmuBMode                             
1     00000d00  _EmuKey                               
0     00084379  _EnableInterrupts                     
1     0000a82c  _EstElecTheta                         
1     0000a828  _EstVelocity                          
0     00008000  _F28x_usDelay                         
0     0008283a  _FLASH_CORRECTABLE_ERROR_ISR          
0     0008270e  _FPU_OVERFLOW_ISR                     
0     00082718  _FPU_UNDERFLOW_ISR                    
1     0005f800  _Flash0CtrlRegs                       
1     0005fb00  _Flash0EccRegs                        
1     0005fc00  _Flash1CtrlRegs                       
1     0005ff00  _Flash1EccRegs                        
1     00050024  _FlashPumpSemaphoreRegs               
0     0008383e  _GPIO_EnableUnbondedIOPullups         
0     00083819  _GPIO_EnableUnbondedIOPullupsFor100Pin
0     00083800  _GPIO_EnableUnbondedIOPullupsFor176Pin
0     00083854  _GPIO_ReadPin                         
0     000837a5  _GPIO_SetupLock                       
0     00083685  _GPIO_SetupPinMux                     
0     00083711  _GPIO_SetupPinOptions                 
0     000837ce  _GPIO_SetupXINT1Gpio                  
0     000837d8  _GPIO_SetupXINT2Gpio                  
0     000837e2  _GPIO_SetupXINT3Gpio                  
0     000837ec  _GPIO_SetupXINT4Gpio                  
0     000837f6  _GPIO_SetupXINT5Gpio                  
0     0008386b  _GPIO_WritePin                        
0     0008404d  _GetTemperatureC                      
0     0008408e  _GetTemperatureK                      
1     00007c00  _GpioCtrlRegs                         
1     00007f00  _GpioDataRegs                         
0     000833ae  _HALT                                 
0     000833bf  _HIB                                  
1     0000a805  _HandShakeFlag                        
1     0000aac4  _I2C                                  
0     000825ba  _I2CA_FIFO_ISR                        
0     000825b0  _I2CA_ISR                             
0     000825ce  _I2CB_FIFO_ISR                        
0     000825c4  _I2CB_ISR                             
1     00007300  _I2caRegs                             
1     00007340  _I2cbRegs                             
1     0000a8d4  _I2pRCS                               
1     0000a90a  _I2pSCS                               
0     000834de  _IClarkTrans                          
0     0008339a  _IDLE                                 
0     0008236c  _ILLEGAL_ISR                          
1     0000a8e8  _IOriSCS                              
0     00082722  _IPC0_ISR                             
0     0008272c  _IPC1_ISR                             
0     00082736  _IPC2_ISR                             
0     00082740  _IPC3_ISR                             
0     00083600  _IParkTrans                           
0     00083094  _IcTempSamp                           
1     0000a86a  _IdPID                                
1     0000a900  _IdPIDParas                           
1     0000a816  _ImgTheta                             
0     00082f1c  _InitADCs                             
0     00083271  _InitAuxPll                           
0     000842be  _InitDACs                             
0     00083e6e  _InitEPwm10Gpio                       
0     00083e88  _InitEPwm11Gpio                       
0     00083ea6  _InitEPwm12Gpio                       
0     00083dbc  _InitEPwm1Gpio                        
0     00083dce  _InitEPwm2Gpio                        
0     00083ac5  _InitEPwm3                            
0     00083de0  _InitEPwm3Gpio                        
0     00083b0b  _InitEPwm4                            
0     00083df4  _InitEPwm4Gpio                        
0     00083e08  _InitEPwm5Gpio                        
0     00083b47  _InitEPwm6                            
0     00083e1a  _InitEPwm6Gpio                        
0     00083b83  _InitEPwm7                            
0     00083e2c  _InitEPwm7Gpio                        
0     00083bbf  _InitEPwm8                            
0     00083e40  _InitEPwm8Gpio                        
0     00083e54  _InitEPwm9Gpio                        
0     00083da3  _InitEPwmGpio                         
0     00083bfb  _InitEPwms                            
0     000840ca  _InitEQep                             
0     00084308  _InitEQep1                            
0     000840d2  _InitEQep1Gpio                        
0     000840fa  _InitEQep2Gpio                        
0     00084120  _InitEQep3Gpio                        
0     000840cb  _InitEQepGpio                         
0     00083645  _InitGpio                             
0     000830cb  _InitPeripheralClocks                 
0     0008435a  _InitPieCtrl                          
0     00084382  _InitPieVectTable                     
0     00083f96  _InitSciaGpio                         
0     000841ec  _InitScib                             
0     00083fac  _InitScibGpio                         
0     000841fc  _InitScic                             
0     00083fce  _InitScicGpio                         
0     0008420c  _InitScis                             
0     0008309a  _InitSysCtrl                          
0     000831ab  _InitSysPll                           
0     00084000  _InitTempSensor                       
1     00007900  _InputXbarRegs                        
1     0000a864  _IqPID                                
1     0000a8b2  _IqPIDParas                           
1     0000a836  _Isk                                  
1     0000a83a  _Isk1                                 
1     0000a876  _IxPID                                
1     0000a8c0  _IxPIDParas                           
1     0000a852  _IyPID                                
1     0000a928  _IyPIDParas                           
0     00082f25  _LineCurSamp                          
1     0000aac0  _MCBSP                                
0     0008254c  _MCBSPA_RX_ISR                        
0     00082556  _MCBSPA_TX_ISR                        
0     00082560  _MCBSPB_RX_ISR                        
0     0008256a  _MCBSPB_TX_ISR                        
1     00006000  _McbspaRegs                           
1     00006040  _McbspbRegs                           
1     0005f400  _MemCfgRegs                           
1     0005f500  _MemoryErrorRegs                      
1     0000a80c  _MotorRunFlag                         
0     00082362  _NMI_ISR                              
0     0008288d  _NOTUSED_ISR                          
1     00007060  _NmiIntruptRegs                       
1     0000a832  _OmegaE                               
1     00007a80  _OutputXbarRegs                       
0     00083d3d  _PIDCtrl                              
0     00082876  _PIE_RESERVED_ISR                     
0     000835b9  _ParkTrans                            
0     00082faa  _PhaseVoltSamp                        
1     00000ce0  _PieCtrlRegs                          
1     00000d00  _PieVectTable                         
0     00090000  _PieVectTableInit                     
1     0000a8a8  _Psi2pRCS                             
1     0000a8f2  _Psi2pSCS                             
0     00082844  _RAM_ACCESS_VIOLATION_ISR             
0     00082830  _RAM_CORRECTABLE_ERROR_ISR            
0     0008234e  _RTOS_ISR                             
0     00086004  _RamfuncsLoadEnd                      
abs   00000004  _RamfuncsLoadSize                     
0     00086000  _RamfuncsLoadStart                    
0     00008004  _RamfuncsRunEnd                       
abs   00000004  _RamfuncsRunSize                      
0     00008000  _RamfuncsRunStart                     
1     0000a84c  _RecFrame                             
1     0000a801  _RecFrameCNT                          
1     0000a802  _RecFrameErr                          
1     0000a807  _RecFrameFlag                         
1     0000a80e  _RecValue                             
0     00083185  _ReleaseFlashPump                     
1     0005e608  _RomPrefetchRegs                      
1     0005f540  _RomWaitStateRegs                     
1     0000aac8  _SCI                                  
0     00082600  _SCIA_RX_ISR                          
0     0008260a  _SCIA_TX_ISR                          
0     00082bc2  _SCIB_RX_ISR                          
0     00082614  _SCIB_TX_ISR                          
0     000825d8  _SCIC_RX_ISR                          
0     000825e2  _SCIC_TX_ISR                          
0     000825ec  _SCID_RX_ISR                          
0     000825f6  _SCID_TX_ISR                          
0     0008279a  _SD1_ISR                              
0     000827a4  _SD2_ISR                              
1     0000aacc  _SDFM                                 
1     0000aada  _SPI                                  
0     00082524  _SPIA_RX_ISR                          
0     0008252e  _SPIA_TX_ISR                          
0     00082538  _SPIB_RX_ISR                          
0     00082542  _SPIB_TX_ISR                          
0     000827ae  _SPIC_RX_ISR                          
0     000827b8  _SPIC_TX_ISR                          
0     000833a3  _STANDBY                              
0     0008284e  _SYS_PLL_SLIP_ISR                     
1     00007200  _SciaRegs                             
0     00084211  _ScibOut                              
1     00007210  _ScibRegs                             
0     00084225  _ScibSendFrame                        
0     0008421b  _ScicOut                              
1     00007220  _ScicRegs                             
1     00007230  _ScidRegs                             
1     00005e00  _Sdfm1Regs                            
1     00005e80  _Sdfm2Regs                            
0     00083167  _SeizeFlashPump_Bank0                 
0     00083176  _SeizeFlashPump_Bank1                 
1     0000a804  _SendFrameCNT                         
1     0000a808  _SendFrameFlag                        
1     0000a818  _SendValue                            
0     0008318f  _ServiceDog                           
0     00083c06  _SetCMP                               
0     000842e7  _SetDACaValue                         
0     000842f2  _SetDACbValue                         
0     000842fd  _SetDACcValue                         
0     00083ff5  _SetDBGIER                            
0     00082d9f  _SetupADCContinuous                   
1     00006100  _SpiaRegs                             
1     00006110  _SpibRegs                             
1     00006120  _SpicRegs                             
1     0000aa80  _Switch_NumBig                        
1     0000aa40  _Switch_NumMid                        
1     00007940  _SyncSocRegs                          
0     0008335a  _SysIntOsc1Sel                        
0     00083364  _SysIntOsc2Sel                        
0     0008336e  _SysXtalOscSel                        
0     0008242a  _TIMER0_ISR                           
0     00082330  _TIMER1_ISR                           
0     0008233a  _TIMER2_ISR                           
1     0000a834  _Torque                               
1     0000a870  _TorquePID                            
1     0000a8de  _UOriSCS                              
0     000827c2  _UPPA_ISR                             
0     000827cc  _USBA_ISR                             
0     000823d0  _USER10_ISR                           
0     000823da  _USER11_ISR                           
0     000823e4  _USER12_ISR                           
0     00082376  _USER1_ISR                            
0     00082380  _USER2_ISR                            
0     0008238a  _USER3_ISR                            
0     00082394  _USER4_ISR                            
0     0008239e  _USER5_ISR                            
0     000823a8  _USER6_ISR                            
0     000823b2  _USER7_ISR                            
0     000823bc  _USER8_ISR                            
0     000823c6  _USER9_ISR                            
1     0000a914  _Ualbek                               
1     0000a91e  _Ualbek1                              
1     0000a848  _Udc                                  
1     00006200  _UppRegs                              
1     0000a880  _Usk                                  
1     0000a88a  _Usk1                                 
0     00082704  _VCU_ISR                              
1     0000a980  _VVV_Big_Imag                         
1     0000a964  _VVV_Big_Real                         
1     0000aa00  _VVV_Imag                             
1     0000aa18  _VVV_Mid_Imag                         
1     0000a998  _VVV_Mid_Real                         
1     0000a9c0  _VVV_Real                             
1     0000a800  _VV_INDEX_old                         
1     0000a824  _Vector_Ratio                         
1     0000a806  _VelCtrlCNT                           
1     0000a89e  _VelPIDParas                          
1     0000a82a  _Velocity                             
0     00083cdc  _VelocityCal                          
1     0000a858  _VelocityPID                          
0     00082434  _WAKE_ISR                             
1     00007000  _WdRegs                               
1     0000a8ca  _WindingTemp                          
0     00083011  _WindingTempSamp                      
0     0008240c  _XINT1_ISR                            
0     00082416  _XINT2_ISR                            
0     000826e6  _XINT3_ISR                            
0     000826f0  _XINT4_ISR                            
0     000826fa  _XINT5_ISR                            
1     00007920  _XbarRegs                             
1     00007070  _XintRegs                             
1     00000600  __STACK_END                           
abs   00000200  __STACK_SIZE                          
1     0000ab60  ___TI_cleanup_ptr                     
1     0000ab62  ___TI_dtors_ptr                       
1     0000ab5e  ___TI_enable_exit_profile_output      
abs   ffffffff  ___TI_pprof_out_hndl                  
abs   ffffffff  ___TI_prof_data_size                  
abs   ffffffff  ___TI_prof_data_start                 
abs   ffffffff  ___binit__                            
abs   ffffffff  ___c_args__                           
0     00082000  ___cinit__                            
abs   ffffffff  ___etext__                            
abs   ffffffff  ___pinit__                            
abs   ffffffff  ___text__                             
0     000843ea  __args_main                           
1     0000aabc  __lock                                
0     00083ff4  __nop                                 
0     00083ff0  __register_lock                       
0     00083fec  __register_unlock                     
1     00000400  __stack                               
0     00083ffa  __system_post_cinit                   
0     00083ff8  __system_pre_init                     
1     0000aabe  __unlock                              
0     00084331  _abort                                
0     00084268  _c_int00                              
0     000843a8  _copy_in                              
1     0000a80b  _counter                              
1     0000ab3f  _deviceOpen                           
1     0000ab20  _e2pscs                               
0     00084333  _exit                                 
1     0000a9d8  _g                                    
1     0000a940  _iab0                                 
1     0000a94c  _iabc                                 
1     0000a958  _idq0                                 
1     0000a803  _iii                                  
1     0000a809  _iiii                                 
0     00083889  _main                                 
0     000843cc  _memcpy                               
1     0000a81e  _ob1                                  
1     0000a81a  _ob2                                  
1     0000a81c  _ob3                                  
1     0000a826  _ob4                                  
1     0000a820  _ob5                                  
1     0000a822  _ob6                                  
1     0000a810  _ob7                                  
1     0000ab1c  _pllout                               
1     0000ab5a  _tempSensor_scaleFactor               
1     0000ab58  _tempSensor_tempOffset                
1     0000ab5c  _tempSensor_tempSlope                 
1     0000a844  _udcob                                
1     0000a812  _x                                    
1     0000a814  _y1                                   
1     0000a830  _y2                                   
abs   ffffffff  binit                                 
0     00082000  cinit                                 
0     00000000  code_start                            
abs   ffffffff  etext                                 
abs   ffffffff  pinit                                 


GLOBAL SYMBOLS: SORTED BY Symbol Address 

page  address   name                                  
----  -------   ----                                  
0     00000000  code_start                            
0     00000ce0  _Cla1SoftIntRegs                      
0     00008000  _F28x_usDelay                         
0     00008000  _RamfuncsRunStart                     
0     00008004  _RamfuncsRunEnd                       
0     00082000  ___cinit__                            
0     00082000  cinit                                 
0     00082330  _TIMER1_ISR                           
0     0008233a  _TIMER2_ISR                           
0     00082344  _DATALOG_ISR                          
0     0008234e  _RTOS_ISR                             
0     00082358  _EMU_ISR                              
0     00082362  _NMI_ISR                              
0     0008236c  _ILLEGAL_ISR                          
0     00082376  _USER1_ISR                            
0     00082380  _USER2_ISR                            
0     0008238a  _USER3_ISR                            
0     00082394  _USER4_ISR                            
0     0008239e  _USER5_ISR                            
0     000823a8  _USER6_ISR                            
0     000823b2  _USER7_ISR                            
0     000823bc  _USER8_ISR                            
0     000823c6  _USER9_ISR                            
0     000823d0  _USER10_ISR                           
0     000823da  _USER11_ISR                           
0     000823e4  _USER12_ISR                           
0     000823ee  _ADCA1_ISR                            
0     000823f8  _ADCB1_ISR                            
0     00082402  _ADCC1_ISR                            
0     0008240c  _XINT1_ISR                            
0     00082416  _XINT2_ISR                            
0     00082420  _ADCD1_ISR                            
0     0008242a  _TIMER0_ISR                           
0     00082434  _WAKE_ISR                             
0     0008243e  _EPWM1_TZ_ISR                         
0     00082448  _EPWM2_TZ_ISR                         
0     00082452  _EPWM3_TZ_ISR                         
0     0008245c  _EPWM4_TZ_ISR                         
0     00082466  _EPWM5_TZ_ISR                         
0     00082470  _EPWM6_TZ_ISR                         
0     0008247a  _EPWM7_TZ_ISR                         
0     00082484  _EPWM8_TZ_ISR                         
0     0008248e  _EPWM1_ISR                            
0     00082498  _EPWM2_ISR                            
0     000824a2  _EPWM4_ISR                            
0     000824ac  _EPWM5_ISR                            
0     000824b6  _EPWM6_ISR                            
0     000824c0  _EPWM7_ISR                            
0     000824ca  _EPWM8_ISR                            
0     000824d4  _ECAP1_ISR                            
0     000824de  _ECAP2_ISR                            
0     000824e8  _ECAP3_ISR                            
0     000824f2  _ECAP4_ISR                            
0     000824fc  _ECAP5_ISR                            
0     00082506  _ECAP6_ISR                            
0     00082510  _EQEP2_ISR                            
0     0008251a  _EQEP3_ISR                            
0     00082524  _SPIA_RX_ISR                          
[...]
0     000827ae  _SPIC_RX_ISR                          
0     000827b8  _SPIC_TX_ISR                          
0     000827c2  _UPPA_ISR                             
0     000827cc  _USBA_ISR                             
0     000827d6  _ADCC_EVT_ISR                         
0     000827e0  _ADCC2_ISR                            
0     000827ea  _ADCC3_ISR                            
0     000827f4  _ADCC4_ISR                            
0     000827fe  _ADCD_EVT_ISR                         
0     00082808  _ADCD2_ISR                            
0     00082812  _ADCD3_ISR                            
0     0008281c  _ADCD4_ISR                            
0     00082826  _EMIF_ERROR_ISR                       
0     00082830  _RAM_CORRECTABLE_ERROR_ISR            
0     0008283a  _FLASH_CORRECTABLE_ERROR_ISR          
0     00082844  _RAM_ACCESS_VIOLATION_ISR             
0     0008284e  _SYS_PLL_SLIP_ISR                     
0     00082858  _AUX_PLL_SLIP_ISR                     
0     00082862  _CLA_OVERFLOW_ISR                     
0     0008286c  _CLA_UNDERFLOW_ISR                    
0     00082876  _PIE_RESERVED_ISR                     
0     00082880  _EMPTY_ISR                            
0     0008288d  _NOTUSED_ISR                          
0     00082897  _EPWM3_ISR                            
0     00082b5f  _EQEP1_ISR                            
0     00082bc2  _SCIB_RX_ISR                          
0     00082d42  _ConfigureADC                         
0     00082d9f  _SetupADCContinuous                   
0     00082f1c  _InitADCs                             
0     00082f25  _LineCurSamp                          
0     00082faa  _PhaseVoltSamp                        
0     00082fed  _BusVoltSamp                          
0     00083011  _WindingTempSamp                      
0     00083094  _IcTempSamp                           
0     0008309a  _InitSysCtrl                          
0     000830cb  _InitPeripheralClocks                 
0     0008314f  _DisablePeripheralClocks              
0     00083167  _SeizeFlashPump_Bank0                 
0     00083176  _SeizeFlashPump_Bank1                 
0     00083185  _ReleaseFlashPump                     
0     0008318f  _ServiceDog                           
0     0008319d  _DisableDog                           
0     000831ab  _InitSysPll                           
0     00083271  _InitAuxPll                           
0     00083339  _CsmUnlock                            
0     0008335a  _SysIntOsc1Sel                        
0     00083364  _SysIntOsc2Sel                        
0     0008336e  _SysXtalOscSel                        
0     0008337a  _AuxIntOsc2Sel                        
0     00083384  _AuxXtalOscSel                        
0     00083390  _AuxAuxClkSel                         
0     0008339a  _IDLE                                 
0     000833a3  _STANDBY                              
0     000833ae  _HALT                                 
0     000833bf  _HIB                                  
0     000833e9  _ClarkTrans                           
0     000834de  _IClarkTrans                          
0     000835b9  _ParkTrans                            
0     00083600  _IParkTrans                           
0     00083645  _InitGpio                             
0     00083685  _GPIO_SetupPinMux                     
0     00083711  _GPIO_SetupPinOptions                 
0     000837a5  _GPIO_SetupLock                       
0     000837ce  _GPIO_SetupXINT1Gpio                  
0     000837d8  _GPIO_SetupXINT2Gpio                  
0     000837e2  _GPIO_SetupXINT3Gpio                  
0     000837ec  _GPIO_SetupXINT4Gpio                  
0     000837f6  _GPIO_SetupXINT5Gpio                  
0     00083800  _GPIO_EnableUnbondedIOPullupsFor176Pin
0     00083819  _GPIO_EnableUnbondedIOPullupsFor100Pin
0     0008383e  _GPIO_EnableUnbondedIOPullups         
0     00083854  _GPIO_ReadPin                         
0     0008386b  _GPIO_WritePin                        
0     00083889  _main                                 
0     00083ac5  _InitEPwm3                            
0     00083b0b  _InitEPwm4                            
0     00083b47  _InitEPwm6                            
0     00083b83  _InitEPwm7                            
0     00083bbf  _InitEPwm8                            
0     00083bfb  _InitEPwms                            
0     00083c06  _SetCMP                               
0     00083c62  _ElecThetaCal                         
0     00083cdc  _VelocityCal                          
0     00083d3d  _PIDCtrl                              
0     00083da3  _InitEPwmGpio                         
0     00083dbc  _InitEPwm1Gpio                        
0     00083dce  _InitEPwm2Gpio                        
0     00083de0  _InitEPwm3Gpio                        
0     00083df4  _InitEPwm4Gpio                        
0     00083e08  _InitEPwm5Gpio                        
0     00083e1a  _InitEPwm6Gpio                        
0     00083e2c  _InitEPwm7Gpio                        
0     00083e40  _InitEPwm8Gpio                        
0     00083e54  _InitEPwm9Gpio                        
0     00083e6e  _InitEPwm10Gpio                       
0     00083e88  _InitEPwm11Gpio                       
0     00083ea6  _InitEPwm12Gpio                       
0     00083eb9  _AdcSetMode                           
0     00083f5c  _CalAdcINL                            
0     00083f96  _InitSciaGpio                         
0     00083fac  _InitScibGpio                         
0     00083fce  _InitScicGpio                         
0     00083fec  __register_unlock                     
0     00083ff0  __register_lock                       
0     00083ff4  __nop                                 
0     00083ff5  _SetDBGIER                            
0     00083ff8  __system_pre_init                     
0     00083ffa  __system_post_cinit                   
0     00084000  _InitTempSensor                       
0     0008404d  _GetTemperatureC                      
0     0008408e  _GetTemperatureK                      
0     000840ca  _InitEQep                             
0     000840cb  _InitEQepGpio                         
0     000840d2  _InitEQep1Gpio                        
0     000840fa  _InitEQep2Gpio                        
0     00084120  _InitEQep3Gpio                        
0     00084164  FS$$DIV                               
0     000841ec  _InitScib                             
0     000841fc  _InitScic                             
0     0008420c  _InitScis                             
0     00084211  _ScibOut                              
0     0008421b  _ScicOut                              
0     00084225  _ScibSendFrame                        
0     00084268  _c_int00                              
0     000842be  _InitDACs                             
0     000842e7  _SetDACaValue                         
0     000842f2  _SetDACbValue                         
0     000842fd  _SetDACcValue                         
0     00084308  _InitEQep1                            
0     00084331  C$$EXIT                               
0     00084331  _abort                                
0     00084333  _exit                                 
0     0008435a  _InitPieCtrl                          
0     00084379  _EnableInterrupts                     
0     00084382  _InitPieVectTable                     
0     000843a8  _copy_in                              
0     000843cc  _memcpy                               
0     000843ea  __args_main                           
0     00086000  _RamfuncsLoadStart                    
0     00086004  _RamfuncsLoadEnd                      
0     00090000  _PieVectTableInit                     
1     00000400  __stack                               
1     00000600  __STACK_END                           
1     00000b00  _AdcaResultRegs                       
1     00000b20  _AdcbResultRegs                       
1     00000b40  _AdccResultRegs                       
1     00000b60  _AdcdResultRegs                       
1     00000c00  _CpuTimer0Regs                        
1     00000c08  _CpuTimer1Regs                        
1     00000c10  _CpuTimer2Regs                        
1     00000ce0  _PieCtrlRegs                          
1     00000d00  _EmuKey                               
1     00000d00  _PieVectTable                         
1     00000d01  _EmuBMode                             
1     00001000  _DmaRegs                              
1     00001400  _Cla1Regs                             
1     00004000  _EPwm1Regs                            
1     00004100  _EPwm2Regs                            
1     00004200  _EPwm3Regs                            
1     00004300  _EPwm4Regs                            
1     00004400  _EPwm5Regs                            
1     00004500  _EPwm6Regs                            
1     00004600  _EPwm7Regs                            
1     00004700  _EPwm8Regs                            
1     00004800  _EPwm9Regs                            
1     00004900  _EPwm10Regs                           
1     00004a00  _EPwm11Regs                           
1     00004b00  _EPwm12Regs                           
1     00005000  _ECap1Regs                            
1     00005020  _ECap2Regs                            
1     00005040  _ECap3Regs                            
1     00005060  _ECap4Regs                            
1     00005080  _ECap5Regs                            
1     000050a0  _ECap6Regs                            
1     00005100  _EQep1Regs                            
1     00005140  _EQep2Regs                            
1     00005180  _EQep3Regs                            
1     00005c00  _DacaRegs                             
1     00005c10  _DacbRegs                             
1     00005c20  _DaccRegs                             
1     00005c80  _Cmpss1Regs                           
1     00005ca0  _Cmpss2Regs                           
1     00005cc0  _Cmpss3Regs                           
1     00005ce0  _Cmpss4Regs                           
1     00005d00  _Cmpss5Regs                           
1     00005d20  _Cmpss6Regs                           
1     00005d40  _Cmpss7Regs                           
1     00005d60  _Cmpss8Regs                           
1     00005e00  _Sdfm1Regs                            
1     00005e80  _Sdfm2Regs                            
1     00006000  _McbspaRegs                           
1     00006040  _McbspbRegs                           
1     00006100  _SpiaRegs                             
1     00006110  _SpibRegs                             
1     00006120  _SpicRegs                             
1     00006200  _UppRegs                              
1     00007000  _WdRegs                               
1     00007060  _NmiIntruptRegs                       
1     00007070  _XintRegs                             
1     00007200  _SciaRegs                             
1     00007210  _ScibRegs                             
1     00007220  _ScicRegs                             
1     00007230  _ScidRegs                             
1     00007300  _I2caRegs                             
1     00007340  _I2cbRegs                             
1     00007400  _AdcaRegs                             
1     00007480  _AdcbRegs                             
1     00007500  _AdccRegs                             
1     00007580  _AdcdRegs                             
1     00007900  _InputXbarRegs                        
1     00007920  _XbarRegs                             
1     00007940  _SyncSocRegs                          
1     00007980  _DmaClaSrcSelRegs                     
1     00007a00  _EPwmXbarRegs                         
1     00007a80  _OutputXbarRegs                       
1     00007c00  _GpioCtrlRegs                         
1     00007f00  _GpioDataRegs                         
1     0000a800  _VV_INDEX_old                         
1     0000a801  _RecFrameCNT                          
1     0000a802  _RecFrameErr                          
1     0000a803  _iii                                  
1     0000a804  _SendFrameCNT                         
1     0000a805  _HandShakeFlag                        
1     0000a806  _VelCtrlCNT                           
1     0000a807  _RecFrameFlag                         
1     0000a808  _SendFrameFlag                        
1     0000a809  _iiii                                 
1     0000a80a  _DAC_a                                
1     0000a80b  _counter                              
1     0000a80c  _MotorRunFlag                         
1     0000a80d  _DAC_b                                
1     0000a80e  _RecValue                             
1     0000a810  _ob7                                  
1     0000a812  _x                                    
1     0000a814  _y1                                   
1     0000a816  _ImgTheta                             
1     0000a818  _SendValue                            
1     0000a81a  _ob2                                  
1     0000a81c  _ob3                                  
1     0000a81e  _ob1                                  
1     0000a820  _ob5                                  
1     0000a822  _ob6                                  
1     0000a824  _Vector_Ratio                         
1     0000a826  _ob4                                  
1     0000a828  _EstVelocity                          
1     0000a82a  _Velocity                             
1     0000a82c  _EstElecTheta                         
1     0000a82e  _ElecTheta                            
1     0000a830  _y2                                   
1     0000a832  _OmegaE                               
1     0000a834  _Torque                               
1     0000a836  _Isk                                  
1     0000a83a  _Isk1                                 
1     0000a840  _EMFk                                 
1     0000a844  _udcob                                
1     0000a848  _Udc                                  
1     0000a84c  _RecFrame                             
1     0000a852  _IyPID                                
1     0000a858  _VelocityPID                          
1     0000a85e  _CapPID                               
1     0000a864  _IqPID                                
1     0000a86a  _IdPID                                
1     0000a870  _TorquePID                            
1     0000a876  _IxPID                                
1     0000a880  _Usk                                  
1     0000a88a  _Usk1                                 
1     0000a894  _DutyCycle                            
1     0000a89e  _VelPIDParas                          
1     0000a8a8  _Psi2pRCS                             
1     0000a8b2  _IqPIDParas                           
1     0000a8c0  _IxPIDParas                           
1     0000a8ca  _WindingTemp                          
1     0000a8d4  _I2pRCS                               
1     0000a8de  _UOriSCS                              
1     0000a8e8  _IOriSCS                              
1     0000a8f2  _Psi2pSCS                             
1     0000a900  _IdPIDParas                           
1     0000a90a  _I2pSCS                               
1     0000a914  _Ualbek                               
1     0000a91e  _Ualbek1                              
1     0000a928  _IyPIDParas                           
1     0000a932  _E2pSCS                               
1     0000a940  _iab0                                 
1     0000a94c  _iabc                                 
1     0000a958  _idq0                                 
1     0000a964  _VVV_Big_Real                         
1     0000a980  _VVV_Big_Imag                         
1     0000a998  _VVV_Mid_Real                         
1     0000a9c0  _VVV_Real                             
1     0000a9d8  _g                                    
1     0000aa00  _VVV_Imag                             
1     0000aa18  _VVV_Mid_Imag                         
1     0000aa40  _Switch_NumMid                        
1     0000aa80  _Switch_NumBig                        
1     0000aabc  __lock                                
1     0000aabe  __unlock                              
1     0000aac0  _MCBSP                                
1     0000aac4  _I2C                                  
1     0000aac8  _SCI                                  
1     0000aacc  _SDFM                                 
1     0000aad2  _EQEP                                 
1     0000aada  _SPI                                  
1     0000aae2  _ECAP                                 
1     0000ab00  _EPWM                                 
1     0000ab1c  _pllout                               
1     0000ab20  _e2pscs                               
1     0000ab3f  _deviceOpen                           
1     0000ab40  _CpuTimer1                            
1     0000ab48  _CpuTimer2                            
1     0000ab50  _CpuTimer0                            
1     0000ab58  _tempSensor_tempOffset                
1     0000ab5a  _tempSensor_scaleFactor               
1     0000ab5c  _tempSensor_tempSlope                 
1     0000ab5e  ___TI_enable_exit_profile_output      
1     0000ab60  ___TI_cleanup_ptr                     
1     0000ab62  ___TI_dtors_ptr                       
1     00047000  _Emif1Regs                            
1     00047800  _Emif2Regs                            
1     00048000  _CanaRegs                             
1     0004a000  _CanbRegs                             
1     00050024  _FlashPumpSemaphoreRegs               
1     0005d000  _DevCfgRegs                           
1     0005d180  _AnalogSubsysRegs                     
1     0005d200  _ClkCfgRegs                           
1     0005d300  _CpuSysRegs                           
1     0005e608  _RomPrefetchRegs                      
1     0005f000  _DcsmZ1Regs                           
1     0005f040  _DcsmZ2Regs                           
1     0005f070  _DcsmCommonRegs                       
1     0005f400  _MemCfgRegs                           
1     0005f480  _Emif1ConfigRegs                      
1     0005f4a0  _Emif2ConfigRegs                      
1     0005f4c0  _AccessProtectionRegs                 
1     0005f500  _MemoryErrorRegs                      
1     0005f540  _RomWaitStateRegs                     
1     0005f800  _Flash0CtrlRegs                       
1     0005fb00  _Flash0EccRegs                        
1     0005fc00  _Flash1CtrlRegs                       
1     0005ff00  _Flash1EccRegs                        
1     00078000  _DcsmZ1Otp                            
1     00078200  _DcsmZ2Otp                            
abs   00000004  _RamfuncsLoadSize                     
abs   00000004  _RamfuncsRunSize                      
abs   00000200  __STACK_SIZE                          
abs   ffffffff  .text                                 
abs   ffffffff  ___TI_pprof_out_hndl                  
abs   ffffffff  ___TI_prof_data_size                  
abs   ffffffff  ___TI_prof_data_start                 
abs   ffffffff  ___binit__                            
abs   ffffffff  ___c_args__                           
abs   ffffffff  ___etext__                            
abs   ffffffff  ___pinit__                            
abs   ffffffff  ___text__                             
abs   ffffffff  binit                                 
abs   ffffffff  etext                                 
abs   ffffffff  pinit                                 

[478 symbols]
