<?xml version="1.0" encoding="ISO-8859-1" ?>
<link_info>
   <banner>TMS320C2000 Linker PC v18.1.1.LTS</banner>
   <copyright>Copyright (c) 1996-2017 Texas Instruments Incorporated</copyright>
   <link_time>0x5bd11e5e</link_time>
   <link_errors>0x30</link_errors>
   <output_file>MotorCtrl_28377.out</output_file>
   <entry_point>
      <name>_c_int00</name>
      <address>0x84268</address>
   </entry_point>
   <input_file_list>
      <input_file id="fl-2">
         <path>.\</path>
         <kind>object</kind>
         <file>main.obj</file>
         <name>main.obj</name>
      </input_file>
      <input_file id="fl-3">
         <path>.\source\</path>
         <kind>object</kind>
         <file>CoordTrans.obj</file>
         <name>CoordTrans.obj</name>
      </input_file>
      <input_file id="fl-4">
         <path>.\source\</path>
         <kind>object</kind>
         <file>CtrlAlgo.obj</file>
         <name>CtrlAlgo.obj</name>
      </input_file>
      <input_file id="fl-5">
         <path>.\source\</path>
         <kind>object</kind>
         <file>CtrlCal.obj</file>
         <name>CtrlCal.obj</name>
      </input_file>
      <input_file id="fl-6">
         <path>.\source\</path>
         <kind>object</kind>
         <file>SenlessCal.obj</file>
         <name>SenlessCal.obj</name>
      </input_file>
      <input_file id="fl-7">
         <path>.\source\InitFunctions\</path>
         <kind>object</kind>
         <file>InitAD2S1210.obj</file>
         <name>InitAD2S1210.obj</name>
      </input_file>
      <input_file id="fl-8">
         <path>.\source\InitFunctions\</path>
         <kind>object</kind>
         <file>InitADCx.obj</file>
         <name>InitADCx.obj</name>
      </input_file>
      <input_file id="fl-9">
         <path>.\source\InitFunctions\</path>
         <kind>object</kind>
         <file>InitCANx.obj</file>
         <name>InitCANx.obj</name>
      </input_file>
      <input_file id="fl-a">
         <path>.\source\InitFunctions\</path>
         <kind>object</kind>
         <file>InitDACx.obj</file>
         <name>InitDACx.obj</name>
      </input_file>
      <input_file id="fl-b">
         <path>.\source\InitFunctions\</path>
         <kind>object</kind>
         <file>InitECAPx.obj</file>
         <name>InitECAPx.obj</name>
      </input_file>
      <input_file id="fl-c">
         <path>.\source\InitFunctions\</path>
         <kind>object</kind>
         <file>InitEPWMx.obj</file>
         <name>InitEPWMx.obj</name>
      </input_file>
      <input_file id="fl-d">
         <path>.\source\InitFunctions\</path>
         <kind>object</kind>
         <file>InitEQEPx.obj</file>
         <name>InitEQEPx.obj</name>
      </input_file>
      <input_file id="fl-e">
         <path>.\source\InitFunctions\</path>
         <kind>object</kind>
         <file>InitSCIx.obj</file>
         <name>InitSCIx.obj</name>
      </input_file>
      <input_file id="fl-f">
         <path>.\source\InitFunctions\</path>
         <kind>object</kind>
         <file>InitSPIx.obj</file>
         <name>InitSPIx.obj</name>
      </input_file>
      <input_file id="fl-10">
         <path>.\source\SysFunctions\</path>
         <kind>object</kind>
         <file>F2837xS_Adc.obj</file>
         <name>F2837xS_Adc.obj</name>
      </input_file>
      <input_file id="fl-11">
         <path>.\source\SysFunctions\</path>
         <kind>object</kind>
         <file>F2837xS_CodeStartBranch.obj</file>
         <name>F2837xS_CodeStartBranch.obj</name>
      </input_file>
      <input_file id="fl-12">
         <path>.\source\SysFunctions\</path>
         <kind>object</kind>
         <file>F2837xS_CpuTimers.obj</file>
         <name>F2837xS_CpuTimers.obj</name>
      </input_file>
      <input_file id="fl-13">
         <path>.\source\SysFunctions\</path>
         <kind>object</kind>
         <file>F2837xS_DBGIER.obj</file>
         <name>F2837xS_DBGIER.obj</name>
      </input_file>
      <input_file id="fl-14">
         <path>.\source\SysFunctions\</path>
         <kind>object</kind>
         <file>F2837xS_DefaultISR.obj</file>
         <name>F2837xS_DefaultISR.obj</name>
      </input_file>
      <input_file id="fl-15">
         <path>.\source\SysFunctions\</path>
         <kind>object</kind>
         <file>F2837xS_Dma.obj</file>
         <name>F2837xS_Dma.obj</name>
      </input_file>
      <input_file id="fl-16">
         <path>.\source\SysFunctions\</path>
         <kind>object</kind>
         <file>F2837xS_ECap.obj</file>
         <name>F2837xS_ECap.obj</name>
      </input_file>
      <input_file id="fl-17">
         <path>.\source\SysFunctions\</path>
         <kind>object</kind>
         <file>F2837xS_EPwm.obj</file>
         <name>F2837xS_EPwm.obj</name>
      </input_file>
      <input_file id="fl-18">
         <path>.\source\SysFunctions\</path>
         <kind>object</kind>
         <file>F2837xS_EQep.obj</file>
         <name>F2837xS_EQep.obj</name>
      </input_file>
      <input_file id="fl-19">
         <path>.\source\SysFunctions\</path>
         <kind>object</kind>
         <file>F2837xS_Emif.obj</file>
         <name>F2837xS_Emif.obj</name>
      </input_file>
      <input_file id="fl-1a">
         <path>.\source\SysFunctions\</path>
         <kind>object</kind>
         <file>F2837xS_GlobalVariableDefs.obj</file>
         <name>F2837xS_GlobalVariableDefs.obj</name>
      </input_file>
      <input_file id="fl-1b">
         <path>.\source\SysFunctions\</path>
         <kind>object</kind>
         <file>F2837xS_Gpio.obj</file>
         <name>F2837xS_Gpio.obj</name>
      </input_file>
      <input_file id="fl-1c">
         <path>.\source\SysFunctions\</path>
         <kind>object</kind>
         <file>F2837xS_I2C.obj</file>
         <name>F2837xS_I2C.obj</name>
      </input_file>
      <input_file id="fl-1d">
         <path>.\source\SysFunctions\</path>
         <kind>object</kind>
         <file>F2837xS_Mcbsp.obj</file>
         <name>F2837xS_Mcbsp.obj</name>
      </input_file>
      <input_file id="fl-1e">
         <path>.\source\SysFunctions\</path>
         <kind>object</kind>
         <file>F2837xS_PieCtrl.obj</file>
         <name>F2837xS_PieCtrl.obj</name>
      </input_file>
      <input_file id="fl-1f">
         <path>.\source\SysFunctions\</path>
         <kind>object</kind>
         <file>F2837xS_PieVect.obj</file>
         <name>F2837xS_PieVect.obj</name>
      </input_file>
      <input_file id="fl-20">
         <path>.\source\SysFunctions\</path>
         <kind>object</kind>
         <file>F2837xS_Sci.obj</file>
         <name>F2837xS_Sci.obj</name>
      </input_file>
      <input_file id="fl-21">
         <path>.\source\SysFunctions\</path>
         <kind>object</kind>
         <file>F2837xS_Spi.obj</file>
         <name>F2837xS_Spi.obj</name>
      </input_file>
      <input_file id="fl-22">
         <path>.\source\SysFunctions\</path>
         <kind>object</kind>
         <file>F2837xS_SysCtrl.obj</file>
         <name>F2837xS_SysCtrl.obj</name>
      </input_file>
      <input_file id="fl-23">
         <path>.\source\SysFunctions\</path>
         <kind>object</kind>
         <file>F2837xS_TempSensorConv.obj</file>
         <name>F2837xS_TempSensorConv.obj</name>
      </input_file>
      <input_file id="fl-24">
         <path>.\source\SysFunctions\</path>
         <kind>object</kind>
         <file>F2837xS_Upp.obj</file>
         <name>F2837xS_Upp.obj</name>
      </input_file>
      <input_file id="fl-25">
         <path>.\source\SysFunctions\</path>
         <kind>object</kind>
         <file>F2837xS_can.obj</file>
         <name>F2837xS_can.obj</name>
      </input_file>
      <input_file id="fl-26">
         <path>.\source\SysFunctions\</path>
         <kind>object</kind>
         <file>F2837xS_sci_io.obj</file>
         <name>F2837xS_sci_io.obj</name>
      </input_file>
      <input_file id="fl-27">
         <path>.\source\SysFunctions\</path>
         <kind>object</kind>
         <file>F2837xS_sdfm_drivers.obj</file>
         <name>F2837xS_sdfm_drivers.obj</name>
      </input_file>
      <input_file id="fl-28">
         <path>.\source\SysFunctions\</path>
         <kind>object</kind>
         <file>F2837xS_struct.obj</file>
         <name>F2837xS_struct.obj</name>
      </input_file>
      <input_file id="fl-29">
         <path>.\source\SysFunctions\</path>
         <kind>object</kind>
         <file>F2837xS_usDelay.obj</file>
         <name>F2837xS_usDelay.obj</name>
      </input_file>
      <input_file id="fl-2f">
         <kind>object</kind>
         <file>&lt;internal&gt;</file>
         <name>&lt;internal&gt;</name>
      </input_file>
      <input_file id="fl-30">
         <path>C:\ti\ccsv8\tools\compiler\ti-cgt-c2000_18.1.1.LTS\lib\</path>
         <kind>archive</kind>
         <file>rts2800_fpu32.lib</file>
         <name>e_fmodf.c.obj</name>
      </input_file>
      <input_file id="fl-31">
         <path>C:\ti\ccsv8\tools\compiler\ti-cgt-c2000_18.1.1.LTS\lib\</path>
         <kind>archive</kind>
         <file>rts2800_fpu32.lib</file>
         <name>boot28.asm.obj</name>
      </input_file>
      <input_file id="fl-32">
         <path>C:\ti\ccsv8\tools\compiler\ti-cgt-c2000_18.1.1.LTS\lib\</path>
         <kind>archive</kind>
         <file>rts2800_fpu32.lib</file>
         <name>fs_div28.asm.obj</name>
      </input_file>
      <input_file id="fl-33">
         <path>C:\ti\ccsv8\tools\compiler\ti-cgt-c2000_18.1.1.LTS\lib\</path>
         <kind>archive</kind>
         <file>rts2800_fpu32.lib</file>
         <name>cpy_tbl.c.obj</name>
      </input_file>
      <input_file id="fl-34">
         <path>C:\ti\ccsv8\tools\compiler\ti-cgt-c2000_18.1.1.LTS\lib\</path>
         <kind>archive</kind>
         <file>rts2800_fpu32.lib</file>
         <name>memcpy.c.obj</name>
      </input_file>
      <input_file id="fl-35">
         <path>C:\ti\ccsv8\tools\compiler\ti-cgt-c2000_18.1.1.LTS\lib\</path>
         <kind>archive</kind>
         <file>rts2800_fpu32.lib</file>
         <name>pre_init.c.obj</name>
      </input_file>
      <input_file id="fl-36">
         <path>C:\ti\ccsv8\tools\compiler\ti-cgt-c2000_18.1.1.LTS\lib\</path>
         <kind>archive</kind>
         <file>rts2800_fpu32.lib</file>
         <name>startup.c.obj</name>
      </input_file>
      <input_file id="fl-37">
         <path>C:\ti\ccsv8\tools\compiler\ti-cgt-c2000_18.1.1.LTS\lib\</path>
         <kind>archive</kind>
         <file>rts2800_fpu32.lib</file>
         <name>exit.c.obj</name>
      </input_file>
      <input_file id="fl-38">
         <path>C:\ti\ccsv8\tools\compiler\ti-cgt-c2000_18.1.1.LTS\lib\</path>
         <kind>archive</kind>
         <file>rts2800_fpu32.lib</file>
         <name>_lock.c.obj</name>
      </input_file>
      <input_file id="fl-39">
         <path>C:\ti\ccsv8\tools\compiler\ti-cgt-c2000_18.1.1.LTS\lib\</path>
         <kind>archive</kind>
         <file>rts2800_fpu32.lib</file>
         <name>args_main.c.obj</name>
      </input_file>
   </input_file_list>
   <object_component_list>
      <object_component id="oc-8d">
         <name>.cinit</name>
         <load_address>0x82000</load_address>
         <run_address>0x82000</run_address>
         <size>0x27e</size>
         <input_file_ref idref="fl-2"/>
      </object_component>
      <object_component id="oc-1b5">
         <name>.cinit</name>
         <load_address>0x8227e</load_address>
         <run_address>0x8227e</run_address>
         <size>0x62</size>
         <input_file_ref idref="fl-28"/>
      </object_component>
      <object_component id="oc-a6">
         <name>.cinit</name>
         <load_address>0x822e0</load_address>
         <run_address>0x822e0</run_address>
         <size>0x2d</size>
         <input_file_ref idref="fl-6"/>
      </object_component>
      <object_component id="oc-1e3">
         <name>.cinit</name>
         <load_address>0x8230d</load_address>
         <run_address>0x8230d</run_address>
         <size>0xe</size>
         <input_file_ref idref="fl-37"/>
      </object_component>
      <object_component id="oc-202">
         <name>.cinit:__lock</name>
         <load_address>0x8231b</load_address>
         <run_address>0x8231b</run_address>
         <size>0x5</size>
         <input_file_ref idref="fl-38"/>
      </object_component>
      <object_component id="oc-20c">
         <name>.cinit:__unlock</name>
         <load_address>0x82320</load_address>
         <run_address>0x82320</run_address>
         <size>0x5</size>
         <input_file_ref idref="fl-38"/>
      </object_component>
      <object_component id="oc-9f">
         <name>.cinit</name>
         <load_address>0x82325</load_address>
         <run_address>0x82325</run_address>
         <size>0x4</size>
         <input_file_ref idref="fl-5"/>
      </object_component>
      <object_component id="oc-1a9">
         <name>.cinit</name>
         <load_address>0x82329</load_address>
         <run_address>0x82329</run_address>
         <size>0x4</size>
         <input_file_ref idref="fl-26"/>
      </object_component>
      <object_component id="oc-ef">
         <name>.text:retain</name>
         <load_address>0x82330</load_address>
         <run_address>0x82330</run_address>
         <size>0x567</size>
         <input_file_ref idref="fl-14"/>
      </object_component>
      <object_component id="oc-8f">
         <name>.text:retain</name>
         <load_address>0x82897</load_address>
         <run_address>0x82897</run_address>
         <size>0x4ab</size>
         <input_file_ref idref="fl-2"/>
      </object_component>
      <object_component id="oc-1f8">
         <name>.text</name>
         <load_address>0x82d42</load_address>
         <run_address>0x82d42</run_address>
         <size>0x358</size>
         <input_file_ref idref="fl-8"/>
      </object_component>
      <object_component id="oc-207">
         <name>.text</name>
         <load_address>0x8309a</load_address>
         <run_address>0x8309a</run_address>
         <size>0x339</size>
         <input_file_ref idref="fl-22"/>
      </object_component>
      <object_component id="oc-1fa">
         <name>.text</name>
         <load_address>0x833d3</load_address>
         <run_address>0x833d3</run_address>
         <size>0x272</size>
         <input_file_ref idref="fl-3"/>
      </object_component>
      <object_component id="oc-1fd">
         <name>.text</name>
         <load_address>0x83645</load_address>
         <run_address>0x83645</run_address>
         <size>0x244</size>
         <input_file_ref idref="fl-1b"/>
      </object_component>
      <object_component id="oc-200">
         <name>.text</name>
         <load_address>0x83889</load_address>
         <run_address>0x83889</run_address>
         <size>0x23c</size>
         <input_file_ref idref="fl-2"/>
      </object_component>
      <object_component id="oc-1fb">
         <name>.text</name>
         <load_address>0x83ac5</load_address>
         <run_address>0x83ac5</run_address>
         <size>0x19d</size>
         <input_file_ref idref="fl-c"/>
      </object_component>
      <object_component id="oc-1f9">
         <name>.text</name>
         <load_address>0x83c62</load_address>
         <run_address>0x83c62</run_address>
         <size>0x141</size>
         <input_file_ref idref="fl-5"/>
      </object_component>
      <object_component id="oc-205">
         <name>.text</name>
         <load_address>0x83da3</load_address>
         <run_address>0x83da3</run_address>
         <size>0x116</size>
         <input_file_ref idref="fl-17"/>
      </object_component>
      <object_component id="oc-203">
         <name>.text</name>
         <load_address>0x83eb9</load_address>
         <run_address>0x83eb9</run_address>
         <size>0xdd</size>
         <input_file_ref idref="fl-10"/>
      </object_component>
      <object_component id="oc-206">
         <name>.text</name>
         <load_address>0x83f96</load_address>
         <run_address>0x83f96</run_address>
         <size>0x56</size>
         <input_file_ref idref="fl-20"/>
      </object_component>
      <object_component id="oc-20b">
         <name>.text</name>
         <load_address>0x83fec</load_address>
         <run_address>0x83fec</run_address>
         <size>0x9</size>
         <input_file_ref idref="fl-38"/>
      </object_component>
      <object_component id="oc-e9">
         <name>.text</name>
         <load_address>0x83ff5</load_address>
         <run_address>0x83ff5</run_address>
         <size>0x3</size>
         <input_file_ref idref="fl-13"/>
      </object_component>
      <object_component id="oc-1f3">
         <name>.text</name>
         <load_address>0x83ff8</load_address>
         <run_address>0x83ff8</run_address>
         <size>0x2</size>
         <input_file_ref idref="fl-35"/>
      </object_component>
      <object_component id="oc-1f5">
         <name>.text</name>
         <load_address>0x83ffa</load_address>
         <run_address>0x83ffa</run_address>
         <size>0x1</size>
         <input_file_ref idref="fl-36"/>
      </object_component>
      <object_component id="oc-204">
         <name>.text</name>
         <load_address>0x84000</load_address>
         <run_address>0x84000</run_address>
         <size>0xca</size>
         <input_file_ref idref="fl-23"/>
      </object_component>
      <object_component id="oc-20e">
         <name>.text</name>
         <load_address>0x840ca</load_address>
         <run_address>0x840ca</run_address>
         <size>0x9a</size>
         <input_file_ref idref="fl-18"/>
      </object_component>
      <object_component id="oc-1c9">
         <name>.text</name>
         <load_address>0x84164</load_address>
         <run_address>0x84164</run_address>
         <size>0x88</size>
         <input_file_ref idref="fl-32"/>
      </object_component>
      <object_component id="oc-1fe">
         <name>.text</name>
         <load_address>0x841ec</load_address>
         <run_address>0x841ec</run_address>
         <size>0x7c</size>
         <input_file_ref idref="fl-e"/>
      </object_component>
      <object_component id="oc-8b">
         <name>.text</name>
         <load_address>0x84268</load_address>
         <run_address>0x84268</run_address>
         <size>0x56</size>
         <input_file_ref idref="fl-31"/>
      </object_component>
      <object_component id="oc-1fc">
         <name>.text</name>
         <load_address>0x842be</load_address>
         <run_address>0x842be</run_address>
         <size>0x4a</size>
         <input_file_ref idref="fl-a"/>
      </object_component>
      <object_component id="oc-20a">
         <name>.text</name>
         <load_address>0x84308</load_address>
         <run_address>0x84308</run_address>
         <size>0x29</size>
         <input_file_ref idref="fl-d"/>
      </object_component>
      <object_component id="oc-1f7">
         <name>.text</name>
         <load_address>0x84331</load_address>
         <run_address>0x84331</run_address>
         <size>0x29</size>
         <input_file_ref idref="fl-37"/>
      </object_component>
      <object_component id="oc-208">
         <name>.text</name>
         <load_address>0x8435a</load_address>
         <run_address>0x8435a</run_address>
         <size>0x28</size>
         <input_file_ref idref="fl-1e"/>
      </object_component>
      <object_component id="oc-209">
         <name>.text</name>
         <load_address>0x84382</load_address>
         <run_address>0x84382</run_address>
         <size>0x26</size>
         <input_file_ref idref="fl-1f"/>
      </object_component>
      <object_component id="oc-1f4">
         <name>.text</name>
         <load_address>0x843a8</load_address>
         <run_address>0x843a8</run_address>
         <size>0x24</size>
         <input_file_ref idref="fl-33"/>
      </object_component>
      <object_component id="oc-1ff">
         <name>.text</name>
         <load_address>0x843cc</load_address>
         <run_address>0x843cc</run_address>
         <size>0x1e</size>
         <input_file_ref idref="fl-34"/>
      </object_component>
      <object_component id="oc-1f6">
         <name>.text</name>
         <load_address>0x843ea</load_address>
         <run_address>0x843ea</run_address>
         <size>0x19</size>
         <input_file_ref idref="fl-39"/>
      </object_component>
      <object_component id="oc-de">
         <name>codestart</name>
         <load_address>0x0</load_address>
         <run_address>0x0</run_address>
         <size>0x2</size>
         <input_file_ref idref="fl-11"/>
      </object_component>
      <object_component id="oc-1b8">
         <name>.TI.ramfunc</name>
         <load_address>0x86000</load_address>
         <run_address>0x8000</run_address>
         <size>0x4</size>
         <input_file_ref idref="fl-29"/>
      </object_component>
      <object_component id="oc-1c3">
         <name>.stack</name>
         <uninitialized>true</uninitialized>
         <run_address>0x400</run_address>
         <size>0x0</size>
         <input_file_ref idref="fl-31"/>
      </object_component>
      <object_component id="oc-2a2">
         <name>.stack</name>
         <uninitialized>true</uninitialized>
         <run_address>0x400</run_address>
         <size>0x0</size>
      </object_component>
      <object_component id="oc-8e">
         <name>.ebss</name>
         <uninitialized>true</uninitialized>
         <run_address>0xa800</run_address>
         <size>0x2bc</size>
         <input_file_ref idref="fl-2"/>
      </object_component>
      <object_component id="oc-201">
         <name>.ebss:__lock</name>
         <uninitialized>true</uninitialized>
         <run_address>0xaabc</run_address>
         <size>0x2</size>
         <input_file_ref idref="fl-38"/>
      </object_component>
      <object_component id="oc-20f">
         <name>.ebss:__unlock</name>
         <uninitialized>true</uninitialized>
         <run_address>0xaabe</run_address>
         <size>0x2</size>
         <input_file_ref idref="fl-38"/>
      </object_component>
      <object_component id="oc-1b6">
         <name>.ebss</name>
         <uninitialized>true</uninitialized>
         <run_address>0xaac0</run_address>
         <size>0x5a</size>
         <input_file_ref idref="fl-28"/>
      </object_component>
      <object_component id="oc-a7">
         <name>.ebss</name>
         <uninitialized>true</uninitialized>
         <run_address>0xab1a</run_address>
         <size>0x24</size>
         <input_file_ref idref="fl-6"/>
      </object_component>
      <object_component id="oc-a0">
         <name>.ebss</name>
         <uninitialized>true</uninitialized>
         <run_address>0xab3e</run_address>
         <size>0x1</size>
         <input_file_ref idref="fl-5"/>
      </object_component>
      <object_component id="oc-1aa">
         <name>.ebss</name>
         <uninitialized>true</uninitialized>
         <run_address>0xab3f</run_address>
         <size>0x1</size>
         <input_file_ref idref="fl-26"/>
      </object_component>
      <object_component id="oc-e4">
         <name>.ebss</name>
         <uninitialized>true</uninitialized>
         <run_address>0xab40</run_address>
         <size>0x18</size>
         <input_file_ref idref="fl-12"/>
      </object_component>
      <object_component id="oc-199">
         <name>.ebss</name>
         <uninitialized>true</uninitialized>
         <run_address>0xab58</run_address>
         <size>0x6</size>
         <input_file_ref idref="fl-23"/>
      </object_component>
      <object_component id="oc-1e4">
         <name>.ebss</name>
         <uninitialized>true</uninitialized>
         <run_address>0xab5e</run_address>
         <size>0x6</size>
         <input_file_ref idref="fl-37"/>
      </object_component>
      <object_component id="oc-20d">
         <name>.econst:_PieVectTableInit</name>
         <load_address>0x90000</load_address>
         <run_address>0x90000</run_address>
         <size>0x1c0</size>
         <input_file_ref idref="fl-1f"/>
      </object_component>
      <object_component id="oc-1be">
         <name>.econst</name>
         <load_address>0x901c0</load_address>
         <run_address>0x901c0</run_address>
         <size>0x2</size>
         <input_file_ref idref="fl-30"/>
      </object_component>
      <object_component id="oc-1c4">
         <name>.reset</name>
         <load_address>0x3fffc0</load_address>
         <run_address>0x3fffc0</run_address>
         <size>0x2</size>
         <input_file_ref idref="fl-31"/>
      </object_component>
      <object_component id="oc-171">
         <name>PieVectTableFile</name>
         <uninitialized>true</uninitialized>
         <run_address>0xd00</run_address>
         <size>0x1c0</size>
         <input_file_ref idref="fl-1a"/>
      </object_component>
      <object_component id="oc-10e">
         <name>EmuKeyVar</name>
         <uninitialized>true</uninitialized>
         <run_address>0xd00</run_address>
         <size>0x1</size>
         <input_file_ref idref="fl-1a"/>
      </object_component>
      <object_component id="oc-10f">
         <name>EmuBModeVar</name>
         <uninitialized>true</uninitialized>
         <run_address>0xd01</run_address>
         <size>0x1</size>
         <input_file_ref idref="fl-1a"/>
      </object_component>
      <object_component id="oc-126">
         <name>AdcaResultFile</name>
         <uninitialized>true</uninitialized>
         <run_address>0xb00</run_address>
         <size>0x18</size>
         <input_file_ref idref="fl-1a"/>
      </object_component>
      <object_component id="oc-127">
         <name>AdcbResultFile</name>
         <uninitialized>true</uninitialized>
         <run_address>0xb20</run_address>
         <size>0x18</size>
         <input_file_ref idref="fl-1a"/>
      </object_component>
      <object_component id="oc-125">
         <name>AdccResultFile</name>
         <uninitialized>true</uninitialized>
         <run_address>0xb40</run_address>
         <size>0x18</size>
         <input_file_ref idref="fl-1a"/>
      </object_component>
      <object_component id="oc-128">
         <name>AdcdResultFile</name>
         <uninitialized>true</uninitialized>
         <run_address>0xb60</run_address>
         <size>0x18</size>
         <input_file_ref idref="fl-1a"/>
      </object_component>
      <object_component id="oc-157">
         <name>AdcaRegsFile</name>
         <uninitialized>true</uninitialized>
         <run_address>0x7400</run_address>
         <size>0x80</size>
         <input_file_ref idref="fl-1a"/>
      </object_component>
      <object_component id="oc-158">
         <name>AdcbRegsFile</name>
         <uninitialized>true</uninitialized>
         <run_address>0x7480</run_address>
         <size>0x80</size>
         <input_file_ref idref="fl-1a"/>
      </object_component>
      <object_component id="oc-156">
         <name>AdccRegsFile</name>
         <uninitialized>true</uninitialized>
         <run_address>0x7500</run_address>
         <size>0x80</size>
         <input_file_ref idref="fl-1a"/>
      </object_component>
      <object_component id="oc-15c">
         <name>AdcdRegsFile</name>
         <uninitialized>true</uninitialized>
         <run_address>0x7580</run_address>
         <size>0x80</size>
         <input_file_ref idref="fl-1a"/>
      </object_component>
      <object_component id="oc-152">
         <name>AnalogSubsysRegsFile</name>
         <uninitialized>true</uninitialized>
         <run_address>0x5d180</run_address>
         <size>0x48</size>
         <input_file_ref idref="fl-1a"/>
      </object_component>
      <object_component id="oc-16c">
         <name>CanaRegsFile</name>
         <uninitialized>true</uninitialized>
         <run_address>0x48000</run_address>
         <size>0x164</size>
         <input_file_ref idref="fl-1a"/>
      </object_component>
      <object_component id="oc-16d">
         <name>CanbRegsFile</name>
         <uninitialized>true</uninitialized>
         <run_address>0x4a000</run_address>
         <size>0x164</size>
         <input_file_ref idref="fl-1a"/>
      </object_component>
      <object_component id="oc-14d">
         <name>Cla1RegsFile</name>
         <uninitialized>true</uninitialized>
         <run_address>0x1400</run_address>
         <size>0x3e</size>
         <input_file_ref idref="fl-1a"/>
      </object_component>
      <object_component id="oc-113">
         <name>Cla1SoftIntRegsFile</name>
         <uninitialized>true</uninitialized>
         <run_address>0xce0</run_address>
         <size>0x4</size>
         <input_file_ref idref="fl-1a"/>
      </object_component>
      <object_component id="oc-139">
         <name>Cmpss1RegsFile</name>
         <uninitialized>true</uninitialized>
         <run_address>0x5c80</run_address>
         <size>0x20</size>
         <input_file_ref idref="fl-1a"/>
      </object_component>
      <object_component id="oc-138">
         <name>Cmpss2RegsFile</name>
         <uninitialized>true</uninitialized>
         <run_address>0x5ca0</run_address>
         <size>0x20</size>
         <input_file_ref idref="fl-1a"/>
      </object_component>
      <object_component id="oc-13b">
         <name>Cmpss3RegsFile</name>
         <uninitialized>true</uninitialized>
         <run_address>0x5cc0</run_address>
         <size>0x20</size>
         <input_file_ref idref="fl-1a"/>
      </object_component>
      <object_component id="oc-13a">
         <name>Cmpss4RegsFile</name>
         <uninitialized>true</uninitialized>
         <run_address>0x5ce0</run_address>
         <size>0x20</size>
         <input_file_ref idref="fl-1a"/>
      </object_component>
      <object_component id="oc-135">
         <name>Cmpss5RegsFile</name>
         <uninitialized>true</uninitialized>
         <run_address>0x5d00</run_address>
         <size>0x20</size>
         <input_file_ref idref="fl-1a"/>
      </object_component>
      <object_component id="oc-134">
         <name>Cmpss6RegsFile</name>
         <uninitialized>true</uninitialized>
         <run_address>0x5d20</run_address>
         <size>0x20</size>
         <input_file_ref idref="fl-1a"/>
      </object_component>
      <object_component id="oc-137">
         <name>Cmpss7RegsFile</name>
         <uninitialized>true</uninitialized>
         <run_address>0x5d40</run_address>
         <size>0x20</size>
         <input_file_ref idref="fl-1a"/>
      </object_component>
      <object_component id="oc-136">
         <name>Cmpss8RegsFile</name>
         <uninitialized>true</uninitialized>
         <run_address>0x5d60</run_address>
         <size>0x20</size>
         <input_file_ref idref="fl-1a"/>
      </object_component>
      <object_component id="oc-11b">
         <name>CpuTimer0RegsFile</name>
         <uninitialized>true</uninitialized>
         <run_address>0xc00</run_address>
         <size>0x8</size>
         <input_file_ref idref="fl-1a"/>
      </object_component>
      <object_component id="oc-11c">
         <name>CpuTimer1RegsFile</name>
         <uninitialized>true</uninitialized>
         <run_address>0xc08</run_address>
         <size>0x8</size>
         <input_file_ref idref="fl-1a"/>
      </object_component>
      <object_component id="oc-119">
         <name>CpuTimer2RegsFile</name>
         <uninitialized>true</uninitialized>
         <run_address>0xc10</run_address>
         <size>0x8</size>
         <input_file_ref idref="fl-1a"/>
      </object_component>
      <object_component id="oc-118">
         <name>DacaRegsFile</name>
         <uninitialized>true</uninitialized>
         <run_address>0x5c00</run_address>
         <size>0x8</size>
         <input_file_ref idref="fl-1a"/>
      </object_component>
      <object_component id="oc-116">
         <name>DacbRegsFile</name>
         <uninitialized>true</uninitialized>
         <run_address>0x5c10</run_address>
         <size>0x8</size>
         <input_file_ref idref="fl-1a"/>
      </object_component>
      <object_component id="oc-117">
         <name>DaccRegsFile</name>
         <uninitialized>true</uninitialized>
         <run_address>0x5c20</run_address>
         <size>0x8</size>
         <input_file_ref idref="fl-1a"/>
      </object_component>
      <object_component id="oc-147">
         <name>DcsmZ1RegsFile</name>
         <uninitialized>true</uninitialized>
         <run_address>0x5f000</run_address>
         <size>0x24</size>
         <input_file_ref idref="fl-1a"/>
      </object_component>
      <object_component id="oc-145">
         <name>DcsmZ2RegsFile</name>
         <uninitialized>true</uninitialized>
         <run_address>0x5f040</run_address>
         <size>0x24</size>
         <input_file_ref idref="fl-1a"/>
      </object_component>
      <object_component id="oc-11a">
         <name>DcsmCommonRegsFile</name>
         <uninitialized>true</uninitialized>
         <run_address>0x5f070</run_address>
         <size>0x8</size>
         <input_file_ref idref="fl-1a"/>
      </object_component>
      <object_component id="oc-13e">
         <name>DcsmZ1OtpFile</name>
         <uninitialized>true</uninitialized>
         <run_address>0x78000</run_address>
         <size>0x20</size>
         <input_file_ref idref="fl-1a"/>
      </object_component>
      <object_component id="oc-13c">
         <name>DcsmZ2OtpFile</name>
         <uninitialized>true</uninitialized>
         <run_address>0x78200</run_address>
         <size>0x20</size>
         <input_file_ref idref="fl-1a"/>
      </object_component>
      <object_component id="oc-15e">
         <name>DmaRegsFile</name>
         <uninitialized>true</uninitialized>
         <run_address>0x1000</run_address>
         <size>0xe0</size>
         <input_file_ref idref="fl-1a"/>
      </object_component>
      <object_component id="oc-12a">
         <name>DmaClaSrcSelRegsFile</name>
         <uninitialized>true</uninitialized>
         <run_address>0x7980</run_address>
         <size>0x1a</size>
         <input_file_ref idref="fl-1a"/>
      </object_component>
      <object_component id="oc-13d">
         <name>ECap1RegsFile</name>
         <uninitialized>true</uninitialized>
         <run_address>0x5000</run_address>
         <size>0x20</size>
         <input_file_ref idref="fl-1a"/>
      </object_component>
      <object_component id="oc-12d">
         <name>ECap2RegsFile</name>
         <uninitialized>true</uninitialized>
         <run_address>0x5020</run_address>
         <size>0x20</size>
         <input_file_ref idref="fl-1a"/>
      </object_component>
      <object_component id="oc-12c">
         <name>ECap3RegsFile</name>
         <uninitialized>true</uninitialized>
         <run_address>0x5040</run_address>
         <size>0x20</size>
         <input_file_ref idref="fl-1a"/>
      </object_component>
      <object_component id="oc-12b">
         <name>ECap4RegsFile</name>
         <uninitialized>true</uninitialized>
         <run_address>0x5060</run_address>
         <size>0x20</size>
         <input_file_ref idref="fl-1a"/>
      </object_component>
      <object_component id="oc-133">
         <name>ECap5RegsFile</name>
         <uninitialized>true</uninitialized>
         <run_address>0x5080</run_address>
         <size>0x20</size>
         <input_file_ref idref="fl-1a"/>
      </object_component>
      <object_component id="oc-131">
         <name>ECap6RegsFile</name>
         <uninitialized>true</uninitialized>
         <run_address>0x50a0</run_address>
         <size>0x20</size>
         <input_file_ref idref="fl-1a"/>
      </object_component>
      <object_component id="oc-154">
         <name>Emif1RegsFile</name>
         <uninitialized>true</uninitialized>
         <run_address>0x47000</run_address>
         <size>0x70</size>
         <input_file_ref idref="fl-1a"/>
      </object_component>
      <object_component id="oc-155">
         <name>Emif2RegsFile</name>
         <uninitialized>true</uninitialized>
         <run_address>0x47800</run_address>
         <size>0x70</size>
         <input_file_ref idref="fl-1a"/>
      </object_component>
      <object_component id="oc-163">
         <name>EPwm1RegsFile</name>
         <uninitialized>true</uninitialized>
         <run_address>0x4000</run_address>
         <size>0x100</size>
         <input_file_ref idref="fl-1a"/>
      </object_component>
      <object_component id="oc-162">
         <name>EPwm2RegsFile</name>
         <uninitialized>true</uninitialized>
         <run_address>0x4100</run_address>
         <size>0x100</size>
         <input_file_ref idref="fl-1a"/>
      </object_component>
      <object_component id="oc-165">
         <name>EPwm3RegsFile</name>
         <uninitialized>true</uninitialized>
         <run_address>0x4200</run_address>
         <size>0x100</size>
         <input_file_ref idref="fl-1a"/>
      </object_component>
      <object_component id="oc-160">
         <name>EPwm4RegsFile</name>
         <uninitialized>true</uninitialized>
         <run_address>0x4300</run_address>
         <size>0x100</size>
         <input_file_ref idref="fl-1a"/>
      </object_component>
      <object_component id="oc-15f">
         <name>EPwm5RegsFile</name>
         <uninitialized>true</uninitialized>
         <run_address>0x4400</run_address>
         <size>0x100</size>
         <input_file_ref idref="fl-1a"/>
      </object_component>
      <object_component id="oc-164">
         <name>EPwm6RegsFile</name>
         <uninitialized>true</uninitialized>
         <run_address>0x4500</run_address>
         <size>0x100</size>
         <input_file_ref idref="fl-1a"/>
      </object_component>
      <object_component id="oc-161">
         <name>EPwm7RegsFile</name>
         <uninitialized>true</uninitialized>
         <run_address>0x4600</run_address>
         <size>0x100</size>
         <input_file_ref idref="fl-1a"/>
      </object_component>
      <object_component id="oc-16a">
         <name>EPwm8RegsFile</name>
         <uninitialized>true</uninitialized>
         <run_address>0x4700</run_address>
         <size>0x100</size>
         <input_file_ref idref="fl-1a"/>
      </object_component>
      <object_component id="oc-168">
         <name>EPwm9RegsFile</name>
         <uninitialized>true</uninitialized>
         <run_address>0x4800</run_address>
         <size>0x100</size>
         <input_file_ref idref="fl-1a"/>
      </object_component>
      <object_component id="oc-169">
         <name>EPwm10RegsFile</name>
         <uninitialized>true</uninitialized>
         <run_address>0x4900</run_address>
         <size>0x100</size>
         <input_file_ref idref="fl-1a"/>
      </object_component>
      <object_component id="oc-166">
         <name>EPwm11RegsFile</name>
         <uninitialized>true</uninitialized>
         <run_address>0x4a00</run_address>
         <size>0x100</size>
         <input_file_ref idref="fl-1a"/>
      </object_component>
      <object_component id="oc-167">
         <name>EPwm12RegsFile</name>
         <uninitialized>true</uninitialized>
         <run_address>0x4b00</run_address>
         <size>0x100</size>
         <input_file_ref idref="fl-1a"/>
      </object_component>
      <object_component id="oc-150">
         <name>EPwmXbarRegsFile</name>
         <uninitialized>true</uninitialized>
         <run_address>0x7a00</run_address>
         <size>0x40</size>
         <input_file_ref idref="fl-1a"/>
      </object_component>
      <object_component id="oc-13f">
         <name>EQep1RegsFile</name>
         <uninitialized>true</uninitialized>
         <run_address>0x5100</run_address>
         <size>0x22</size>
         <input_file_ref idref="fl-1a"/>
      </object_component>
      <object_component id="oc-140">
         <name>EQep2RegsFile</name>
         <uninitialized>true</uninitialized>
         <run_address>0x5140</run_address>
         <size>0x22</size>
         <input_file_ref idref="fl-1a"/>
      </object_component>
      <object_component id="oc-141">
         <name>EQep3RegsFile</name>
         <uninitialized>true</uninitialized>
         <run_address>0x5180</run_address>
         <size>0x22</size>
         <input_file_ref idref="fl-1a"/>
      </object_component>
      <object_component id="oc-170">
         <name>Flash0CtrlRegsFile</name>
         <uninitialized>true</uninitialized>
         <run_address>0x5f800</run_address>
         <size>0x182</size>
         <input_file_ref idref="fl-1a"/>
      </object_component>
      <object_component id="oc-149">
         <name>Flash0EccRegsFile</name>
         <uninitialized>true</uninitialized>
         <run_address>0x5fb00</run_address>
         <size>0x28</size>
         <input_file_ref idref="fl-1a"/>
      </object_component>
      <object_component id="oc-16f">
         <name>Flash1CtrlRegsFile</name>
         <uninitialized>true</uninitialized>
         <run_address>0x5fc00</run_address>
         <size>0x182</size>
         <input_file_ref idref="fl-1a"/>
      </object_component>
      <object_component id="oc-148">
         <name>Flash1EccRegsFile</name>
         <uninitialized>true</uninitialized>
         <run_address>0x5ff00</run_address>
         <size>0x28</size>
         <input_file_ref idref="fl-1a"/>
      </object_component>
      <object_component id="oc-16e">
         <name>GpioCtrlRegsFile</name>
         <uninitialized>true</uninitialized>
         <run_address>0x7c00</run_address>
         <size>0x180</size>
         <input_file_ref idref="fl-1a"/>
      </object_component>
      <object_component id="oc-14b">
         <name>GpioDataRegsFile</name>
         <uninitialized>true</uninitialized>
         <run_address>0x7f00</run_address>
         <size>0x30</size>
         <input_file_ref idref="fl-1a"/>
      </object_component>
      <object_component id="oc-151">
         <name>OutputXbarRegsFile</name>
         <uninitialized>true</uninitialized>
         <run_address>0x7a80</run_address>
         <size>0x40</size>
         <input_file_ref idref="fl-1a"/>
      </object_component>
      <object_component id="oc-142">
         <name>I2caRegsFile</name>
         <uninitialized>true</uninitialized>
         <run_address>0x7300</run_address>
         <size>0x22</size>
         <input_file_ref idref="fl-1a"/>
      </object_component>
      <object_component id="oc-143">
         <name>I2cbRegsFile</name>
         <uninitialized>true</uninitialized>
         <run_address>0x7340</run_address>
         <size>0x22</size>
         <input_file_ref idref="fl-1a"/>
      </object_component>
      <object_component id="oc-12e">
         <name>InputXbarRegsFile</name>
         <uninitialized>true</uninitialized>
         <run_address>0x7900</run_address>
         <size>0x20</size>
         <input_file_ref idref="fl-1a"/>
      </object_component>
      <object_component id="oc-132">
         <name>XbarRegsFile</name>
         <uninitialized>true</uninitialized>
         <run_address>0x7920</run_address>
         <size>0x20</size>
         <input_file_ref idref="fl-1a"/>
      </object_component>
      <object_component id="oc-111">
         <name>FlashPumpSemaphoreRegsFile</name>
         <uninitialized>true</uninitialized>
         <run_address>0x50024</run_address>
         <size>0x2</size>
         <input_file_ref idref="fl-1a"/>
      </object_component>
      <object_component id="oc-112">
         <name>RomPrefetchRegsFile</name>
         <uninitialized>true</uninitialized>
         <run_address>0x5e608</run_address>
         <size>0x2</size>
         <input_file_ref idref="fl-1a"/>
      </object_component>
      <object_component id="oc-15b">
         <name>MemCfgRegsFile</name>
         <uninitialized>true</uninitialized>
         <run_address>0x5f400</run_address>
         <size>0x80</size>
         <input_file_ref idref="fl-1a"/>
      </object_component>
      <object_component id="oc-12f">
         <name>Emif1ConfigRegsFile</name>
         <uninitialized>true</uninitialized>
         <run_address>0x5f480</run_address>
         <size>0x20</size>
         <input_file_ref idref="fl-1a"/>
      </object_component>
      <object_component id="oc-130">
         <name>Emif2ConfigRegsFile</name>
         <uninitialized>true</uninitialized>
         <run_address>0x5f4a0</run_address>
         <size>0x20</size>
         <input_file_ref idref="fl-1a"/>
      </object_component>
      <object_component id="oc-14f">
         <name>AccessProtectionRegsFile</name>
         <uninitialized>true</uninitialized>
         <run_address>0x5f4c0</run_address>
         <size>0x40</size>
         <input_file_ref idref="fl-1a"/>
      </object_component>
      <object_component id="oc-14e">
         <name>MemoryErrorRegsFile</name>
         <uninitialized>true</uninitialized>
         <run_address>0x5f500</run_address>
         <size>0x40</size>
         <input_file_ref idref="fl-1a"/>
      </object_component>
      <object_component id="oc-110">
         <name>RomWaitStateRegsFile</name>
         <uninitialized>true</uninitialized>
         <run_address>0x5f540</run_address>
         <size>0x2</size>
         <input_file_ref idref="fl-1a"/>
      </object_component>
      <object_component id="oc-144">
         <name>McbspaRegsFile</name>
         <uninitialized>true</uninitialized>
         <run_address>0x6000</run_address>
         <size>0x24</size>
         <input_file_ref idref="fl-1a"/>
      </object_component>
      <object_component id="oc-146">
         <name>McbspbRegsFile</name>
         <uninitialized>true</uninitialized>
         <run_address>0x6040</run_address>
         <size>0x24</size>
         <input_file_ref idref="fl-1a"/>
      </object_component>
      <object_component id="oc-153">
         <name>UppRegsFile</name>
         <uninitialized>true</uninitialized>
         <run_address>0x6200</run_address>
         <size>0x48</size>
         <input_file_ref idref="fl-1a"/>
      </object_component>
      <object_component id="oc-115">
         <name>NmiIntruptRegsFile</name>
         <uninitialized>true</uninitialized>
         <run_address>0x7060</run_address>
         <size>0x7</size>
         <input_file_ref idref="fl-1a"/>
      </object_component>
      <object_component id="oc-129">
         <name>PieCtrlRegsFile</name>
         <uninitialized>true</uninitialized>
         <run_address>0xce0</run_address>
         <size>0x1a</size>
         <input_file_ref idref="fl-1a"/>
      </object_component>
      <object_component id="oc-11e">
         <name>SciaRegsFile</name>
         <uninitialized>true</uninitialized>
         <run_address>0x7200</run_address>
         <size>0x10</size>
         <input_file_ref idref="fl-1a"/>
      </object_component>
      <object_component id="oc-120">
         <name>ScibRegsFile</name>
         <uninitialized>true</uninitialized>
         <run_address>0x7210</run_address>
         <size>0x10</size>
         <input_file_ref idref="fl-1a"/>
      </object_component>
      <object_component id="oc-122">
         <name>ScicRegsFile</name>
         <uninitialized>true</uninitialized>
         <run_address>0x7220</run_address>
         <size>0x10</size>
         <input_file_ref idref="fl-1a"/>
      </object_component>
      <object_component id="oc-121">
         <name>ScidRegsFile</name>
         <uninitialized>true</uninitialized>
         <run_address>0x7230</run_address>
         <size>0x10</size>
         <input_file_ref idref="fl-1a"/>
      </object_component>
      <object_component id="oc-15a">
         <name>Sdfm1RegsFile</name>
         <uninitialized>true</uninitialized>
         <run_address>0x5e00</run_address>
         <size>0x80</size>
         <input_file_ref idref="fl-1a"/>
      </object_component>
      <object_component id="oc-159">
         <name>Sdfm2RegsFile</name>
         <uninitialized>true</uninitialized>
         <run_address>0x5e80</run_address>
         <size>0x80</size>
         <input_file_ref idref="fl-1a"/>
      </object_component>
      <object_component id="oc-123">
         <name>SpiaRegsFile</name>
         <uninitialized>true</uninitialized>
         <run_address>0x6100</run_address>
         <size>0x10</size>
         <input_file_ref idref="fl-1a"/>
      </object_component>
      <object_component id="oc-124">
         <name>SpibRegsFile</name>
         <uninitialized>true</uninitialized>
         <run_address>0x6110</run_address>
         <size>0x10</size>
         <input_file_ref idref="fl-1a"/>
      </object_component>
      <object_component id="oc-11f">
         <name>SpicRegsFile</name>
         <uninitialized>true</uninitialized>
         <run_address>0x6120</run_address>
         <size>0x10</size>
         <input_file_ref idref="fl-1a"/>
      </object_component>
      <object_component id="oc-16b">
         <name>DevCfgRegsFile</name>
         <uninitialized>true</uninitialized>
         <run_address>0x5d000</run_address>
         <size>0x12e</size>
         <input_file_ref idref="fl-1a"/>
      </object_component>
      <object_component id="oc-14c">
         <name>ClkCfgRegsFile</name>
         <uninitialized>true</uninitialized>
         <run_address>0x5d200</run_address>
         <size>0x32</size>
         <input_file_ref idref="fl-1a"/>
      </object_component>
      <object_component id="oc-15d">
         <name>CpuSysRegsFile</name>
         <uninitialized>true</uninitialized>
         <run_address>0x5d300</run_address>
         <size>0x82</size>
         <input_file_ref idref="fl-1a"/>
      </object_component>
      <object_component id="oc-114">
         <name>SyncSocRegsFile</name>
         <uninitialized>true</uninitialized>
         <run_address>0x7940</run_address>
         <size>0x6</size>
         <input_file_ref idref="fl-1a"/>
      </object_component>
      <object_component id="oc-14a">
         <name>WdRegsFile</name>
         <uninitialized>true</uninitialized>
         <run_address>0x7000</run_address>
         <size>0x2b</size>
         <input_file_ref idref="fl-1a"/>
      </object_component>
      <object_component id="oc-11d">
         <name>XintRegsFile</name>
         <uninitialized>true</uninitialized>
         <run_address>0x7070</run_address>
         <size>0xb</size>
         <input_file_ref idref="fl-1a"/>
      </object_component>
      <object_component id="oc-8c">
         <name>.debug_info</name>
         <load_address>0x0</load_address>
         <run_address>0x0</run_address>
         <size>0x12f54</size>
         <input_file_ref idref="fl-2"/>
      </object_component>
      <object_component id="oc-94">
         <name>.debug_info</name>
         <load_address>0x12f54</load_address>
         <run_address>0x12f54</run_address>
         <size>0x8f6</size>
         <input_file_ref idref="fl-3"/>
      </object_component>
      <object_component id="oc-99">
         <name>.debug_info</name>
         <load_address>0x1384a</load_address>
         <run_address>0x1384a</run_address>
         <size>0x384</size>
         <input_file_ref idref="fl-4"/>
      </object_component>
      <object_component id="oc-9e">
         <name>.debug_info</name>
         <load_address>0x13bce</load_address>
         <run_address>0x13bce</run_address>
         <size>0x1374</size>
         <input_file_ref idref="fl-5"/>
      </object_component>
      <object_component id="oc-a5">
         <name>.debug_info</name>
         <load_address>0x14f42</load_address>
         <run_address>0x14f42</run_address>
         <size>0x480</size>
         <input_file_ref idref="fl-6"/>
      </object_component>
      <object_component id="oc-ac">
         <name>.debug_info</name>
         <load_address>0x153c2</load_address>
         <run_address>0x153c2</run_address>
         <size>0xd8a</size>
         <input_file_ref idref="fl-7"/>
      </object_component>
      <object_component id="oc-b1">
         <name>.debug_info</name>
         <load_address>0x1614c</load_address>
         <run_address>0x1614c</run_address>
         <size>0x5210</size>
         <input_file_ref idref="fl-8"/>
      </object_component>
      <object_component id="oc-b6">
         <name>.debug_info</name>
         <load_address>0x1b35c</load_address>
         <run_address>0x1b35c</run_address>
         <size>0x3dc8</size>
         <input_file_ref idref="fl-9"/>
      </object_component>
      <object_component id="oc-bb">
         <name>.debug_info</name>
         <load_address>0x1f124</load_address>
         <run_address>0x1f124</run_address>
         <size>0xbe7</size>
         <input_file_ref idref="fl-a"/>
      </object_component>
      <object_component id="oc-c0">
         <name>.debug_info</name>
         <load_address>0x1fd0b</load_address>
         <run_address>0x1fd0b</run_address>
         <size>0xd36</size>
         <input_file_ref idref="fl-b"/>
      </object_component>
      <object_component id="oc-c5">
         <name>.debug_info</name>
         <load_address>0x20a41</load_address>
         <run_address>0x20a41</run_address>
         <size>0x586d</size>
         <input_file_ref idref="fl-c"/>
      </object_component>
      <object_component id="oc-ca">
         <name>.debug_info</name>
         <load_address>0x262ae</load_address>
         <run_address>0x262ae</run_address>
         <size>0x1113</size>
         <input_file_ref idref="fl-d"/>
      </object_component>
      <object_component id="oc-cf">
         <name>.debug_info</name>
         <load_address>0x273c1</load_address>
         <run_address>0x273c1</run_address>
         <size>0x153f</size>
         <input_file_ref idref="fl-e"/>
      </object_component>
      <object_component id="oc-d4">
         <name>.debug_info</name>
         <load_address>0x28900</load_address>
         <run_address>0x28900</run_address>
         <size>0xcad</size>
         <input_file_ref idref="fl-f"/>
      </object_component>
      <object_component id="oc-d9">
         <name>.debug_info</name>
         <load_address>0x295ad</load_address>
         <run_address>0x295ad</run_address>
         <size>0x48a9</size>
         <input_file_ref idref="fl-10"/>
      </object_component>
      <object_component id="oc-df">
         <name>.debug_info</name>
         <load_address>0x2de56</load_address>
         <run_address>0x2de56</run_address>
         <size>0x139</size>
         <input_file_ref idref="fl-11"/>
      </object_component>
      <object_component id="oc-e3">
         <name>.debug_info</name>
         <load_address>0x2df8f</load_address>
         <run_address>0x2df8f</run_address>
         <size>0x878</size>
         <input_file_ref idref="fl-12"/>
      </object_component>
      <object_component id="oc-ea">
         <name>.debug_info</name>
         <load_address>0x2e807</load_address>
         <run_address>0x2e807</run_address>
         <size>0x132</size>
         <input_file_ref idref="fl-13"/>
      </object_component>
      <object_component id="oc-ee">
         <name>.debug_info</name>
         <load_address>0x2e939</load_address>
         <run_address>0x2e939</run_address>
         <size>0x49b5</size>
         <input_file_ref idref="fl-14"/>
      </object_component>
      <object_component id="oc-f4">
         <name>.debug_info</name>
         <load_address>0x332ee</load_address>
         <run_address>0x332ee</run_address>
         <size>0x475f</size>
         <input_file_ref idref="fl-15"/>
      </object_component>
      <object_component id="oc-f9">
         <name>.debug_info</name>
         <load_address>0x37a4d</load_address>
         <run_address>0x37a4d</run_address>
         <size>0x13e99</size>
         <input_file_ref idref="fl-16"/>
      </object_component>
      <object_component id="oc-fe">
         <name>.debug_info</name>
         <load_address>0x4b8e6</load_address>
         <run_address>0x4b8e6</run_address>
         <size>0xfbdc</size>
         <input_file_ref idref="fl-17"/>
      </object_component>
      <object_component id="oc-103">
         <name>.debug_info</name>
         <load_address>0x5b4c2</load_address>
         <run_address>0x5b4c2</run_address>
         <size>0xf6eb</size>
         <input_file_ref idref="fl-18"/>
      </object_component>
      <object_component id="oc-108">
         <name>.debug_info</name>
         <load_address>0x6abad</load_address>
         <run_address>0x6abad</run_address>
         <size>0x14ab</size>
         <input_file_ref idref="fl-19"/>
      </object_component>
      <object_component id="oc-10d">
         <name>.debug_info</name>
         <load_address>0x6c058</load_address>
         <run_address>0x6c058</run_address>
         <size>0x4d869</size>
         <input_file_ref idref="fl-1a"/>
      </object_component>
      <object_component id="oc-173">
         <name>.debug_info</name>
         <load_address>0xb98c1</load_address>
         <run_address>0xb98c1</run_address>
         <size>0x18b14</size>
         <input_file_ref idref="fl-1b"/>
      </object_component>
      <object_component id="oc-178">
         <name>.debug_info</name>
         <load_address>0xd23d5</load_address>
         <run_address>0xd23d5</run_address>
         <size>0x1b3</size>
         <input_file_ref idref="fl-1c"/>
      </object_component>
      <object_component id="oc-17a">
         <name>.debug_info</name>
         <load_address>0xd2588</load_address>
         <run_address>0xd2588</run_address>
         <size>0x1343</size>
         <input_file_ref idref="fl-1d"/>
      </object_component>
      <object_component id="oc-17f">
         <name>.debug_info</name>
         <load_address>0xd38cb</load_address>
         <run_address>0xd38cb</run_address>
         <size>0x35f2</size>
         <input_file_ref idref="fl-1e"/>
      </object_component>
      <object_component id="oc-184">
         <name>.debug_info</name>
         <load_address>0xd6ebd</load_address>
         <run_address>0xd6ebd</run_address>
         <size>0x6764</size>
         <input_file_ref idref="fl-1f"/>
      </object_component>
      <object_component id="oc-189">
         <name>.debug_info</name>
         <load_address>0xdd621</load_address>
         <run_address>0xdd621</run_address>
         <size>0xf5a3</size>
         <input_file_ref idref="fl-20"/>
      </object_component>
      <object_component id="oc-18e">
         <name>.debug_info</name>
         <load_address>0xecbc4</load_address>
         <run_address>0xecbc4</run_address>
         <size>0xfd0e</size>
         <input_file_ref idref="fl-21"/>
      </object_component>
      <object_component id="oc-193">
         <name>.debug_info</name>
         <load_address>0xfc8d2</load_address>
         <run_address>0xfc8d2</run_address>
         <size>0xb73f</size>
         <input_file_ref idref="fl-22"/>
      </object_component>
      <object_component id="oc-198">
         <name>.debug_info</name>
         <load_address>0x108011</load_address>
         <run_address>0x108011</run_address>
         <size>0x3c2f</size>
         <input_file_ref idref="fl-23"/>
      </object_component>
      <object_component id="oc-19e">
         <name>.debug_info</name>
         <load_address>0x10bc40</load_address>
         <run_address>0x10bc40</run_address>
         <size>0x109c9</size>
         <input_file_ref idref="fl-24"/>
      </object_component>
      <object_component id="oc-1a3">
         <name>.debug_info</name>
         <load_address>0x11c609</load_address>
         <run_address>0x11c609</run_address>
         <size>0x11b95</size>
         <input_file_ref idref="fl-25"/>
      </object_component>
      <object_component id="oc-1a8">
         <name>.debug_info</name>
         <load_address>0x12e19e</load_address>
         <run_address>0x12e19e</run_address>
         <size>0x3449</size>
         <input_file_ref idref="fl-26"/>
      </object_component>
      <object_component id="oc-1af">
         <name>.debug_info</name>
         <load_address>0x1315e7</load_address>
         <run_address>0x1315e7</run_address>
         <size>0x2018</size>
         <input_file_ref idref="fl-27"/>
      </object_component>
      <object_component id="oc-1b4">
         <name>.debug_info</name>
         <load_address>0x1335ff</load_address>
         <run_address>0x1335ff</run_address>
         <size>0xb773</size>
         <input_file_ref idref="fl-28"/>
      </object_component>
      <object_component id="oc-1b9">
         <name>.debug_info</name>
         <load_address>0x13ed72</load_address>
         <run_address>0x13ed72</run_address>
         <size>0x134</size>
         <input_file_ref idref="fl-29"/>
      </object_component>
      <object_component id="oc-1bd">
         <name>.debug_info</name>
         <load_address>0x13eea6</load_address>
         <run_address>0x13eea6</run_address>
         <size>0x3c8</size>
         <input_file_ref idref="fl-30"/>
      </object_component>
      <object_component id="oc-1c5">
         <name>.debug_info</name>
         <load_address>0x13f26e</load_address>
         <run_address>0x13f26e</run_address>
         <size>0x16b</size>
         <input_file_ref idref="fl-31"/>
      </object_component>
      <object_component id="oc-1ca">
         <name>.debug_info</name>
         <load_address>0x13f3d9</load_address>
         <run_address>0x13f3d9</run_address>
         <size>0x10c</size>
         <input_file_ref idref="fl-32"/>
      </object_component>
      <object_component id="oc-1ce">
         <name>.debug_info</name>
         <load_address>0x13f4e5</load_address>
         <run_address>0x13f4e5</run_address>
         <size>0x574</size>
         <input_file_ref idref="fl-33"/>
      </object_component>
      <object_component id="oc-1d3">
         <name>.debug_info</name>
         <load_address>0x13fa59</load_address>
         <run_address>0x13fa59</run_address>
         <size>0x46f</size>
         <input_file_ref idref="fl-34"/>
      </object_component>
      <object_component id="oc-1d8">
         <name>.debug_info</name>
         <load_address>0x13fec8</load_address>
         <run_address>0x13fec8</run_address>
         <size>0x3e2</size>
         <input_file_ref idref="fl-35"/>
      </object_component>
      <object_component id="oc-1dd">
         <name>.debug_info</name>
         <load_address>0x1402aa</load_address>
         <run_address>0x1402aa</run_address>
         <size>0x3df</size>
         <input_file_ref idref="fl-36"/>
      </object_component>
      <object_component id="oc-1e2">
         <name>.debug_info</name>
         <load_address>0x140689</load_address>
         <run_address>0x140689</run_address>
         <size>0x579</size>
         <input_file_ref idref="fl-37"/>
      </object_component>
      <object_component id="oc-1e9">
         <name>.debug_info</name>
         <load_address>0x140c02</load_address>
         <run_address>0x140c02</run_address>
         <size>0x501</size>
         <input_file_ref idref="fl-38"/>
      </object_component>
      <object_component id="oc-1ee">
         <name>.debug_info</name>
         <load_address>0x141103</load_address>
         <run_address>0x141103</run_address>
         <size>0x49c</size>
         <input_file_ref idref="fl-39"/>
      </object_component>
      <object_component id="oc-2a7">
         <name>.debug_info</name>
         <load_address>0x14159f</load_address>
         <run_address>0x14159f</run_address>
         <size>0xc7</size>
      </object_component>
      <object_component id="oc-90">
         <name>.debug_frame</name>
         <load_address>0x0</load_address>
         <run_address>0x0</run_address>
         <size>0x184</size>
         <input_file_ref idref="fl-2"/>
      </object_component>
      <object_component id="oc-95">
         <name>.debug_frame</name>
         <load_address>0x184</load_address>
         <run_address>0x184</run_address>
         <size>0xd8</size>
         <input_file_ref idref="fl-3"/>
      </object_component>
      <object_component id="oc-9a">
         <name>.debug_frame</name>
         <load_address>0x25c</load_address>
         <run_address>0x25c</run_address>
         <size>0x30</size>
         <input_file_ref idref="fl-4"/>
      </object_component>
      <object_component id="oc-a1">
         <name>.debug_frame</name>
         <load_address>0x28c</load_address>
         <run_address>0x28c</run_address>
         <size>0x84</size>
         <input_file_ref idref="fl-5"/>
      </object_component>
      <object_component id="oc-a8">
         <name>.debug_frame</name>
         <load_address>0x310</load_address>
         <run_address>0x310</run_address>
         <size>0x30</size>
         <input_file_ref idref="fl-6"/>
      </object_component>
      <object_component id="oc-ad">
         <name>.debug_frame</name>
         <load_address>0x340</load_address>
         <run_address>0x340</run_address>
         <size>0x30</size>
         <input_file_ref idref="fl-7"/>
      </object_component>
      <object_component id="oc-b2">
         <name>.debug_frame</name>
         <load_address>0x370</load_address>
         <run_address>0x370</run_address>
         <size>0x100</size>
         <input_file_ref idref="fl-8"/>
      </object_component>
      <object_component id="oc-b7">
         <name>.debug_frame</name>
         <load_address>0x470</load_address>
         <run_address>0x470</run_address>
         <size>0x30</size>
         <input_file_ref idref="fl-9"/>
      </object_component>
      <object_component id="oc-bc">
         <name>.debug_frame</name>
         <load_address>0x4a0</load_address>
         <run_address>0x4a0</run_address>
         <size>0x9c</size>
         <input_file_ref idref="fl-a"/>
      </object_component>
      <object_component id="oc-c1">
         <name>.debug_frame</name>
         <load_address>0x53c</load_address>
         <run_address>0x53c</run_address>
         <size>0x30</size>
         <input_file_ref idref="fl-b"/>
      </object_component>
      <object_component id="oc-c6">
         <name>.debug_frame</name>
         <load_address>0x56c</load_address>
         <run_address>0x56c</run_address>
         <size>0xdc</size>
         <input_file_ref idref="fl-c"/>
      </object_component>
      <object_component id="oc-cb">
         <name>.debug_frame</name>
         <load_address>0x648</load_address>
         <run_address>0x648</run_address>
         <size>0x48</size>
         <input_file_ref idref="fl-d"/>
      </object_component>
      <object_component id="oc-d0">
         <name>.debug_frame</name>
         <load_address>0x690</load_address>
         <run_address>0x690</run_address>
         <size>0xcc</size>
         <input_file_ref idref="fl-e"/>
      </object_component>
      <object_component id="oc-d5">
         <name>.debug_frame</name>
         <load_address>0x75c</load_address>
         <run_address>0x75c</run_address>
         <size>0x30</size>
         <input_file_ref idref="fl-f"/>
      </object_component>
      <object_component id="oc-da">
         <name>.debug_frame</name>
         <load_address>0x78c</load_address>
         <run_address>0x78c</run_address>
         <size>0x68</size>
         <input_file_ref idref="fl-10"/>
      </object_component>
      <object_component id="oc-e5">
         <name>.debug_frame</name>
         <load_address>0x7f4</load_address>
         <run_address>0x7f4</run_address>
         <size>0x30</size>
         <input_file_ref idref="fl-12"/>
      </object_component>
      <object_component id="oc-f0">
         <name>.debug_frame</name>
         <load_address>0x824</load_address>
         <run_address>0x824</run_address>
         <size>0x15c4</size>
         <input_file_ref idref="fl-14"/>
      </object_component>
      <object_component id="oc-f5">
         <name>.debug_frame</name>
         <load_address>0x1de8</load_address>
         <run_address>0x1de8</run_address>
         <size>0x30</size>
         <input_file_ref idref="fl-15"/>
      </object_component>
      <object_component id="oc-fa">
         <name>.debug_frame</name>
         <load_address>0x1e18</load_address>
         <run_address>0x1e18</run_address>
         <size>0x30</size>
         <input_file_ref idref="fl-16"/>
      </object_component>
      <object_component id="oc-ff">
         <name>.debug_frame</name>
         <load_address>0x1e48</load_address>
         <run_address>0x1e48</run_address>
         <size>0x168</size>
         <input_file_ref idref="fl-17"/>
      </object_component>
      <object_component id="oc-104">
         <name>.debug_frame</name>
         <load_address>0x1fb0</load_address>
         <run_address>0x1fb0</run_address>
         <size>0xa8</size>
         <input_file_ref idref="fl-18"/>
      </object_component>
      <object_component id="oc-109">
         <name>.debug_frame</name>
         <load_address>0x2058</load_address>
         <run_address>0x2058</run_address>
         <size>0x30</size>
         <input_file_ref idref="fl-19"/>
      </object_component>
      <object_component id="oc-174">
         <name>.debug_frame</name>
         <load_address>0x2088</load_address>
         <run_address>0x2088</run_address>
         <size>0x1b0</size>
         <input_file_ref idref="fl-1b"/>
      </object_component>
      <object_component id="oc-17b">
         <name>.debug_frame</name>
         <load_address>0x2238</load_address>
         <run_address>0x2238</run_address>
         <size>0x30</size>
         <input_file_ref idref="fl-1d"/>
      </object_component>
      <object_component id="oc-180">
         <name>.debug_frame</name>
         <load_address>0x2268</load_address>
         <run_address>0x2268</run_address>
         <size>0x60</size>
         <input_file_ref idref="fl-1e"/>
      </object_component>
      <object_component id="oc-185">
         <name>.debug_frame</name>
         <load_address>0x22c8</load_address>
         <run_address>0x22c8</run_address>
         <size>0x4c</size>
         <input_file_ref idref="fl-1f"/>
      </object_component>
      <object_component id="oc-18a">
         <name>.debug_frame</name>
         <load_address>0x2314</load_address>
         <run_address>0x2314</run_address>
         <size>0x78</size>
         <input_file_ref idref="fl-20"/>
      </object_component>
      <object_component id="oc-18f">
         <name>.debug_frame</name>
         <load_address>0x238c</load_address>
         <run_address>0x238c</run_address>
         <size>0x30</size>
         <input_file_ref idref="fl-21"/>
      </object_component>
      <object_component id="oc-194">
         <name>.debug_frame</name>
         <load_address>0x23bc</load_address>
         <run_address>0x23bc</run_address>
         <size>0x234</size>
         <input_file_ref idref="fl-22"/>
      </object_component>
      <object_component id="oc-19a">
         <name>.debug_frame</name>
         <load_address>0x25f0</load_address>
         <run_address>0x25f0</run_address>
         <size>0x84</size>
         <input_file_ref idref="fl-23"/>
      </object_component>
      <object_component id="oc-19f">
         <name>.debug_frame</name>
         <load_address>0x2674</load_address>
         <run_address>0x2674</run_address>
         <size>0x30</size>
         <input_file_ref idref="fl-24"/>
      </object_component>
      <object_component id="oc-1a4">
         <name>.debug_frame</name>
         <load_address>0x26a4</load_address>
         <run_address>0x26a4</run_address>
         <size>0x30</size>
         <input_file_ref idref="fl-25"/>
      </object_component>
      <object_component id="oc-1ab">
         <name>.debug_frame</name>
         <load_address>0x26d4</load_address>
         <run_address>0x26d4</run_address>
         <size>0x30</size>
         <input_file_ref idref="fl-26"/>
      </object_component>
      <object_component id="oc-1b0">
         <name>.debug_frame</name>
         <load_address>0x2704</load_address>
         <run_address>0x2704</run_address>
         <size>0x30</size>
         <input_file_ref idref="fl-27"/>
      </object_component>
      <object_component id="oc-1bf">
         <name>.debug_frame</name>
         <load_address>0x2734</load_address>
         <run_address>0x2734</run_address>
         <size>0x30</size>
         <input_file_ref idref="fl-30"/>
      </object_component>
      <object_component id="oc-1cf">
         <name>.debug_frame</name>
         <load_address>0x2764</load_address>
         <run_address>0x2764</run_address>
         <size>0x68</size>
         <input_file_ref idref="fl-33"/>
      </object_component>
      <object_component id="oc-1d4">
         <name>.debug_frame</name>
         <load_address>0x27cc</load_address>
         <run_address>0x27cc</run_address>
         <size>0x48</size>
         <input_file_ref idref="fl-34"/>
      </object_component>
      <object_component id="oc-1d9">
         <name>.debug_frame</name>
         <load_address>0x2814</load_address>
         <run_address>0x2814</run_address>
         <size>0x48</size>
         <input_file_ref idref="fl-35"/>
      </object_component>
      <object_component id="oc-1de">
         <name>.debug_frame</name>
         <load_address>0x285c</load_address>
         <run_address>0x285c</run_address>
         <size>0x48</size>
         <input_file_ref idref="fl-36"/>
      </object_component>
      <object_component id="oc-1e5">
         <name>.debug_frame</name>
         <load_address>0x28a4</load_address>
         <run_address>0x28a4</run_address>
         <size>0x68</size>
         <input_file_ref idref="fl-37"/>
      </object_component>
      <object_component id="oc-1ea">
         <name>.debug_frame</name>
         <load_address>0x290c</load_address>
         <run_address>0x290c</run_address>
         <size>0x78</size>
         <input_file_ref idref="fl-38"/>
      </object_component>
      <object_component id="oc-1ef">
         <name>.debug_frame</name>
         <load_address>0x2984</load_address>
         <run_address>0x2984</run_address>
         <size>0x48</size>
         <input_file_ref idref="fl-39"/>
      </object_component>
      <object_component id="oc-91">
         <name>.debug_line</name>
         <load_address>0x0</load_address>
         <run_address>0x0</run_address>
         <size>0x418</size>
         <input_file_ref idref="fl-2"/>
      </object_component>
      <object_component id="oc-96">
         <name>.debug_line</name>
         <load_address>0x418</load_address>
         <run_address>0x418</run_address>
         <size>0x146</size>
         <input_file_ref idref="fl-3"/>
      </object_component>
      <object_component id="oc-9b">
         <name>.debug_line</name>
         <load_address>0x55e</load_address>
         <run_address>0x55e</run_address>
         <size>0x35</size>
         <input_file_ref idref="fl-4"/>
      </object_component>
      <object_component id="oc-a2">
         <name>.debug_line</name>
         <load_address>0x593</load_address>
         <run_address>0x593</run_address>
         <size>0x105</size>
         <input_file_ref idref="fl-5"/>
      </object_component>
      <object_component id="oc-a9">
         <name>.debug_line</name>
         <load_address>0x698</load_address>
         <run_address>0x698</run_address>
         <size>0x7c</size>
         <input_file_ref idref="fl-6"/>
      </object_component>
      <object_component id="oc-ae">
         <name>.debug_line</name>
         <load_address>0x714</load_address>
         <run_address>0x714</run_address>
         <size>0x47</size>
         <input_file_ref idref="fl-7"/>
      </object_component>
      <object_component id="oc-b3">
         <name>.debug_line</name>
         <load_address>0x75b</load_address>
         <run_address>0x75b</run_address>
         <size>0x192</size>
         <input_file_ref idref="fl-8"/>
      </object_component>
      <object_component id="oc-b8">
         <name>.debug_line</name>
         <load_address>0x8ed</load_address>
         <run_address>0x8ed</run_address>
         <size>0x43</size>
         <input_file_ref idref="fl-9"/>
      </object_component>
      <object_component id="oc-bd">
         <name>.debug_line</name>
         <load_address>0x930</load_address>
         <run_address>0x930</run_address>
         <size>0xb1</size>
         <input_file_ref idref="fl-a"/>
      </object_component>
      <object_component id="oc-c2">
         <name>.debug_line</name>
         <load_address>0x9e1</load_address>
         <run_address>0x9e1</run_address>
         <size>0x44</size>
         <input_file_ref idref="fl-b"/>
      </object_component>
      <object_component id="oc-c7">
         <name>.debug_line</name>
         <load_address>0xa25</load_address>
         <run_address>0xa25</run_address>
         <size>0x150</size>
         <input_file_ref idref="fl-c"/>
      </object_component>
      <object_component id="oc-cc">
         <name>.debug_line</name>
         <load_address>0xb75</load_address>
         <run_address>0xb75</run_address>
         <size>0x67</size>
         <input_file_ref idref="fl-d"/>
      </object_component>
      <object_component id="oc-d1">
         <name>.debug_line</name>
         <load_address>0xbdc</load_address>
         <run_address>0xbdc</run_address>
         <size>0x110</size>
         <input_file_ref idref="fl-e"/>
      </object_component>
      <object_component id="oc-d6">
         <name>.debug_line</name>
         <load_address>0xcec</load_address>
         <run_address>0xcec</run_address>
         <size>0x43</size>
         <input_file_ref idref="fl-f"/>
      </object_component>
      <object_component id="oc-db">
         <name>.debug_line</name>
         <load_address>0xd2f</load_address>
         <run_address>0xd2f</run_address>
         <size>0xfc</size>
         <input_file_ref idref="fl-10"/>
      </object_component>
      <object_component id="oc-e0">
         <name>.debug_line</name>
         <load_address>0xe2b</load_address>
         <run_address>0xe2b</run_address>
         <size>0x61</size>
         <input_file_ref idref="fl-11"/>
      </object_component>
      <object_component id="oc-e6">
         <name>.debug_line</name>
         <load_address>0xe8c</load_address>
[...]
         <value>0xc10</value>
         <object_component_ref idref="oc-119"/>
      </symbol>
      <symbol id="sm-567">
         <name>_DmaClaSrcSelRegs</name>
         <value>0x7980</value>
         <object_component_ref idref="oc-12a"/>
      </symbol>
      <symbol id="sm-568">
         <name>_AnalogSubsysRegs</name>
         <value>0x5d180</value>
         <object_component_ref idref="oc-152"/>
      </symbol>
      <symbol id="sm-569">
         <name>_Cmpss3Regs</name>
         <value>0x5cc0</value>
         <object_component_ref idref="oc-13b"/>
      </symbol>
      <symbol id="sm-56a">
         <name>_DaccRegs</name>
         <value>0x5c20</value>
         <object_component_ref idref="oc-117"/>
      </symbol>
      <symbol id="sm-56b">
         <name>_PieCtrlRegs</name>
         <value>0xce0</value>
         <object_component_ref idref="oc-129"/>
      </symbol>
      <symbol id="sm-56c">
         <name>_DevCfgRegs</name>
         <value>0x5d000</value>
         <object_component_ref idref="oc-16b"/>
      </symbol>
      <symbol id="sm-56d">
         <name>_SpibRegs</name>
         <value>0x6110</value>
         <object_component_ref idref="oc-124"/>
      </symbol>
      <symbol id="sm-56e">
         <name>_AdccRegs</name>
         <value>0x7500</value>
         <object_component_ref idref="oc-156"/>
      </symbol>
      <symbol id="sm-56f">
         <name>_ScicRegs</name>
         <value>0x7220</value>
         <object_component_ref idref="oc-122"/>
      </symbol>
      <symbol id="sm-570">
         <name>_ECap1Regs</name>
         <value>0x5000</value>
         <object_component_ref idref="oc-13d"/>
      </symbol>
      <symbol id="sm-571">
         <name>_EmuKey</name>
         <value>0xd00</value>
         <object_component_ref idref="oc-10e"/>
      </symbol>
      <symbol id="sm-572">
         <name>_OutputXbarRegs</name>
         <value>0x7a80</value>
         <object_component_ref idref="oc-151"/>
      </symbol>
      <symbol id="sm-573">
         <name>_MemoryErrorRegs</name>
         <value>0x5f500</value>
         <object_component_ref idref="oc-14e"/>
      </symbol>
      <symbol id="sm-574">
         <name>_Cla1Regs</name>
         <value>0x1400</value>
         <object_component_ref idref="oc-14d"/>
      </symbol>
      <symbol id="sm-575">
         <name>_DcsmZ2Otp</name>
         <value>0x78200</value>
         <object_component_ref idref="oc-13c"/>
      </symbol>
      <symbol id="sm-576">
         <name>_EQep1Regs</name>
         <value>0x5100</value>
         <object_component_ref idref="oc-13f"/>
      </symbol>
      <symbol id="sm-577">
         <name>_DacbRegs</name>
         <value>0x5c10</value>
         <object_component_ref idref="oc-116"/>
      </symbol>
      <symbol id="sm-578">
         <name>_McbspaRegs</name>
         <value>0x6000</value>
         <object_component_ref idref="oc-144"/>
      </symbol>
      <symbol id="sm-579">
         <name>_EPwm1Regs</name>
         <value>0x4000</value>
         <object_component_ref idref="oc-163"/>
      </symbol>
      <symbol id="sm-57a">
         <name>_AdcbRegs</name>
         <value>0x7480</value>
         <object_component_ref idref="oc-158"/>
      </symbol>
      <symbol id="sm-57b">
         <name>_ScibRegs</name>
         <value>0x7210</value>
         <object_component_ref idref="oc-120"/>
      </symbol>
      <symbol id="sm-57c">
         <name>_AdcaResultRegs</name>
         <value>0xb00</value>
         <object_component_ref idref="oc-126"/>
      </symbol>
      <symbol id="sm-57d">
         <name>_ECap2Regs</name>
         <value>0x5020</value>
         <object_component_ref idref="oc-12d"/>
      </symbol>
      <symbol id="sm-57e">
         <name>_EPwm12Regs</name>
         <value>0x4b00</value>
         <object_component_ref idref="oc-167"/>
      </symbol>
      <symbol id="sm-57f">
         <name>_AdcbResultRegs</name>
         <value>0xb20</value>
         <object_component_ref idref="oc-127"/>
      </symbol>
      <symbol id="sm-580">
         <name>_AdccResultRegs</name>
         <value>0xb40</value>
         <object_component_ref idref="oc-125"/>
      </symbol>
      <symbol id="sm-581">
         <name>_Emif1ConfigRegs</name>
         <value>0x5f480</value>
         <object_component_ref idref="oc-12f"/>
      </symbol>
      <symbol id="sm-582">
         <name>_Sdfm2Regs</name>
         <value>0x5e80</value>
         <object_component_ref idref="oc-159"/>
      </symbol>
      <symbol id="sm-583">
         <name>_AdcdResultRegs</name>
         <value>0xb60</value>
         <object_component_ref idref="oc-128"/>
      </symbol>
      <symbol id="sm-584">
         <name>_EQep2Regs</name>
         <value>0x5140</value>
         <object_component_ref idref="oc-140"/>
      </symbol>
      <symbol id="sm-585">
         <name>_Cmpss1Regs</name>
         <value>0x5c80</value>
         <object_component_ref idref="oc-139"/>
      </symbol>
      <symbol id="sm-586">
         <name>_EPwm8Regs</name>
         <value>0x4700</value>
         <object_component_ref idref="oc-16a"/>
      </symbol>
      <symbol id="sm-587">
         <name>_Emif2ConfigRegs</name>
         <value>0x5f4a0</value>
         <object_component_ref idref="oc-130"/>
      </symbol>
      <symbol id="sm-588">
         <name>_DcsmCommonRegs</name>
         <value>0x5f070</value>
         <object_component_ref idref="oc-11a"/>
      </symbol>
      <symbol id="sm-589">
         <name>_EPwm2Regs</name>
         <value>0x4100</value>
         <object_component_ref idref="oc-162"/>
      </symbol>
      <symbol id="sm-58a">
         <name>_ECap3Regs</name>
         <value>0x5040</value>
         <object_component_ref idref="oc-12c"/>
      </symbol>
      <symbol id="sm-58b">
         <name>_Cmpss8Regs</name>
         <value>0x5d60</value>
         <object_component_ref idref="oc-136"/>
      </symbol>
      <symbol id="sm-58c">
         <name>_EQep3Regs</name>
         <value>0x5180</value>
         <object_component_ref idref="oc-141"/>
      </symbol>
      <symbol id="sm-58d">
         <name>_SyncSocRegs</name>
         <value>0x7940</value>
         <object_component_ref idref="oc-114"/>
      </symbol>
      <symbol id="sm-58e">
         <name>_EPwm9Regs</name>
         <value>0x4800</value>
         <object_component_ref idref="oc-168"/>
      </symbol>
      <symbol id="sm-58f">
         <name>_NmiIntruptRegs</name>
         <value>0x7060</value>
         <object_component_ref idref="oc-115"/>
      </symbol>
      <symbol id="sm-590">
         <name>_EPwm3Regs</name>
         <value>0x4200</value>
         <object_component_ref idref="oc-165"/>
      </symbol>
      <symbol id="sm-591">
         <name>_Flash1EccRegs</name>
         <value>0x5ff00</value>
         <object_component_ref idref="oc-148"/>
      </symbol>
      <symbol id="sm-592">
         <name>_I2caRegs</name>
         <value>0x7300</value>
         <object_component_ref idref="oc-142"/>
      </symbol>
      <symbol id="sm-5b4">
         <name>_GPIO_SetupLock</name>
         <value>0x837a5</value>
         <object_component_ref idref="oc-1fd"/>
      </symbol>
      <symbol id="sm-5b5">
         <name>_GPIO_SetupXINT4Gpio</name>
         <value>0x837ec</value>
         <object_component_ref idref="oc-1fd"/>
      </symbol>
      <symbol id="sm-5b6">
         <name>_InitGpio</name>
         <value>0x83645</value>
         <object_component_ref idref="oc-1fd"/>
      </symbol>
      <symbol id="sm-5b7">
         <name>_GPIO_SetupXINT5Gpio</name>
         <value>0x837f6</value>
         <object_component_ref idref="oc-1fd"/>
      </symbol>
      <symbol id="sm-5b8">
         <name>_GPIO_EnableUnbondedIOPullupsFor176Pin</name>
         <value>0x83800</value>
         <object_component_ref idref="oc-1fd"/>
      </symbol>
      <symbol id="sm-5b9">
         <name>_GPIO_SetupXINT2Gpio</name>
         <value>0x837d8</value>
         <object_component_ref idref="oc-1fd"/>
      </symbol>
      <symbol id="sm-5ba">
         <name>_GPIO_SetupXINT3Gpio</name>
         <value>0x837e2</value>
         <object_component_ref idref="oc-1fd"/>
      </symbol>
      <symbol id="sm-5bb">
         <name>_GPIO_WritePin</name>
         <value>0x8386b</value>
         <object_component_ref idref="oc-1fd"/>
      </symbol>
      <symbol id="sm-5bc">
         <name>_GPIO_SetupPinOptions</name>
         <value>0x83711</value>
         <object_component_ref idref="oc-1fd"/>
      </symbol>
      <symbol id="sm-5bd">
         <name>_GPIO_EnableUnbondedIOPullups</name>
         <value>0x8383e</value>
         <object_component_ref idref="oc-1fd"/>
      </symbol>
      <symbol id="sm-5be">
         <name>_GPIO_SetupXINT1Gpio</name>
         <value>0x837ce</value>
         <object_component_ref idref="oc-1fd"/>
      </symbol>
      <symbol id="sm-5bf">
         <name>_GPIO_SetupPinMux</name>
         <value>0x83685</value>
         <object_component_ref idref="oc-1fd"/>
      </symbol>
      <symbol id="sm-5c0">
         <name>_GPIO_EnableUnbondedIOPullupsFor100Pin</name>
         <value>0x83819</value>
         <object_component_ref idref="oc-1fd"/>
      </symbol>
      <symbol id="sm-5c1">
         <name>_GPIO_ReadPin</name>
         <value>0x83854</value>
         <object_component_ref idref="oc-1fd"/>
      </symbol>
      <symbol id="sm-5d9">
         <name>_InitPieCtrl</name>
         <value>0x8435a</value>
         <object_component_ref idref="oc-208"/>
      </symbol>
      <symbol id="sm-5da">
         <name>_EnableInterrupts</name>
         <value>0x84379</value>
         <object_component_ref idref="oc-208"/>
      </symbol>
      <symbol id="sm-5ea">
         <name>_PieVectTableInit</name>
         <value>0x90000</value>
         <object_component_ref idref="oc-20d"/>
      </symbol>
      <symbol id="sm-5eb">
         <name>_InitPieVectTable</name>
         <value>0x84382</value>
         <object_component_ref idref="oc-209"/>
      </symbol>
      <symbol id="sm-5f7">
         <name>_InitScicGpio</name>
         <value>0x83fce</value>
         <object_component_ref idref="oc-206"/>
      </symbol>
      <symbol id="sm-5f8">
         <name>_InitScibGpio</name>
         <value>0x83fac</value>
         <object_component_ref idref="oc-206"/>
      </symbol>
      <symbol id="sm-5f9">
         <name>_InitSciaGpio</name>
         <value>0x83f96</value>
         <object_component_ref idref="oc-206"/>
      </symbol>
      <symbol id="sm-631">
         <name>_InitSysPll</name>
         <value>0x831ab</value>
         <object_component_ref idref="oc-207"/>
      </symbol>
      <symbol id="sm-632">
         <name>_DisablePeripheralClocks</name>
         <value>0x8314f</value>
         <object_component_ref idref="oc-207"/>
      </symbol>
      <symbol id="sm-633">
         <name>_DisableDog</name>
         <value>0x8319d</value>
         <object_component_ref idref="oc-207"/>
      </symbol>
      <symbol id="sm-634">
         <name>_SysIntOsc2Sel</name>
         <value>0x83364</value>
         <object_component_ref idref="oc-207"/>
      </symbol>
      <symbol id="sm-635">
         <name>_ReleaseFlashPump</name>
         <value>0x83185</value>
         <object_component_ref idref="oc-207"/>
      </symbol>
      <symbol id="sm-636">
         <name>_HALT</name>
         <value>0x833ae</value>
         <object_component_ref idref="oc-207"/>
      </symbol>
      <symbol id="sm-637">
         <name>_IDLE</name>
         <value>0x8339a</value>
         <object_component_ref idref="oc-207"/>
      </symbol>
      <symbol id="sm-638">
         <name>_InitPeripheralClocks</name>
         <value>0x830cb</value>
         <object_component_ref idref="oc-207"/>
      </symbol>
      <symbol id="sm-639">
         <name>_SysXtalOscSel</name>
         <value>0x8336e</value>
         <object_component_ref idref="oc-207"/>
      </symbol>
      <symbol id="sm-63a">
         <name>_CsmUnlock</name>
         <value>0x83339</value>
         <object_component_ref idref="oc-207"/>
      </symbol>
      <symbol id="sm-63b">
         <name>_SysIntOsc1Sel</name>
         <value>0x8335a</value>
         <object_component_ref idref="oc-207"/>
      </symbol>
      <symbol id="sm-63c">
         <name>_ServiceDog</name>
         <value>0x8318f</value>
         <object_component_ref idref="oc-207"/>
      </symbol>
      <symbol id="sm-63d">
         <name>_HIB</name>
         <value>0x833bf</value>
         <object_component_ref idref="oc-207"/>
      </symbol>
      <symbol id="sm-63e">
         <name>_AuxAuxClkSel</name>
         <value>0x83390</value>
         <object_component_ref idref="oc-207"/>
      </symbol>
      <symbol id="sm-63f">
         <name>_AuxIntOsc2Sel</name>
         <value>0x8337a</value>
         <object_component_ref idref="oc-207"/>
      </symbol>
      <symbol id="sm-640">
         <name>_InitAuxPll</name>
         <value>0x83271</value>
         <object_component_ref idref="oc-207"/>
      </symbol>
      <symbol id="sm-641">
         <name>_InitSysCtrl</name>
         <value>0x8309a</value>
         <object_component_ref idref="oc-207"/>
      </symbol>
      <symbol id="sm-642">
         <name>_SeizeFlashPump_Bank1</name>
         <value>0x83176</value>
         <object_component_ref idref="oc-207"/>
      </symbol>
      <symbol id="sm-643">
         <name>_SeizeFlashPump_Bank0</name>
         <value>0x83167</value>
         <object_component_ref idref="oc-207"/>
      </symbol>
      <symbol id="sm-644">
         <name>_STANDBY</name>
         <value>0x833a3</value>
         <object_component_ref idref="oc-207"/>
      </symbol>
      <symbol id="sm-645">
         <name>_AuxXtalOscSel</name>
         <value>0x83384</value>
         <object_component_ref idref="oc-207"/>
      </symbol>
      <symbol id="sm-655">
         <name>_tempSensor_tempSlope</name>
         <value>0xab5c</value>
         <object_component_ref idref="oc-199"/>
      </symbol>
      <symbol id="sm-656">
         <name>_tempSensor_tempOffset</name>
         <value>0xab58</value>
         <object_component_ref idref="oc-199"/>
      </symbol>
      <symbol id="sm-657">
         <name>_tempSensor_scaleFactor</name>
         <value>0xab5a</value>
         <object_component_ref idref="oc-199"/>
      </symbol>
      <symbol id="sm-658">
         <name>_InitTempSensor</name>
         <value>0x84000</value>
         <object_component_ref idref="oc-204"/>
      </symbol>
      <symbol id="sm-659">
         <name>_GetTemperatureK</name>
         <value>0x8408e</value>
         <object_component_ref idref="oc-204"/>
      </symbol>
      <symbol id="sm-65a">
         <name>_GetTemperatureC</name>
         <value>0x8404d</value>
         <object_component_ref idref="oc-204"/>
      </symbol>
      <symbol id="sm-67a">
         <name>_deviceOpen</name>
         <value>0xab3f</value>
         <object_component_ref idref="oc-1aa"/>
      </symbol>
      <symbol id="sm-695">
         <name>_I2C</name>
         <value>0xaac4</value>
         <object_component_ref idref="oc-1b6"/>
      </symbol>
      <symbol id="sm-696">
         <name>_EPWM</name>
         <value>0xab00</value>
         <object_component_ref idref="oc-1b6"/>
      </symbol>
      <symbol id="sm-697">
         <name>_MCBSP</name>
         <value>0xaac0</value>
         <object_component_ref idref="oc-1b6"/>
      </symbol>
      <symbol id="sm-698">
         <name>_ECAP</name>
         <value>0xaae2</value>
         <object_component_ref idref="oc-1b6"/>
      </symbol>
      <symbol id="sm-699">
         <name>_SPI</name>
         <value>0xaada</value>
         <object_component_ref idref="oc-1b6"/>
      </symbol>
      <symbol id="sm-69a">
         <name>_EQEP</name>
         <value>0xaad2</value>
         <object_component_ref idref="oc-1b6"/>
      </symbol>
      <symbol id="sm-69b">
         <name>_SDFM</name>
         <value>0xaacc</value>
         <object_component_ref idref="oc-1b6"/>
      </symbol>
      <symbol id="sm-69c">
         <name>_SCI</name>
         <value>0xaac8</value>
         <object_component_ref idref="oc-1b6"/>
      </symbol>
      <symbol id="sm-6a8">
         <name>_F28x_usDelay</name>
         <value>0x8000</value>
         <object_component_ref idref="oc-1b8"/>
      </symbol>
      <symbol id="sm-6cf">
         <name>_c_int00</name>
         <value>0x84268</value>
         <object_component_ref idref="oc-8b"/>
      </symbol>
      <symbol id="sm-6d0">
         <name>__stack</name>
         <value>0x400</value>
         <object_component_ref idref="oc-1c3"/>
      </symbol>
      <symbol id="sm-6e1">
         <name>FS$$DIV</name>
         <value>0x84164</value>
         <object_component_ref idref="oc-1c9"/>
      </symbol>
      <symbol id="sm-6f0">
         <name>_copy_in</name>
         <value>0x843a8</value>
         <object_component_ref idref="oc-1f4"/>
      </symbol>
      <symbol id="sm-701">
         <name>_memcpy</name>
         <value>0x843cc</value>
         <object_component_ref idref="oc-1ff"/>
      </symbol>
      <symbol id="sm-70d">
         <name>__system_pre_init</name>
         <value>0x83ff8</value>
         <object_component_ref idref="oc-1f3"/>
      </symbol>
      <symbol id="sm-71a">
         <name>__system_post_cinit</name>
         <value>0x83ffa</value>
         <object_component_ref idref="oc-1f5"/>
      </symbol>
      <symbol id="sm-72e">
         <name>C$$EXIT</name>
         <value>0x84331</value>
         <object_component_ref idref="oc-1f7"/>
      </symbol>
      <symbol id="sm-72f">
         <name>_exit</name>
         <value>0x84333</value>
         <object_component_ref idref="oc-1f7"/>
      </symbol>
      <symbol id="sm-730">
         <name>___TI_cleanup_ptr</name>
         <value>0xab60</value>
         <object_component_ref idref="oc-1e4"/>
      </symbol>
      <symbol id="sm-731">
         <name>___TI_enable_exit_profile_output</name>
         <value>0xab5e</value>
         <object_component_ref idref="oc-1e4"/>
      </symbol>
      <symbol id="sm-732">
         <name>_abort</name>
         <value>0x84331</value>
         <object_component_ref idref="oc-1f7"/>
      </symbol>
      <symbol id="sm-733">
         <name>___TI_dtors_ptr</name>
         <value>0xab62</value>
         <object_component_ref idref="oc-1e4"/>
      </symbol>
      <symbol id="sm-747">
         <name>__unlock</name>
         <value>0xaabe</value>
         <object_component_ref idref="oc-20f"/>
      </symbol>
      <symbol id="sm-748">
         <name>__lock</name>
         <value>0xaabc</value>
         <object_component_ref idref="oc-201"/>
      </symbol>
      <symbol id="sm-749">
         <name>__register_lock</name>
         <value>0x83ff0</value>
         <object_component_ref idref="oc-20b"/>
      </symbol>
      <symbol id="sm-74a">
         <name>__nop</name>
         <value>0x83ff4</value>
         <object_component_ref idref="oc-20b"/>
      </symbol>
      <symbol id="sm-74b">
         <name>__register_unlock</name>
         <value>0x83fec</value>
         <object_component_ref idref="oc-20b"/>
      </symbol>
      <symbol id="sm-75a">
         <name>__args_main</name>
         <value>0x843ea</value>
         <object_component_ref idref="oc-1f6"/>
      </symbol>
   </symbol_table>
   <title>Link errors: red sections failed placement</title>
</link_info>
