******************************************************************************
             TMS320C2000 Linker PC v6.4.10                     
******************************************************************************
>> Linked Fri Nov 11 17:49:29 2016

OUTPUT FILE NAME:   <13kW_normal_cpu02.out>
ENTRY POINT SYMBOL: "_c_int00"  address: 00083099


MEMORY CONFIGURATION

         name            origin    length      used     unused   attr    fill
----------------------  --------  ---------  --------  --------  ----  --------
PAGE 0:
  RAMM0                 00000080   00000380  00000000  00000380  RWIX
  RAMLS0                00008000   00000800  0000004c  000007b4  RWIX
  RAMLS1                00008800   00000800  00000000  00000800  RWIX
  RAMLS2                00009000   00000800  00000000  00000800  RWIX
  RAMLS3                00009800   00000800  00000000  00000800  RWIX
  RAMLS4                0000a000   00000800  00000000  00000800  RWIX
  RAMD0                 0000b000   00000800  00000000  00000800  RWIX
  RAMGS14               0001a000   00001000  00000000  00001000  RWIX
  RAMGS15               0001b000   00001000  00000000  00001000  RWIX
  BEGIN                 00080000   00000002  00000002  00000000  RWIX
  FLASHA                00080002   00001ffe  00000000  00001ffe  RWIX
  FLASHB                00082000   00002000  000014f0  00000b10  RWIX
  FLASHC                00084000   00002000  00000000  00002000  RWIX
  FLASHD                00086000   00002000  0000004c  00001fb4  RWIX
  FLASHE                00088000   00008000  00000000  00008000  RWIX
  FLASHF                00090000   00008000  00000000  00008000  RWIX
  FLASHG                00098000   00008000  00000000  00008000  RWIX
  FLASHH                000a0000   00008000  00000000  00008000  RWIX
  FLASHI                000a8000   00008000  00000000  00008000  RWIX
  FLASHJ                000b0000   00008000  00000000  00008000  RWIX
  FLASHK                000b8000   00002000  00000000  00002000  RWIX
  FLASHL                000ba000   00002000  00000000  00002000  RWIX
  FLASHM                000bc000   00002000  00000000  00002000  RWIX
  FLASHN                000be000   00002000  00000000  00002000  RWIX
  RESET                 003fffc0   00000002  00000000  00000002  RWIX

PAGE 1:
  BOOT_RSVD             00000002   0000007e  00000000  0000007e  RWIX
  RAMM1                 00000400   00000400  00000400  00000000  RWIX
  ADCA_RESULT           00000b00   00000020  00000018  00000008  RWIX
  ADCB_RESULT           00000b20   00000020  00000018  00000008  RWIX
  ADCC_RESULT           00000b40   00000020  00000018  00000008  RWIX
  ADCD_RESULT           00000b60   00000020  00000018  00000008  RWIX
  CPU_TIMER0            00000c00   00000008  00000008  00000000  RWIX
  CPU_TIMER1            00000c08   00000008  00000008  00000000  RWIX
  CPU_TIMER2            00000c10   00000008  00000008  00000000  RWIX
  PIE_CTRL              00000ce0   00000020  0000001a  00000006  RWIX
  PIE_VECT              00000d00   00000200  000001c0  00000040  RWIX
  DMA                   00001000   00000200  000000e0  00000120  RWIX
  CLA1                  00001400   00000040  0000003e  00000002  RWIX
  EPWM1                 00004000   00000100  00000100  00000000  RWIX
  EPWM2                 00004100   00000100  00000100  00000000  RWIX
  EPWM3                 00004200   00000100  00000100  00000000  RWIX
  EPWM4                 00004300   00000100  00000100  00000000  RWIX
  EPWM5                 00004400   00000100  00000100  00000000  RWIX
  EPWM6                 00004500   00000100  00000100  00000000  RWIX
  EPWM7                 00004600   00000100  00000100  00000000  RWIX
  EPWM8                 00004700   00000100  00000100  00000000  RWIX
  EPWM9                 00004800   00000100  00000100  00000000  RWIX
  EPWM10                00004900   00000100  00000100  00000000  RWIX
  EPWM11                00004a00   00000100  00000100  00000000  RWIX
  EPWM12                00004b00   00000100  00000100  00000000  RWIX
  ECAP1                 00005000   00000020  00000020  00000000  RWIX
  ECAP2                 00005020   00000020  00000020  00000000  RWIX
  ECAP3                 00005040   00000020  00000020  00000000  RWIX
  ECAP4                 00005060   00000020  00000020  00000000  RWIX
  ECAP5                 00005080   00000020  00000020  00000000  RWIX
  ECAP6                 000050a0   00000020  00000020  00000000  RWIX
  EQEP1                 00005100   00000040  00000022  0000001e  RWIX
  EQEP2                 00005140   00000040  00000022  0000001e  RWIX
  EQEP3                 00005180   00000040  00000022  0000001e  RWIX
  DACA                  00005c00   00000010  00000008  00000008  RWIX
  DACB                  00005c10   00000010  00000008  00000008  RWIX
  DACC                  00005c20   00000010  00000008  00000008  RWIX
  CMPSS1                00005c80   00000020  00000020  00000000  RWIX
  CMPSS2                00005ca0   00000020  00000020  00000000  RWIX
  CMPSS3                00005cc0   00000020  00000020  00000000  RWIX
  CMPSS4                00005ce0   00000020  00000020  00000000  RWIX
  CMPSS5                00005d00   00000020  00000020  00000000  RWIX
  CMPSS6                00005d20   00000020  00000020  00000000  RWIX
  CMPSS7                00005d40   00000020  00000020  00000000  RWIX
  CMPSS8                00005d60   00000020  00000020  00000000  RWIX
  SDFM1                 00005e00   00000080  00000080  00000000  RWIX
  SDFM2                 00005e80   00000080  00000080  00000000  RWIX
  MCBSPA                00006000   00000040  00000024  0000001c  RWIX
  MCBSPB                00006040   00000040  00000024  0000001c  RWIX
  SPIA                  00006100   00000010  00000010  00000000  RWIX
  SPIB                  00006110   00000010  00000010  00000000  RWIX
  SPIC                  00006120   00000010  00000010  00000000  RWIX
  SPID                  00006130   00000010  00000000  00000010  RWIX
  WD                    00007000   00000040  0000002b  00000015  RWIX
  NMIINTRUPT            00007060   00000010  00000007  00000009  RWIX
  XINT                  00007070   00000010  0000000b  00000005  RWIX
  SCIA                  00007200   00000010  00000010  00000000  RWIX
  SCIB                  00007210   00000010  00000010  00000000  RWIX
  SCIC                  00007220   00000010  00000010  00000000  RWIX
  SCID                  00007230   00000010  00000010  00000000  RWIX
  I2CA                  00007300   00000040  00000022  0000001e  RWIX
  I2CB                  00007340   00000040  00000022  0000001e  RWIX
  ADCA                  00007400   00000080  00000080  00000000  RWIX
  ADCB                  00007480   00000080  00000080  00000000  RWIX
  ADCC                  00007500   00000080  00000080  00000000  RWIX
  ADCD                  00007580   00000080  00000080  00000000  RWIX
  DMACLASRCSEL          00007980   00000040  0000001a  00000026  RWIX
  GPIOCTRL              00007c00   00000180  00000000  00000180  RWIX
  GPIODAT               00007f00   00000030  00000030  00000000  RWIX
  RAMLS5                0000a800   00000800  0000027a  00000586  RWIX
  RAMD1                 0000b800   00000800  00000000  00000800  RWIX
  RAMGS0                0000c000   00001000  00000000  00001000  RWIX
  RAMGS1                0000d000   00001000  00000000  00001000  RWIX
  CPU2TOCPU1RAM         0003f800   00000400  00000088  00000378  RWIX
  CPU1TOCPU2RAM         0003fc00   00000400  00000000  00000400  RWIX
  EMIF1                 00047000   00000800  00000070  00000790  RWIX
  EMIF2                 00047800   00000800  00000070  00000790  RWIX
  IPC                   00050000   00000024  00000024  00000000  RWIX
  FLASHPUMPSEMAPHORE    00050024   00000002  00000002  00000000  RWIX
  CLK_CFG               0005d200   00000100  00000032  000000ce  RWIX
  CPU_SYS               0005d300   00000100  00000082  0000007e  RWIX
  DCSM_Z1               0005f000   00000030  00000024  0000000c  RWIX
  DCSM_Z2               0005f040   00000030  00000024  0000000c  RWIX
  DCSM_COMMON           0005f070   00000010  00000008  00000008  RWIX
  MEMCFG                0005f400   00000080  00000080  00000000  RWIX
  EMIF1CONFIG           0005f480   00000020  00000020  00000000  RWIX
  ACCESSPROTECTION      0005f4c0   00000040  00000040  00000000  RWIX
  MEMORYERROR           0005f500   00000040  00000040  00000000  RWIX
  FLASH0_CTRL           0005f800   00000300  00000182  0000017e  RWIX
  FLASH0_ECC            0005fb00   00000040  00000028  00000018  RWIX
  DCSM_Z1_OTP           00078000   00000020  00000020  00000000  RWIX
  DCSM_Z2_OTP           00078200   00000020  00000020  00000000  RWIX


SECTION ALLOCATION MAP

 output                                  attributes/
section   page    origin      length       input sections
--------  ----  ----------  ----------   ----------------
codestart 
*          0    00080000    00000002     
                  00080000    00000002     F2837xD_CodeStartBranch.obj (codestart)

.text      0    00082000    0000119d     
                  00082000    000005eb     F2837xD_DefaultISR.obj (.text:retain)
                  000825eb    000003d8     F2837xD_Sci.obj (.text)
                  000829c3    000002bc     F2837xD_Ipc_Driver.obj (.text)
                  00082c7f    00000221     F2837xD_SysCtrl.obj (.text)
                  00082ea0    00000127     main2.obj (.text)
                  00082fc7    00000074     main2.obj (.text:retain)
                  0008303b    0000005e     F2837xD_CpuTimers.obj (.text)
                  00083099    00000046     rts2800_fpu32.lib : boot.obj (.text)
                  000830df    00000037     F2837xD_PieCtrl.obj (.text)
                  00083116    0000001e     rts2800_fpu32.lib : memcpy.obj (.text)
                  00083134    00000019                       : args_main.obj (.text)
                  0008314d    00000019                       : exit.obj (.text)
                  00083166    00000018                       : ll_aox.obj (.text)
                  0008317e    00000011     F2837xD_PieVect.obj (.text)
                  0008318f    00000008     F2837xD_CodeStartBranch.obj (.text)
                  00083197    00000005     F2837xD_Ipc_Driver_Util.obj (.text)
                  0008319c    00000001     rts2800_fpu32.lib : _lock.obj (.text)

.econst    0    000831a0    000001c6     
                  000831a0    000001c0     F2837xD_PieVect.obj (.econst)
                  00083360    00000006     main2.obj (.econst)

.cinit     0    00083368    0000018d     
                  00083368    000000f9     main2.obj (.cinit)
                  00083461    0000007e     <whole-program> (.cinit)
                  000834df    0000000a     rts2800_fpu32.lib : exit.obj (.cinit)
                  000834e9    00000005     <whole-program> (.cinit:__lock)
                  000834ee    00000005     <whole-program> (.cinit:__unlock)
                  000834f3    00000002     --HOLE-- [fill = 0]

.pinit     0    00082000    00000000     UNINITIALIZED

ramfuncs   0    00086000    0000004c     RUN ADDR = 00008000
                  00086000    00000048     F2837xD_SysCtrl.obj (ramfuncs)
                  00086048    00000004     F2837xD_usDelay.obj (ramfuncs)

.stack     1    00000400    00000400     UNINITIALIZED
                  00000400    00000400     --HOLE--

.ebss      1    0000a800    0000027a     UNINITIALIZED
                  0000a800    00000180     main2.obj (.ebss)
                  0000a980    00000080     F2837xD_Sci.obj (.ebss)
                  0000aa00    0000005a     F2837xD_struct.obj (.ebss)
                  0000aa5a    00000018     F2837xD_CpuTimers.obj (.ebss)
                  0000aa72    00000004     rts2800_fpu32.lib : exit.obj (.ebss)
                  0000aa76    00000002                       : _lock.obj (.ebss:__lock)
                  0000aa78    00000002                       : _lock.obj (.ebss:__unlock)

.reset     0    003fffc0    00000002     DSECT
                  003fffc0    00000002     rts2800_fpu32.lib : boot.obj (.reset)

AdcaResultFile 
*          1    00000b00    00000018     UNINITIALIZED
                  00000b00    00000018     F2837xD_GlobalVariableDefs.obj (AdcaResultFile)

AdcbResultFile 
*          1    00000b20    00000018     UNINITIALIZED
                  00000b20    00000018     F2837xD_GlobalVariableDefs.obj (AdcbResultFile)

AdccResultFile 
*          1    00000b40    00000018     UNINITIALIZED
                  00000b40    00000018     F2837xD_GlobalVariableDefs.obj (AdccResultFile)

AdcdResultFile 
*          1    00000b60    00000018     UNINITIALIZED
                  00000b60    00000018     F2837xD_GlobalVariableDefs.obj (AdcdResultFile)

CpuTimer0RegsFile 
*          1    00000c00    00000008     UNINITIALIZED
                  00000c00    00000008     F2837xD_GlobalVariableDefs.obj (CpuTimer0RegsFile)

CpuTimer1RegsFile 
*          1    00000c08    00000008     UNINITIALIZED
                  00000c08    00000008     F2837xD_GlobalVariableDefs.obj (CpuTimer1RegsFile)

CpuTimer2RegsFile 
*          1    00000c10    00000008     UNINITIALIZED
                  00000c10    00000008     F2837xD_GlobalVariableDefs.obj (CpuTimer2RegsFile)

PieCtrlRegsFile 
*          1    00000ce0    0000001a     UNINITIALIZED
                  00000ce0    0000001a     F2837xD_GlobalVariableDefs.obj (PieCtrlRegsFile)

PieVectTableFile 
*          1    00000d00    000001c0     UNINITIALIZED
                  00000d00    000001c0     F2837xD_GlobalVariableDefs.obj (PieVectTableFile)

EmuKeyVar 
*          1    00000d00    00000001     UNINITIALIZED
                  00000d00    00000001     F2837xD_GlobalVariableDefs.obj (EmuKeyVar)

EmuBModeVar 
*          1    00000d01    00000001     UNINITIALIZED
                  00000d01    00000001     F2837xD_GlobalVariableDefs.obj (EmuBModeVar)

FlashCallbackVar 
*          1    00000d02    00000000     UNINITIALIZED

FlashScalingVar 
*          1    00000d02    00000000     UNINITIALIZED

DmaRegsFile 
*          1    00001000    000000e0     UNINITIALIZED
                  00001000    000000e0     F2837xD_GlobalVariableDefs.obj (DmaRegsFile)

Cla1RegsFile 
*          1    00001400    0000003e     UNINITIALIZED
                  00001400    0000003e     F2837xD_GlobalVariableDefs.obj (Cla1RegsFile)

EPwm1RegsFile 
*          1    00004000    00000100     UNINITIALIZED
                  00004000    00000100     F2837xD_GlobalVariableDefs.obj (EPwm1RegsFile)

EPwm2RegsFile 
*          1    00004100    00000100     UNINITIALIZED
                  00004100    00000100     F2837xD_GlobalVariableDefs.obj (EPwm2RegsFile)

EPwm3RegsFile 
*          1    00004200    00000100     UNINITIALIZED
                  00004200    00000100     F2837xD_GlobalVariableDefs.obj (EPwm3RegsFile)

EPwm4RegsFile 
*          1    00004300    00000100     UNINITIALIZED
                  00004300    00000100     F2837xD_GlobalVariableDefs.obj (EPwm4RegsFile)

EPwm5RegsFile 
*          1    00004400    00000100     UNINITIALIZED
                  00004400    00000100     F2837xD_GlobalVariableDefs.obj (EPwm5RegsFile)

EPwm6RegsFile 
*          1    00004500    00000100     UNINITIALIZED
                  00004500    00000100     F2837xD_GlobalVariableDefs.obj (EPwm6RegsFile)

EPwm7RegsFile 
*          1    00004600    00000100     UNINITIALIZED
                  00004600    00000100     F2837xD_GlobalVariableDefs.obj (EPwm7RegsFile)

EPwm8RegsFile 
*          1    00004700    00000100     UNINITIALIZED
                  00004700    00000100     F2837xD_GlobalVariableDefs.obj (EPwm8RegsFile)

EPwm9RegsFile 
*          1    00004800    00000100     UNINITIALIZED
                  00004800    00000100     F2837xD_GlobalVariableDefs.obj (EPwm9RegsFile)

EPwm10RegsFile 
*          1    00004900    00000100     UNINITIALIZED
                  00004900    00000100     F2837xD_GlobalVariableDefs.obj (EPwm10RegsFile)

EPwm11RegsFile 
*          1    00004a00    00000100     UNINITIALIZED
                  00004a00    00000100     F2837xD_GlobalVariableDefs.obj (EPwm11RegsFile)

EPwm12RegsFile 
*          1    00004b00    00000100     UNINITIALIZED
                  00004b00    00000100     F2837xD_GlobalVariableDefs.obj (EPwm12RegsFile)

ECap1RegsFile 
*          1    00005000    00000020     UNINITIALIZED
                  00005000    00000020     F2837xD_GlobalVariableDefs.obj (ECap1RegsFile)

ECap2RegsFile 
*          1    00005020    00000020     UNINITIALIZED
                  00005020    00000020     F2837xD_GlobalVariableDefs.obj (ECap2RegsFile)

ECap3RegsFile 
*          1    00005040    00000020     UNINITIALIZED
                  00005040    00000020     F2837xD_GlobalVariableDefs.obj (ECap3RegsFile)

ECap4RegsFile 
*          1    00005060    00000020     UNINITIALIZED
                  00005060    00000020     F2837xD_GlobalVariableDefs.obj (ECap4RegsFile)

ECap5RegsFile 
*          1    00005080    00000020     UNINITIALIZED
                  00005080    00000020     F2837xD_GlobalVariableDefs.obj (ECap5RegsFile)

ECap6RegsFile 
*          1    000050a0    00000020     UNINITIALIZED
                  000050a0    00000020     F2837xD_GlobalVariableDefs.obj (ECap6RegsFile)

EQep1RegsFile 
*          1    00005100    00000022     UNINITIALIZED
                  00005100    00000022     F2837xD_GlobalVariableDefs.obj (EQep1RegsFile)

EQep2RegsFile 
*          1    00005140    00000022     UNINITIALIZED
                  00005140    00000022     F2837xD_GlobalVariableDefs.obj (EQep2RegsFile)

EQep3RegsFile 
*          1    00005180    00000022     UNINITIALIZED
                  00005180    00000022     F2837xD_GlobalVariableDefs.obj (EQep3RegsFile)

DacaRegsFile 
*          1    00005c00    00000008     UNINITIALIZED
                  00005c00    00000008     F2837xD_GlobalVariableDefs.obj (DacaRegsFile)

DacbRegsFile 
*          1    00005c10    00000008     UNINITIALIZED
                  00005c10    00000008     F2837xD_GlobalVariableDefs.obj (DacbRegsFile)

DaccRegsFile 
*          1    00005c20    00000008     UNINITIALIZED
                  00005c20    00000008     F2837xD_GlobalVariableDefs.obj (DaccRegsFile)

Cmpss1RegsFile 
*          1    00005c80    00000020     UNINITIALIZED
                  00005c80    00000020     F2837xD_GlobalVariableDefs.obj (Cmpss1RegsFile)

Cmpss2RegsFile 
*          1    00005ca0    00000020     UNINITIALIZED
                  00005ca0    00000020     F2837xD_GlobalVariableDefs.obj (Cmpss2RegsFile)

Cmpss3RegsFile 
*          1    00005cc0    00000020     UNINITIALIZED
                  00005cc0    00000020     F2837xD_GlobalVariableDefs.obj (Cmpss3RegsFile)

Cmpss4RegsFile 
*          1    00005ce0    00000020     UNINITIALIZED
                  00005ce0    00000020     F2837xD_GlobalVariableDefs.obj (Cmpss4RegsFile)

Cmpss5RegsFile 
*          1    00005d00    00000020     UNINITIALIZED
                  00005d00    00000020     F2837xD_GlobalVariableDefs.obj (Cmpss5RegsFile)

Cmpss6RegsFile 
*          1    00005d20    00000020     UNINITIALIZED
                  00005d20    00000020     F2837xD_GlobalVariableDefs.obj (Cmpss6RegsFile)

Cmpss7RegsFile 
*          1    00005d40    00000020     UNINITIALIZED
                  00005d40    00000020     F2837xD_GlobalVariableDefs.obj (Cmpss7RegsFile)

Cmpss8RegsFile 
*          1    00005d60    00000020     UNINITIALIZED
                  00005d60    00000020     F2837xD_GlobalVariableDefs.obj (Cmpss8RegsFile)

Sdfm1RegsFile 
*          1    00005e00    00000080     UNINITIALIZED
                  00005e00    00000080     F2837xD_GlobalVariableDefs.obj (Sdfm1RegsFile)

Sdfm2RegsFile 
*          1    00005e80    00000080     UNINITIALIZED
                  00005e80    00000080     F2837xD_GlobalVariableDefs.obj (Sdfm2RegsFile)

McbspaRegsFile 
*          1    00006000    00000024     UNINITIALIZED
                  00006000    00000024     F2837xD_GlobalVariableDefs.obj (McbspaRegsFile)

McbspbRegsFile 
*          1    00006040    00000024     UNINITIALIZED
                  00006040    00000024     F2837xD_GlobalVariableDefs.obj (McbspbRegsFile)

SpiaRegsFile 
*          1    00006100    00000010     UNINITIALIZED
                  00006100    00000010     F2837xD_GlobalVariableDefs.obj (SpiaRegsFile)

SpibRegsFile 
*          1    00006110    00000010     UNINITIALIZED
                  00006110    00000010     F2837xD_GlobalVariableDefs.obj (SpibRegsFile)

SpicRegsFile 
*          1    00006120    00000010     UNINITIALIZED
                  00006120    00000010     F2837xD_GlobalVariableDefs.obj (SpicRegsFile)

WdRegsFile 
*          1    00007000    0000002b     UNINITIALIZED
                  00007000    0000002b     F2837xD_GlobalVariableDefs.obj (WdRegsFile)

NmiIntruptRegsFile 
*          1    00007060    00000007     UNINITIALIZED
                  00007060    00000007     F2837xD_GlobalVariableDefs.obj (NmiIntruptRegsFile)

XintRegsFile 
*          1    00007070    0000000b     UNINITIALIZED
                  00007070    0000000b     F2837xD_GlobalVariableDefs.obj (XintRegsFile)

SciaRegsFile 
*          1    00007200    00000010     UNINITIALIZED
                  00007200    00000010     F2837xD_GlobalVariableDefs.obj (SciaRegsFile)

ScibRegsFile 
*          1    00007210    00000010     UNINITIALIZED
                  00007210    00000010     F2837xD_GlobalVariableDefs.obj (ScibRegsFile)

ScicRegsFile 
*          1    00007220    00000010     UNINITIALIZED
                  00007220    00000010     F2837xD_GlobalVariableDefs.obj (ScicRegsFile)

ScidRegsFile 
*          1    00007230    00000010     UNINITIALIZED
                  00007230    00000010     F2837xD_GlobalVariableDefs.obj (ScidRegsFile)

I2caRegsFile 
*          1    00007300    00000022     UNINITIALIZED
                  00007300    00000022     F2837xD_GlobalVariableDefs.obj (I2caRegsFile)

I2cbRegsFile 
*          1    00007340    00000022     UNINITIALIZED
                  00007340    00000022     F2837xD_GlobalVariableDefs.obj (I2cbRegsFile)

AdcaRegsFile 
*          1    00007400    00000080     UNINITIALIZED
                  00007400    00000080     F2837xD_GlobalVariableDefs.obj (AdcaRegsFile)

AdcbRegsFile 
*          1    00007480    00000080     UNINITIALIZED
                  00007480    00000080     F2837xD_GlobalVariableDefs.obj (AdcbRegsFile)

AdccRegsFile 
*          1    00007500    00000080     UNINITIALIZED
                  00007500    00000080     F2837xD_GlobalVariableDefs.obj (AdccRegsFile)

AdcdRegsFile 
*          1    00007580    00000080     UNINITIALIZED
                  00007580    00000080     F2837xD_GlobalVariableDefs.obj (AdcdRegsFile)

DmaClaSrcSelRegsFile 
*          1    00007980    0000001a     UNINITIALIZED
                  00007980    0000001a     F2837xD_GlobalVariableDefs.obj (DmaClaSrcSelRegsFile)

GpioDataRegsFile 
*          1    00007f00    00000030     UNINITIALIZED
                  00007f00    00000030     F2837xD_GlobalVariableDefs.obj (GpioDataRegsFile)

PUTBUFFER 
*          1    0003f800    00000080     UNINITIALIZED
                  0003f800    00000080     F2837xD_Ipc_Driver.obj (PUTBUFFER)

PUTWRITEIDX 
*          1    0003f880    00000004     UNINITIALIZED
                  0003f880    00000004     F2837xD_Ipc_Driver.obj (PUTWRITEIDX)

GETREADIDX 
*          1    0003f884    00000004     UNINITIALIZED
                  0003f884    00000004     F2837xD_Ipc_Driver.obj (GETREADIDX)

GETBUFFER 
*          0    0003fc00    00000080     DSECT
                  0003fc00    00000080     F2837xD_Ipc_Driver.obj (GETBUFFER)

GETWRITEIDX 
*          0    0003fc80    00000004     DSECT
                  0003fc80    00000004     F2837xD_Ipc_Driver.obj (GETWRITEIDX)

PUTREADIDX 
*          0    0003fc84    00000004     DSECT
                  0003fc84    00000004     F2837xD_Ipc_Driver.obj (PUTREADIDX)

Cla1SoftIntRegsFile 
*          1    00000ce0    00000004     DSECT
                  00000ce0    00000004     F2837xD_GlobalVariableDefs.obj (Cla1SoftIntRegsFile)

Emif1RegsFile 
*          1    00047000    00000070     UNINITIALIZED
                  00047000    00000070     F2837xD_GlobalVariableDefs.obj (Emif1RegsFile)

Emif2RegsFile 
*          1    00047800    00000070     UNINITIALIZED
                  00047800    00000070     F2837xD_GlobalVariableDefs.obj (Emif2RegsFile)

IpcRegsFile 
*          1    00050000    00000024     UNINITIALIZED
                  00050000    00000024     F2837xD_GlobalVariableDefs.obj (IpcRegsFile)

FlashPumpSemaphoreRegsFile 
*          1    00050024    00000002     UNINITIALIZED
                  00050024    00000002     F2837xD_GlobalVariableDefs.obj (FlashPumpSemaphoreRegsFile)

ClkCfgRegsFile 
*          1    0005d200    00000032     UNINITIALIZED
                  0005d200    00000032     F2837xD_GlobalVariableDefs.obj (ClkCfgRegsFile)

CpuSysRegsFile 
*          1    0005d300    00000082     UNINITIALIZED
                  0005d300    00000082     F2837xD_GlobalVariableDefs.obj (CpuSysRegsFile)

DcsmZ1RegsFile 
*          1    0005f000    00000024     UNINITIALIZED
                  0005f000    00000024     F2837xD_GlobalVariableDefs.obj (DcsmZ1RegsFile)

DcsmZ2RegsFile 
*          1    0005f040    00000024     UNINITIALIZED
                  0005f040    00000024     F2837xD_GlobalVariableDefs.obj (DcsmZ2RegsFile)

DcsmCommonRegsFile 
*          1    0005f070    00000008     UNINITIALIZED
                  0005f070    00000008     F2837xD_GlobalVariableDefs.obj (DcsmCommonRegsFile)

MemCfgRegsFile 
*          1    0005f400    00000080     UNINITIALIZED
                  0005f400    00000080     F2837xD_GlobalVariableDefs.obj (MemCfgRegsFile)

Emif1ConfigRegsFile 
*          1    0005f480    00000020     UNINITIALIZED
                  0005f480    00000020     F2837xD_GlobalVariableDefs.obj (Emif1ConfigRegsFile)

AccessProtectionRegsFile 
*          1    0005f4c0    00000040     UNINITIALIZED
                  0005f4c0    00000040     F2837xD_GlobalVariableDefs.obj (AccessProtectionRegsFile)

MemoryErrorRegsFile 
*          1    0005f500    00000040     UNINITIALIZED
                  0005f500    00000040     F2837xD_GlobalVariableDefs.obj (MemoryErrorRegsFile)

Flash0CtrlRegsFile 
*          1    0005f800    00000182     UNINITIALIZED
                  0005f800    00000182     F2837xD_GlobalVariableDefs.obj (Flash0CtrlRegsFile)

Flash0EccRegsFile 
*          1    0005fb00    00000028     UNINITIALIZED
                  0005fb00    00000028     F2837xD_GlobalVariableDefs.obj (Flash0EccRegsFile)

DcsmZ1OtpFile 
*          1    00078000    00000020     NOLOAD SECTION
                  00078000    00000020     F2837xD_GlobalVariableDefs.obj (DcsmZ1OtpFile)

DcsmZ2OtpFile 
*          1    00078200    00000020     NOLOAD SECTION
                  00078200    00000020     F2837xD_GlobalVariableDefs.obj (DcsmZ2OtpFile)


GLOBAL DATA SYMBOLS: SORTED BY DATA PAGE

address     data page           name
--------    ----------------    ----
00000400      10 (00000400)     __stack

00000b00      2c (00000b00)     _AdcaResultRegs
00000b20      2c (00000b00)     _AdcbResultRegs

00000b40      2d (00000b40)     _AdccResultRegs
00000b60      2d (00000b40)     _AdcdResultRegs

00000c00      30 (00000c00)     _CpuTimer0Regs
00000c08      30 (00000c00)     _CpuTimer1Regs
00000c10      30 (00000c00)     _CpuTimer2Regs

00000ce0      33 (00000cc0)     _Cla1SoftIntRegs
00000ce0      33 (00000cc0)     _PieCtrlRegs

00000d00      34 (00000d00)     _EmuKey
00000d00      34 (00000d00)     _PieVectTable
00000d01      34 (00000d00)     _EmuBMode

00001000      40 (00001000)     _DmaRegs

00001400      50 (00001400)     _Cla1Regs

00004000     100 (00004000)     _EPwm1Regs

00004100     104 (00004100)     _EPwm2Regs

00004200     108 (00004200)     _EPwm3Regs

00004300     10c (00004300)     _EPwm4Regs

00004400     110 (00004400)     _EPwm5Regs

00004500     114 (00004500)     _EPwm6Regs

00004600     118 (00004600)     _EPwm7Regs

00004700     11c (00004700)     _EPwm8Regs

00004800     120 (00004800)     _EPwm9Regs

00004900     124 (00004900)     _EPwm10Regs

00004a00     128 (00004a00)     _EPwm11Regs

00004b00     12c (00004b00)     _EPwm12Regs

00005000     140 (00005000)     _ECap1Regs
00005020     140 (00005000)     _ECap2Regs

00005040     141 (00005040)     _ECap3Regs
00005060     141 (00005040)     _ECap4Regs

00005080     142 (00005080)     _ECap5Regs
000050a0     142 (00005080)     _ECap6Regs

00005100     144 (00005100)     _EQep1Regs

00005140     145 (00005140)     _EQep2Regs

00005180     146 (00005180)     _EQep3Regs

00005c00     170 (00005c00)     _DacaRegs
00005c10     170 (00005c00)     _DacbRegs
00005c20     170 (00005c00)     _DaccRegs

00005c80     172 (00005c80)     _Cmpss1Regs
00005ca0     172 (00005c80)     _Cmpss2Regs

00005cc0     173 (00005cc0)     _Cmpss3Regs
00005ce0     173 (00005cc0)     _Cmpss4Regs

00005d00     174 (00005d00)     _Cmpss5Regs
00005d20     174 (00005d00)     _Cmpss6Regs

00005d40     175 (00005d40)     _Cmpss7Regs
00005d60     175 (00005d40)     _Cmpss8Regs

00005e00     178 (00005e00)     _Sdfm1Regs

00005e80     17a (00005e80)     _Sdfm2Regs

00006000     180 (00006000)     _McbspaRegs

00006040     181 (00006040)     _McbspbRegs

00006100     184 (00006100)     _SpiaRegs
00006110     184 (00006100)     _SpibRegs
00006120     184 (00006100)     _SpicRegs

00007000     1c0 (00007000)     _WdRegs

00007060     1c1 (00007040)     _NmiIntruptRegs
00007070     1c1 (00007040)     _XintRegs

00007200     1c8 (00007200)     _SciaRegs
00007210     1c8 (00007200)     _ScibRegs
00007220     1c8 (00007200)     _ScicRegs
00007230     1c8 (00007200)     _ScidRegs

00007300     1cc (00007300)     _I2caRegs

00007340     1cd (00007340)     _I2cbRegs

00007400     1d0 (00007400)     _AdcaRegs

00007480     1d2 (00007480)     _AdcbRegs

00007500     1d4 (00007500)     _AdccRegs

00007580     1d6 (00007580)     _AdcdRegs

00007980     1e6 (00007980)     _DmaClaSrcSelRegs

00007f00     1fc (00007f00)     _GpioDataRegs

0000a800     2a0 (0000a800)     _Timer_50us
0000a801     2a0 (0000a800)     _Timer_SCI
0000a802     2a0 (0000a800)     _Timer_850us
0000a803     2a0 (0000a800)     _Timer_100us
0000a804     2a0 (0000a800)     _turns
0000a805     2a0 (0000a800)     _RX_flag
0000a806     2a0 (0000a800)     _Timer_200us
0000a807     2a0 (0000a800)     _TX_flag
0000a808     2a0 (0000a800)     _Timer_500ms
0000a809     2a0 (0000a800)     _dir
0000a80a     2a0 (0000a800)     _Hall_status
0000a80c     2a0 (0000a800)     _V_A
0000a80e     2a0 (0000a800)     _IA
0000a810     2a0 (0000a800)     _IB
0000a812     2a0 (0000a800)     _i_D
0000a814     2a0 (0000a800)     _i_B
0000a816     2a0 (0000a800)     _i_C
0000a818     2a0 (0000a800)     _i_A
0000a81a     2a0 (0000a800)     _Ci
0000a81c     2a0 (0000a800)     _Di
0000a81e     2a0 (0000a800)     _Bi
0000a820     2a0 (0000a800)     _ID
0000a822     2a0 (0000a800)     _Ai
0000a824     2a0 (0000a800)     _IC
0000a826     2a0 (0000a800)     _U_LFFq
0000a828     2a0 (0000a800)     _U_RFFq
0000a82a     2a0 (0000a800)     _U_FBKq
0000a82c     2a0 (0000a800)     _U_FFV
0000a82e     2a0 (0000a800)     _lTheta_dot
0000a830     2a0 (0000a800)     _theta_dq
0000a832     2a0 (0000a800)     _jiaodu
0000a834     2a0 (0000a800)     _theta_encoder
0000a836     2a0 (0000a800)     _I_main
0000a838     2a0 (0000a800)     _theta
0000a83a     2a0 (0000a800)     _V_C
0000a83c     2a0 (0000a800)     _U_sci
0000a83e     2a0 (0000a800)     _T3

0000a840     2a1 (0000a840)     _U_FBKd
0000a842     2a1 (0000a840)     _T1
0000a844     2a1 (0000a840)     _T2
0000a846     2a1 (0000a840)     _omega_tmp
0000a848     2a1 (0000a840)     _omega_g
0000a84a     2a1 (0000a840)     _omega_n
0000a84c     2a1 (0000a840)     _omega_r
0000a84e     2a1 (0000a840)     _omega
0000a850     2a1 (0000a840)     _I_main_tmp
0000a852     2a1 (0000a840)     _ID_tmp
0000a854     2a1 (0000a840)     _V_B
0000a856     2a1 (0000a840)     _Usys_tmp
0000a858     2a1 (0000a840)     _IA_tmp
0000a85a     2a1 (0000a840)     _IC_tmp
0000a85c     2a1 (0000a840)     _IB_tmp
0000a85e     2a1 (0000a840)     _RX_FRAME
0000a864     2a1 (0000a840)     _g_sIpcController2
0000a872     2a1 (0000a840)     _g_sIpcController1

0000a880     2a2 (0000a880)     _TX_FRAME
0000a890     2a2 (0000a880)     _TX_UPLOAD

0000a8c0     2a3 (0000a8c0)     _McomData

0000a900     2a4 (0000a900)     _usCPU02Buffer

0000a980     2a6 (0000a980)     _rdataA_head
0000a983     2a6 (0000a980)     _rdataA_tail
0000a987     2a6 (0000a980)     _tdataA

0000a9c0     2a7 (0000a9c0)     _rdataA

0000aa00     2a8 (0000aa00)     _MCBSP
0000aa04     2a8 (0000aa00)     _I2C
0000aa08     2a8 (0000aa00)     _SCI
0000aa0c     2a8 (0000aa00)     _SDFM
0000aa12     2a8 (0000aa00)     _EQEP
0000aa1a     2a8 (0000aa00)     _SPI
0000aa22     2a8 (0000aa00)     _ECAP

0000aa40     2a9 (0000aa40)     _EPWM
0000aa5a     2a9 (0000aa40)     _CpuTimer2
0000aa62     2a9 (0000aa40)     _CpuTimer1
0000aa6a     2a9 (0000aa40)     _CpuTimer0
0000aa72     2a9 (0000aa40)     ___TI_cleanup_ptr
0000aa74     2a9 (0000aa40)     ___TI_dtors_ptr
0000aa76     2a9 (0000aa40)     __lock
0000aa78     2a9 (0000aa40)     __unlock

0003f800     fe0 (0003f800)     _g_asIPCCPU2toCPU1Buffers

0003f880     fe2 (0003f880)     _g_usPutWriteIndexes
0003f884     fe2 (0003f880)     _g_usGetReadIndexes

0003fc00     ff0 (0003fc00)     _g_asIPCCPU1toCPU2Buffers

0003fc80     ff2 (0003fc80)     _g_usGetWriteIndexes
0003fc84     ff2 (0003fc80)     _g_usPutReadIndexes

00047000    11c0 (00047000)     _Emif1Regs

00047800    11e0 (00047800)     _Emif2Regs

00050000    1400 (00050000)     _IpcRegs
00050024    1400 (00050000)     _FlashPumpSemaphoreRegs

0005d200    1748 (0005d200)     _ClkCfgRegs

0005d300    174c (0005d300)     _CpuSysRegs

0005f000    17c0 (0005f000)     _DcsmZ1Regs

0005f040    17c1 (0005f040)     _DcsmZ2Regs
0005f070    17c1 (0005f040)     _DcsmCommonRegs

0005f400    17d0 (0005f400)     _MemCfgRegs

0005f480    17d2 (0005f480)     _Emif1ConfigRegs

0005f4c0    17d3 (0005f4c0)     _AccessProtectionRegs

0005f500    17d4 (0005f500)     _MemoryErrorRegs

0005f800    17e0 (0005f800)     _Flash0CtrlRegs

0005fb00    17ec (0005fb00)     _Flash0EccRegs

00078000    1e00 (00078000)     _DcsmZ1Otp

00078200    1e08 (00078200)     _DcsmZ2Otp

000831a0    20c6 (00083180)     _PieVectTableInit

00083360    20cd (00083340)     _Lq
00083362    20cd (00083340)     _pi
00083364    20cd (00083340)     _Rs


GLOBAL SYMBOLS: SORTED ALPHABETICALLY BY Name 

page  address   name                        
----  -------   ----                        
0     00082000  .text                       
0     0008314d  C$$EXIT                     
0     00083166  LL$$AND                     
0     0008316e  LL$$OR                      
0     00083176  LL$$XOR                     
0     000825e1  _ADCA1_ISR                  
0     000825d7  _ADCA2_ISR                  
0     000825cd  _ADCA3_ISR                  
0     000825c3  _ADCA4_ISR                  
0     000825b9  _ADCA_EVT_ISR               
0     000825af  _ADCB1_ISR                  
0     000825a5  _ADCB2_ISR                  
0     0008259b  _ADCB3_ISR                  
0     00082591  _ADCB4_ISR                  
0     00082587  _ADCB_EVT_ISR               
0     0008257d  _ADCC1_ISR                  
0     00082573  _ADCC2_ISR                  
0     00082569  _ADCC3_ISR                  
0     0008255f  _ADCC4_ISR                  
0     00082555  _ADCC_EVT_ISR               
0     0008254b  _ADCD1_ISR                  
0     00082541  _ADCD2_ISR                  
0     00082537  _ADCD3_ISR                  
0     0008252d  _ADCD4_ISR                  
0     00082523  _ADCD_EVT_ISR               
0     00082519  _AUX_PLL_SLIP_ISR           
1     0005f4c0  _AccessProtectionRegs       
1     00007400  _AdcaRegs                   
1     00000b00  _AdcaResultRegs             
1     00007480  _AdcbRegs                   
1     00000b20  _AdcbResultRegs             
1     00007500  _AdccRegs                   
1     00000b40  _AdccResultRegs             
1     00007580  _AdcdRegs                   
1     00000b60  _AdcdResultRegs             
1     0000a822  _Ai                         
0     00082d97  _AuxAuxClkSel               
0     00082db2  _AuxIntOsc2Sel              
0     00082da1  _AuxXtalOscSel              
1     0000a81e  _Bi                         
0     0008250f  _CANA0_ISR                  
0     00082505  _CANA1_ISR                  
0     000824fb  _CANB0_ISR                  
0     000824f1  _CANB1_ISR                  
0     000824e7  _CLA1_1_ISR                 
0     000824dd  _CLA1_2_ISR                 
0     000824d3  _CLA1_3_ISR                 
0     000824c9  _CLA1_4_ISR                 
0     000824bf  _CLA1_5_ISR                 
0     000824b5  _CLA1_6_ISR                 
0     000824ab  _CLA1_7_ISR                 
0     000824a1  _CLA1_8_ISR                 
0     00082497  _CLA_OVERFLOW_ISR           
0     0008248d  _CLA_UNDERFLOW_ISR          
0     00082ff2  _CPU01toCPU02IPC0IntHandler 
0     00082fdd  _CPU01toCPU02IPC1IntHandler 
1     0000a81a  _Ci                         
1     00001400  _Cla1Regs                   
0     00000ce0  _Cla1SoftIntRegs            
1     0005d200  _ClkCfgRegs                 
1     00005c80  _Cmpss1Regs                 
1     00005ca0  _Cmpss2Regs                 
1     00005cc0  _Cmpss3Regs                 
1     00005ce0  _Cmpss4Regs                 
1     00005d00  _Cmpss5Regs                 
1     00005d20  _Cmpss6Regs                 
1     00005d40  _Cmpss7Regs                 
1     00005d60  _Cmpss8Regs                 
0     00083076  _ConfigCpuTimer             
1     0005d300  _CpuSysRegs                 
1     0000aa6a  _CpuTimer0                  
1     00000c00  _CpuTimer0Regs              
1     0000aa62  _CpuTimer1                  
1     00000c08  _CpuTimer1Regs              
1     0000aa5a  _CpuTimer2                  
1     00000c10  _CpuTimer2Regs              
0     00082e7f  _CsmUnlock                  
0     00082483  _DATALOG_ISR                
0     00082479  _DMA_CH1_ISR                
0     0008246f  _DMA_CH2_ISR                
0     00082465  _DMA_CH3_ISR                
0     0008245b  _DMA_CH4_ISR                
0     00082451  _DMA_CH5_ISR                
0     00082447  _DMA_CH6_ISR                
1     00005c00  _DacaRegs                   
1     00005c10  _DacbRegs                   
1     00005c20  _DaccRegs                   
1     0005f070  _DcsmCommonRegs             
1     00078000  _DcsmZ1Otp                  
1     0005f000  _DcsmZ1Regs                 
1     00078200  _DcsmZ2Otp                  
1     0005f040  _DcsmZ2Regs                 
1     0000a81c  _Di                         
0     00082d58  _DisableDog                 
0     00082e62  _DisablePeripheralClocks    
1     00007980  _DmaClaSrcSelRegs           
1     00001000  _DmaRegs                    
1     0000aa22  _ECAP                       
0     0008243d  _ECAP1_ISR                  
0     00082433  _ECAP2_ISR                  
0     00082429  _ECAP3_ISR                  
0     0008241f  _ECAP4_ISR                  
0     00082415  _ECAP5_ISR                  
0     0008240b  _ECAP6_ISR                  
1     00005000  _ECap1Regs                  
1     00005020  _ECap2Regs                  
1     00005040  _ECap3Regs                  
1     00005060  _ECap4Regs                  
1     00005080  _ECap5Regs                  
1     000050a0  _ECap6Regs                  
0     00082401  _EMIF_ERROR_ISR             
0     000823f4  _EMPTY_ISR                  
0     000823ea  _EMU_ISR                    
1     0000aa40  _EPWM                       
0     000823e0  _EPWM10_ISR                 
0     000823d6  _EPWM10_TZ_ISR              
0     000823cc  _EPWM11_ISR                 
0     000823c2  _EPWM11_TZ_ISR              
0     000823b8  _EPWM12_ISR                 
0     000823ae  _EPWM12_TZ_ISR              
0     000823a4  _EPWM1_ISR                  
0     0008239a  _EPWM1_TZ_ISR               
0     00082390  _EPWM2_ISR                  
0     00082386  _EPWM2_TZ_ISR               
0     0008237c  _EPWM3_ISR                  
0     00082372  _EPWM3_TZ_ISR               
0     00082368  _EPWM4_ISR                  
0     0008235e  _EPWM4_TZ_ISR               
0     00082354  _EPWM5_ISR                  
0     0008234a  _EPWM5_TZ_ISR               
0     00082340  _EPWM6_ISR                  
0     00082336  _EPWM6_TZ_ISR               
0     0008232c  _EPWM7_ISR                  
0     00082322  _EPWM7_TZ_ISR               
0     00082318  _EPWM8_ISR                  
0     0008230e  _EPWM8_TZ_ISR               
0     00082304  _EPWM9_ISR                  
0     000822fa  _EPWM9_TZ_ISR               
1     00004900  _EPwm10Regs                 
1     00004a00  _EPwm11Regs                 
1     00004b00  _EPwm12Regs                 
1     00004000  _EPwm1Regs                  
1     00004100  _EPwm2Regs                  
1     00004200  _EPwm3Regs                  
1     00004300  _EPwm4Regs                  
1     00004400  _EPwm5Regs                  
1     00004500  _EPwm6Regs                  
1     00004600  _EPwm7Regs                  
1     00004700  _EPwm8Regs                  
1     00004800  _EPwm9Regs                  
1     0000aa12  _EQEP                       
0     000822f0  _EQEP1_ISR                  
0     000822e6  _EQEP2_ISR                  
0     000822dc  _EQEP3_ISR                  
1     00005100  _EQep1Regs                  
1     00005140  _EQep2Regs                  
1     00005180  _EQep3Regs                  
1     0005f480  _Emif1ConfigRegs            
1     00047000  _Emif1Regs                  
1     00047800  _Emif2Regs                  
1     00000d01  _EmuBMode                   
1     00000d00  _EmuKey                     
0     000830fe  _EnableInterrupts           
0     00008048  _F28x_usDelay               
0     000822d2  _FLASH_CORRECTABLE_ERROR_ISR
0     000822c8  _FPU_OVERFLOW_ISR           
0     000822be  _FPU_UNDERFLOW_ISR          
1     0005f800  _Flash0CtrlRegs             
1     0005fb00  _Flash0EccRegs              
0     00008034  _FlashOff                   
1     00050024  _FlashPumpSemaphoreRegs     
1     00007f00  _GpioDataRegs               
0     00082e59  _HALT                       
0     00082cbf  _HIB                        
1     0000a80a  _Hall_status                
1     0000aa04  _I2C                        
0     000822b4  _I2CA_FIFO_ISR              
0     000822aa  _I2CA_ISR                   
0     000822a0  _I2CB_FIFO_ISR              
0     00082296  _I2CB_ISR                   
1     00007300  _I2caRegs                   
1     00007340  _I2cbRegs                   
1     0000a80e  _IA                         
1     0000a858  _IA_tmp                     
1     0000a810  _IB                         
1     0000a85c  _IB_tmp                     
1     0000a824  _IC                         
1     0000a85a  _IC_tmp                     
1     0000a820  _ID                         
0     00082e59  _IDLE                       
1     0000a852  _ID_tmp                     
0     0008228c  _ILLEGAL_ISR                
0     00082282  _IPC0_ISR                   
0     00082278  _IPC1_ISR                   
0     0008226e  _IPC2_ISR                   
0     00082264  _IPC3_ISR                   
0     00082c47  _IPCInitialize              
0     00082c2a  _IPCLtoRBlockRead           
0     00082c14  _IPCLtoRBlockWrite          
0     00082bfe  _IPCLtoRBlockWrite_Protected
0     00082beb  _IPCLtoRClearBits           
0     00082b45  _IPCLtoRClearBits_Protected 
0     00082bd1  _IPCLtoRDataRead            
0     00082bb6  _IPCLtoRDataRead_Protected  
0     00082a97  _IPCLtoRDataWrite           
0     00082a6b  _IPCLtoRDataWrite_Protected 
0     00083197  _IPCLtoRFlagSet             
0     00082ba8  _IPCLtoRFunctionCall        
0     00082b96  _IPCLtoRSendMessage         
0     00082b83  _IPCLtoRSetBits             
0     00082b32  _IPCLtoRSetBits_Protected   
0     00082b58  _IPCReqMemAccess            
0     00082b21  _IPCRtoLBlockRead           
0     00082b05  _IPCRtoLBlockWrite          
0     00082ae6  _IPCRtoLBlockWrite_Protected
0     00082ad6  _IPCRtoLClearBits           
0     00082ac3  _IPCRtoLClearBits_Protected 
0     00082aab  _IPCRtoLDataRead            
0     00082a7f  _IPCRtoLDataRead_Protected  
0     00082a55  _IPCRtoLDataWrite           
0     00082a3c  _IPCRtoLDataWrite_Protected 
0     00082a38  _IPCRtoLFunctionCall        
0     00082a2a  _IPCRtoLSetBits             
0     00082a19  _IPCRtoLSetBits_Protected   
1     0000a836  _I_main                     
1     0000a850  _I_main_tmp                 
0     00082dbf  _InitAuxPll                 
0     0008303b  _InitCpuTimers              
0     00008000  _InitFlash                  
0     00082d65  _InitPeripheralClocks       
0     000830df  _InitPieCtrl                
0     0008317e  _InitPieVectTable           
0     00082972  _InitSci                    
0     00082972  _InitScia                   
0     00082d86  _InitSysCtrl                
0     00082cd4  _InitSysPll                 
0     000829ed  _IpcGet                     
0     000829c3  _IpcPut                     
1     00050000  _IpcRegs                    
0     00083360  _Lq                         
1     0000aa00  _MCBSP                      
0     0008225a  _MCBSPA_RX_ISR              
0     00082250  _MCBSPA_TX_ISR              
0     00082246  _MCBSPB_RX_ISR              
0     0008223c  _MCBSPB_TX_ISR              
1     00006000  _McbspaRegs                 
1     00006040  _McbspbRegs                 
1     0000a8c0  _McomData                   
1     0005f400  _MemCfgRegs                 
1     0005f500  _MemoryErrorRegs            
0     00082232  _NMI_ISR                    
0     00082228  _NOTUSED_ISR                
1     00007060  _NmiIntruptRegs             
0     0008221e  _PIE_RESERVED_ISR           
1     00000ce0  _PieCtrlRegs                
1     00000d00  _PieVectTable               
0     000831a0  _PieVectTableInit           
0     00082214  _RAM_ACCESS_VIOLATION_ISR   
0     0008220a  _RAM_CORRECTABLE_ERROR_ISR  
0     00082200  _RTOS_ISR                   
1     0000a85e  _RX_FRAME                   
1     0000a805  _RX_flag                    
0     0008604c  _RamfuncsLoadEnd            
abs   0000004c  _RamfuncsLoadSize           
0     00086000  _RamfuncsLoadStart          
0     0000804c  _RamfuncsRunEnd             
abs   0000004c  _RamfuncsRunSize            
0     00008000  _RamfuncsRunStart           
0     00082cca  _ReleaseFlashPump           
0     00083364  _Rs                         
1     0000aa08  _SCI                        
0     000828f9  _SCIA_RX                    
0     000821ce  _SCIA_RX_ISR                
0     000825eb  _SCIA_TX                    
0     00082186  _SCIA_TX_ISR                
0     0008217c  _SCIB_RX_ISR                
0     00082172  _SCIB_TX_ISR                
0     00082168  _SCIC_RX_ISR                
0     0008215e  _SCIC_TX_ISR                
0     00082154  _SCID_RX_ISR                
0     0008214a  _SCID_TX_ISR                
0     00082140  _SD1_ISR                    
0     00082136  _SD2_ISR                    
1     0000aa0c  _SDFM                       
1     0000aa1a  _SPI                        
0     0008212c  _SPIA_RX_ISR                
0     00082122  _SPIA_TX_ISR                
0     00082118  _SPIB_RX_ISR                
0     0008210e  _SPIB_TX_ISR                
0     00082104  _SPIC_RX_ISR                
0     000820fa  _SPIC_TX_ISR                
0     00082cbf  _STANDBY                    
0     000820f0  _SYS_PLL_SLIP_ISR           
1     00007200  _SciaRegs                   
1     00007210  _ScibRegs                   
1     00007220  _ScicRegs                   
1     00007230  _ScidRegs                   
1     00005e00  _Sdfm1Regs                  
1     00005e80  _Sdfm2Regs                  
0     00082cad  _SeizeFlashPump             
0     00082c9f  _ServiceDog                 
1     00006100  _SpiaRegs                   
1     00006110  _SpibRegs                   
1     00006120  _SpicRegs                   
0     00082c95  _SysIntOsc1Sel              
0     00082c8b  _SysIntOsc2Sel              
0     00082c7f  _SysXtalOscSel              
1     0000a842  _T1                         
1     0000a844  _T2                         
1     0000a83e  _T3                         
0     000820e6  _TIMER0_ISR                 
0     000820dc  _TIMER1_ISR                 
0     000820d2  _TIMER2_ISR                 
1     0000a880  _TX_FRAME                   
1     0000a890  _TX_UPLOAD                  
1     0000a807  _TX_flag                    
1     0000a803  _Timer_100us                
1     0000a806  _Timer_200us                
1     0000a808  _Timer_500ms                
1     0000a800  _Timer_50us                 
1     0000a802  _Timer_850us                
1     0000a801  _Timer_SCI                  
0     000820c8  _UPPA_ISR                   
0     000820be  _USBA_ISR                   
0     000820b4  _USER10_ISR                 
0     000820aa  _USER11_ISR                 
0     000820a0  _USER12_ISR                 
0     00082096  _USER1_ISR                  
0     0008208c  _USER2_ISR                  
0     00082082  _USER3_ISR                  
0     00082078  _USER4_ISR                  
0     0008206e  _USER5_ISR                  
0     00082064  _USER6_ISR                  
0     0008205a  _USER7_ISR                  
0     00082050  _USER8_ISR                  
0     00082046  _USER9_ISR                  
1     0000a840  _U_FBKd                     
1     0000a82a  _U_FBKq                     
1     0000a82c  _U_FFV                      
1     0000a826  _U_LFFq                     
1     0000a828  _U_RFFq                     
1     0000a83c  _U_sci                      
1     0000a856  _Usys_tmp                   
0     0008203c  _VCU_ISR                    
1     0000a80c  _V_A                        
1     0000a854  _V_B                        
1     0000a83a  _V_C                        
0     00082032  _WAKE_ISR                   
1     00007000  _WdRegs                     
0     00082028  _XINT1_ISR                  
0     0008201e  _XINT2_ISR                  
0     00082014  _XINT3_ISR                  
0     0008200a  _XINT4_ISR                  
0     00082000  _XINT5_ISR                  
1     00007070  _XintRegs                   
1     00000800  __STACK_END                 
abs   00000400  __STACK_SIZE                
1     0000aa72  ___TI_cleanup_ptr           
1     0000aa74  ___TI_dtors_ptr             
abs   ffffffff  ___binit__                  
abs   ffffffff  ___c_args__                 
0     00083368  ___cinit__                  
0     0008319d  ___etext__                  
abs   ffffffff  ___pinit__                  
0     00082000  ___text__                   
0     00083134  __args_main                 
1     0000aa76  __lock                      
0     0008319c  __nop                       
1     00000400  __stack                     
1     0000aa78  __unlock                    
0     0008314d  _abort                      
0     00083099  _c_int00                    
0     00082fc7  _cpu_timer1_isr             
1     0000a809  _dir                        
0     0008314f  _exit                       
0     0003fc00  _g_asIPCCPU1toCPU2Buffers   
1     0003f800  _g_asIPCCPU2toCPU1Buffers   
1     0000a872  _g_sIpcController1          
1     0000a864  _g_sIpcController2          
1     0003f884  _g_usGetReadIndexes         
0     0003fc80  _g_usGetWriteIndexes        
0     0003fc84  _g_usPutReadIndexes         
1     0003f880  _g_usPutWriteIndexes        
1     0000a818  _i_A                        
1     0000a814  _i_B                        
1     0000a816  _i_C                        
1     0000a812  _i_D                        
1     0000a832  _jiaodu                     
1     0000a82e  _lTheta_dot                 
0     00082ea0  _main                       
0     00083116  _memcpy                     
1     0000a84e  _omega                      
1     0000a848  _omega_g                    
1     0000a84a  _omega_n                    
1     0000a84c  _omega_r                    
1     0000a846  _omega_tmp                  
0     00083362  _pi                         
1     0000a9c0  _rdataA                     
1     0000a980  _rdataA_head                
1     0000a983  _rdataA_tail                
1     0000a987  _tdataA                     
1     0000a838  _theta                      
1     0000a830  _theta_dq                   
1     0000a834  _theta_encoder              
1     0000a804  _turns                      
1     0000a900  _usCPU02Buffer              
abs   ffffffff  binit                       
0     00083368  cinit                       
0     00080000  code_start                  
0     0008319d  etext                       
abs   ffffffff  pinit                       


GLOBAL SYMBOLS: SORTED BY Symbol Address 

page  address   name                        
----  -------   ----                        
0     00000ce0  _Cla1SoftIntRegs            
0     00008000  _InitFlash                  
0     00008000  _RamfuncsRunStart           
0     00008034  _FlashOff                   
0     00008048  _F28x_usDelay               
0     0000804c  _RamfuncsRunEnd             
0     0003fc00  _g_asIPCCPU1toCPU2Buffers   
0     0003fc80  _g_usGetWriteIndexes        
0     0003fc84  _g_usPutReadIndexes         
0     00080000  code_start                  
0     00082000  .text                       
0     00082000  _XINT5_ISR                  
0     00082000  ___text__                   
0     0008200a  _XINT4_ISR                  
0     00082014  _XINT3_ISR                  
0     0008201e  _XINT2_ISR                  
0     00082028  _XINT1_ISR                  
0     00082032  _WAKE_ISR                   
0     0008203c  _VCU_ISR                    
0     00082046  _USER9_ISR                  
0     00082050  _USER8_ISR                  
0     0008205a  _USER7_ISR                  
0     00082064  _USER6_ISR                  
0     0008206e  _USER5_ISR                  
0     00082078  _USER4_ISR                  
0     00082082  _USER3_ISR                  
0     0008208c  _USER2_ISR                  
0     00082096  _USER1_ISR                  
0     000820a0  _USER12_ISR                 
0     000820aa  _USER11_ISR                 
0     000820b4  _USER10_ISR                 
0     000820be  _USBA_ISR                   
0     000820c8  _UPPA_ISR                   
0     000820d2  _TIMER2_ISR                 
0     000820dc  _TIMER1_ISR                 
0     000820e6  _TIMER0_ISR                 
0     000820f0  _SYS_PLL_SLIP_ISR           
0     000820fa  _SPIC_TX_ISR                
0     00082104  _SPIC_RX_ISR                
0     0008210e  _SPIB_TX_ISR                
0     00082118  _SPIB_RX_ISR                
0     00082122  _SPIA_TX_ISR                
0     0008212c  _SPIA_RX_ISR                
0     00082136  _SD2_ISR                    
0     00082140  _SD1_ISR                    
0     0008214a  _SCID_TX_ISR                
0     00082154  _SCID_RX_ISR                
0     0008215e  _SCIC_TX_ISR                
0     00082168  _SCIC_RX_ISR                
0     00082172  _SCIB_TX_ISR                
0     0008217c  _SCIB_RX_ISR                
0     00082186  _SCIA_TX_ISR                
0     000821ce  _SCIA_RX_ISR                
0     00082200  _RTOS_ISR                   
0     0008220a  _RAM_CORRECTABLE_ERROR_ISR  
0     00082214  _RAM_ACCESS_VIOLATION_ISR   
0     0008221e  _PIE_RESERVED_ISR           
0     00082228  _NOTUSED_ISR                
0     00082232  _NMI_ISR                    
0     0008223c  _MCBSPB_TX_ISR              
0     00082246  _MCBSPB_RX_ISR              
0     00082250  _MCBSPA_TX_ISR              
0     0008225a  _MCBSPA_RX_ISR              
0     00082264  _IPC3_ISR                   
0     0008226e  _IPC2_ISR                   
0     00082278  _IPC1_ISR                   
0     00082282  _IPC0_ISR                   
0     0008228c  _ILLEGAL_ISR                
0     00082296  _I2CB_ISR                   
0     000822a0  _I2CB_FIFO_ISR              
0     000822aa  _I2CA_ISR                   
0     000822b4  _I2CA_FIFO_ISR              
0     000822be  _FPU_UNDERFLOW_ISR          
0     000822c8  _FPU_OVERFLOW_ISR           
0     000822d2  _FLASH_CORRECTABLE_ERROR_ISR
0     000822dc  _EQEP3_ISR                  
0     000822e6  _EQEP2_ISR                  
0     000822f0  _EQEP1_ISR                  
0     000822fa  _EPWM9_TZ_ISR               
0     00082304  _EPWM9_ISR                  
0     0008230e  _EPWM8_TZ_ISR               
0     00082318  _EPWM8_ISR                  
0     00082322  _EPWM7_TZ_ISR               
0     0008232c  _EPWM7_ISR                  
0     00082336  _EPWM6_TZ_ISR               
0     00082340  _EPWM6_ISR                  
0     0008234a  _EPWM5_TZ_ISR               
0     00082354  _EPWM5_ISR                  
0     0008235e  _EPWM4_TZ_ISR               
0     00082368  _EPWM4_ISR                  
0     00082372  _EPWM3_TZ_ISR               
0     0008237c  _EPWM3_ISR                  
0     00082386  _EPWM2_TZ_ISR               
0     00082390  _EPWM2_ISR                  
0     0008239a  _EPWM1_TZ_ISR               
0     000823a4  _EPWM1_ISR                  
0     000823ae  _EPWM12_TZ_ISR              
0     000823b8  _EPWM12_ISR                 
0     000823c2  _EPWM11_TZ_ISR              
0     000823cc  _EPWM11_ISR                 
0     000823d6  _EPWM10_TZ_ISR              
0     000823e0  _EPWM10_ISR                 
0     000823ea  _EMU_ISR                    
0     000823f4  _EMPTY_ISR                  
0     00082401  _EMIF_ERROR_ISR             
0     0008240b  _ECAP6_ISR                  
0     00082415  _ECAP5_ISR                  
0     0008241f  _ECAP4_ISR                  
0     00082429  _ECAP3_ISR                  
0     00082433  _ECAP2_ISR                  
0     0008243d  _ECAP1_ISR                  
0     00082447  _DMA_CH6_ISR                
0     00082451  _DMA_CH5_ISR                
0     0008245b  _DMA_CH4_ISR                
0     00082465  _DMA_CH3_ISR                
0     0008246f  _DMA_CH2_ISR                
0     00082479  _DMA_CH1_ISR                
0     00082483  _DATALOG_ISR                
0     0008248d  _CLA_UNDERFLOW_ISR          
0     00082497  _CLA_OVERFLOW_ISR           
0     000824a1  _CLA1_8_ISR                 
0     000824ab  _CLA1_7_ISR                 
0     000824b5  _CLA1_6_ISR                 
0     000824bf  _CLA1_5_ISR                 
0     000824c9  _CLA1_4_ISR                 
0     000824d3  _CLA1_3_ISR                 
0     000824dd  _CLA1_2_ISR                 
0     000824e7  _CLA1_1_ISR                 
0     000824f1  _CANB1_ISR                  
0     000824fb  _CANB0_ISR                  
0     00082505  _CANA1_ISR                  
0     0008250f  _CANA0_ISR                  
0     00082519  _AUX_PLL_SLIP_ISR           
0     00082523  _ADCD_EVT_ISR               
0     0008252d  _ADCD4_ISR                  
0     00082537  _ADCD3_ISR                  
0     00082541  _ADCD2_ISR                  
0     0008254b  _ADCD1_ISR                  
0     00082555  _ADCC_EVT_ISR               
0     0008255f  _ADCC4_ISR                  
0     00082569  _ADCC3_ISR                  
0     00082573  _ADCC2_ISR                  
0     0008257d  _ADCC1_ISR                  
0     00082587  _ADCB_EVT_ISR               
0     00082591  _ADCB4_ISR                  
0     0008259b  _ADCB3_ISR                  
0     000825a5  _ADCB2_ISR                  
0     000825af  _ADCB1_ISR                  
0     000825b9  _ADCA_EVT_ISR               
0     000825c3  _ADCA4_ISR                  
0     000825cd  _ADCA3_ISR                  
0     000825d7  _ADCA2_ISR                  
0     000825e1  _ADCA1_ISR                  
0     000825eb  _SCIA_TX                    
0     000828f9  _SCIA_RX                    
0     00082972  _InitSci                    
0     00082972  _InitScia                   
0     000829c3  _IpcPut                     
0     000829ed  _IpcGet                     
0     00082a19  _IPCRtoLSetBits_Protected   
0     00082a2a  _IPCRtoLSetBits             
0     00082a38  _IPCRtoLFunctionCall        
0     00082a3c  _IPCRtoLDataWrite_Protected 
0     00082a55  _IPCRtoLDataWrite           
0     00082a6b  _IPCLtoRDataWrite_Protected 
0     00082a7f  _IPCRtoLDataRead_Protected  
0     00082a97  _IPCLtoRDataWrite           
0     00082aab  _IPCRtoLDataRead            
0     00082ac3  _IPCRtoLClearBits_Protected 
0     00082ad6  _IPCRtoLClearBits           
0     00082ae6  _IPCRtoLBlockWrite_Protected
0     00082b05  _IPCRtoLBlockWrite          
0     00082b21  _IPCRtoLBlockRead           
0     00082b32  _IPCLtoRSetBits_Protected   
0     00082b45  _IPCLtoRClearBits_Protected 
0     00082b58  _IPCReqMemAccess            
0     00082b83  _IPCLtoRSetBits             
0     00082b96  _IPCLtoRSendMessage         
0     00082ba8  _IPCLtoRFunctionCall        
0     00082bb6  _IPCLtoRDataRead_Protected  
0     00082bd1  _IPCLtoRDataRead            
0     00082beb  _IPCLtoRClearBits           
0     00082bfe  _IPCLtoRBlockWrite_Protected
0     00082c14  _IPCLtoRBlockWrite          
0     00082c2a  _IPCLtoRBlockRead           
0     00082c47  _IPCInitialize              
0     00082c7f  _SysXtalOscSel              
0     00082c8b  _SysIntOsc2Sel              
0     00082c95  _SysIntOsc1Sel              
0     00082c9f  _ServiceDog                 
0     00082cad  _SeizeFlashPump             
0     00082cbf  _HIB                        
0     00082cbf  _STANDBY                    
0     00082cca  _ReleaseFlashPump           
0     00082cd4  _InitSysPll                 
0     00082d58  _DisableDog                 
0     00082d65  _InitPeripheralClocks       
0     00082d86  _InitSysCtrl                
0     00082d97  _AuxAuxClkSel               
0     00082da1  _AuxXtalOscSel              
0     00082db2  _AuxIntOsc2Sel              
0     00082dbf  _InitAuxPll                 
0     00082e59  _HALT                       
0     00082e59  _IDLE                       
0     00082e62  _DisablePeripheralClocks    
0     00082e7f  _CsmUnlock                  
0     00082ea0  _main                       
0     00082fc7  _cpu_timer1_isr             
0     00082fdd  _CPU01toCPU02IPC1IntHandler 
0     00082ff2  _CPU01toCPU02IPC0IntHandler 
0     0008303b  _InitCpuTimers              
0     00083076  _ConfigCpuTimer             
0     00083099  _c_int00                    
0     000830df  _InitPieCtrl                
0     000830fe  _EnableInterrupts           
0     00083116  _memcpy                     
0     00083134  __args_main                 
0     0008314d  C$$EXIT                     
0     0008314d  _abort                      
0     0008314f  _exit                       
0     00083166  LL$$AND                     
0     0008316e  LL$$OR                      
0     00083176  LL$$XOR                     
0     0008317e  _InitPieVectTable           
0     00083197  _IPCLtoRFlagSet             
0     0008319c  __nop                       
0     0008319d  ___etext__                  
0     0008319d  etext                       
0     000831a0  _PieVectTableInit           
0     00083360  _Lq                         
0     00083362  _pi                         
0     00083364  _Rs                         
0     00083368  ___cinit__                  
0     00083368  cinit                       
0     00086000  _RamfuncsLoadStart          
0     0008604c  _RamfuncsLoadEnd            
1     00000400  __stack                     
1     00000800  __STACK_END                 
1     00000b00  _AdcaResultRegs             
1     00000b20  _AdcbResultRegs             
1     00000b40  _AdccResultRegs             
1     00000b60  _AdcdResultRegs             
1     00000c00  _CpuTimer0Regs              
1     00000c08  _CpuTimer1Regs              
1     00000c10  _CpuTimer2Regs              
1     00000ce0  _PieCtrlRegs                
1     00000d00  _EmuKey                     
1     00000d00  _PieVectTable               
1     00000d01  _EmuBMode                   
1     00001000  _DmaRegs                    
1     00001400  _Cla1Regs                   
1     00004000  _EPwm1Regs                  
1     00004100  _EPwm2Regs                  
1     00004200  _EPwm3Regs                  
1     00004300  _EPwm4Regs                  
1     00004400  _EPwm5Regs                  
1     00004500  _EPwm6Regs                  
1     00004600  _EPwm7Regs                  
1     00004700  _EPwm8Regs                  
1     00004800  _EPwm9Regs                  
1     00004900  _EPwm10Regs                 
1     00004a00  _EPwm11Regs                 
1     00004b00  _EPwm12Regs                 
1     00005000  _ECap1Regs                  
1     00005020  _ECap2Regs                  
1     00005040  _ECap3Regs                  
1     00005060  _ECap4Regs                  
1     00005080  _ECap5Regs                  
1     000050a0  _ECap6Regs                  
1     00005100  _EQep1Regs                  
1     00005140  _EQep2Regs                  
1     00005180  _EQep3Regs                  
1     00005c00  _DacaRegs                   
1     00005c10  _DacbRegs                   
1     00005c20  _DaccRegs                   
1     00005c80  _Cmpss1Regs                 
1     00005ca0  _Cmpss2Regs                 
1     00005cc0  _Cmpss3Regs                 
1     00005ce0  _Cmpss4Regs                 
1     00005d00  _Cmpss5Regs                 
1     00005d20  _Cmpss6Regs                 
1     00005d40  _Cmpss7Regs                 
1     00005d60  _Cmpss8Regs                 
1     00005e00  _Sdfm1Regs                  
1     00005e80  _Sdfm2Regs                  
1     00006000  _McbspaRegs                 
1     00006040  _McbspbRegs                 
1     00006100  _SpiaRegs                   
1     00006110  _SpibRegs                   
1     00006120  _SpicRegs                   
1     00007000  _WdRegs                     
1     00007060  _NmiIntruptRegs             
1     00007070  _XintRegs                   
1     00007200  _SciaRegs                   
1     00007210  _ScibRegs                   
1     00007220  _ScicRegs                   
1     00007230  _ScidRegs                   
1     00007300  _I2caRegs                   
1     00007340  _I2cbRegs                   
1     00007400  _AdcaRegs                   
1     00007480  _AdcbRegs                   
1     00007500  _AdccRegs                   
1     00007580  _AdcdRegs                   
1     00007980  _DmaClaSrcSelRegs           
1     00007f00  _GpioDataRegs               
1     0000a800  _Timer_50us                 
1     0000a801  _Timer_SCI                  
1     0000a802  _Timer_850us                
1     0000a803  _Timer_100us                
1     0000a804  _turns                      
1     0000a805  _RX_flag                    
1     0000a806  _Timer_200us                
1     0000a807  _TX_flag                    
1     0000a808  _Timer_500ms                
1     0000a809  _dir                        
1     0000a80a  _Hall_status                
1     0000a80c  _V_A                        
1     0000a80e  _IA                         
1     0000a810  _IB                         
1     0000a812  _i_D                        
1     0000a814  _i_B                        
1     0000a816  _i_C                        
1     0000a818  _i_A                        
1     0000a81a  _Ci                         
1     0000a81c  _Di                         
1     0000a81e  _Bi                         
1     0000a820  _ID                         
1     0000a822  _Ai                         
1     0000a824  _IC                         
1     0000a826  _U_LFFq                     
1     0000a828  _U_RFFq                     
1     0000a82a  _U_FBKq                     
1     0000a82c  _U_FFV                      
1     0000a82e  _lTheta_dot                 
1     0000a830  _theta_dq                   
1     0000a832  _jiaodu                     
1     0000a834  _theta_encoder              
1     0000a836  _I_main                     
1     0000a838  _theta                      
1     0000a83a  _V_C                        
1     0000a83c  _U_sci                      
1     0000a83e  _T3                         
1     0000a840  _U_FBKd                     
1     0000a842  _T1                         
1     0000a844  _T2                         
1     0000a846  _omega_tmp                  
1     0000a848  _omega_g                    
1     0000a84a  _omega_n                    
1     0000a84c  _omega_r                    
1     0000a84e  _omega                      
1     0000a850  _I_main_tmp                 
1     0000a852  _ID_tmp                     
1     0000a854  _V_B                        
1     0000a856  _Usys_tmp                   
1     0000a858  _IA_tmp                     
1     0000a85a  _IC_tmp                     
1     0000a85c  _IB_tmp                     
1     0000a85e  _RX_FRAME                   
1     0000a864  _g_sIpcController2          
1     0000a872  _g_sIpcController1          
1     0000a880  _TX_FRAME                   
1     0000a890  _TX_UPLOAD                  
1     0000a8c0  _McomData                   
1     0000a900  _usCPU02Buffer              
1     0000a980  _rdataA_head                
1     0000a983  _rdataA_tail                
1     0000a987  _tdataA                     
1     0000a9c0  _rdataA                     
1     0000aa00  _MCBSP                      
1     0000aa04  _I2C                        
1     0000aa08  _SCI                        
1     0000aa0c  _SDFM                       
1     0000aa12  _EQEP                       
1     0000aa1a  _SPI                        
1     0000aa22  _ECAP                       
1     0000aa40  _EPWM                       
1     0000aa5a  _CpuTimer2                  
1     0000aa62  _CpuTimer1                  
1     0000aa6a  _CpuTimer0                  
1     0000aa72  ___TI_cleanup_ptr           
1     0000aa74  ___TI_dtors_ptr             
1     0000aa76  __lock                      
1     0000aa78  __unlock                    
1     0003f800  _g_asIPCCPU2toCPU1Buffers   
1     0003f880  _g_usPutWriteIndexes        
1     0003f884  _g_usGetReadIndexes         
1     00047000  _Emif1Regs                  
1     00047800  _Emif2Regs                  
1     00050000  _IpcRegs                    
1     00050024  _FlashPumpSemaphoreRegs     
1     0005d200  _ClkCfgRegs                 
1     0005d300  _CpuSysRegs                 
1     0005f000  _DcsmZ1Regs                 
1     0005f040  _DcsmZ2Regs                 
1     0005f070  _DcsmCommonRegs             
1     0005f400  _MemCfgRegs                 
1     0005f480  _Emif1ConfigRegs            
1     0005f4c0  _AccessProtectionRegs       
1     0005f500  _MemoryErrorRegs            
1     0005f800  _Flash0CtrlRegs             
1     0005fb00  _Flash0EccRegs              
1     00078000  _DcsmZ1Otp                  
1     00078200  _DcsmZ2Otp                  
abs   0000004c  _RamfuncsLoadSize           
abs   0000004c  _RamfuncsRunSize            
abs   00000400  __STACK_SIZE                
abs   ffffffff  ___binit__                  
abs   ffffffff  ___c_args__                 
abs   ffffffff  ___pinit__                  
abs   ffffffff  binit                       
abs   ffffffff  pinit                       

[411 symbols]
